 MFC42UD

 Timestamp is 32f2491a (Fri Jan 31 11:33:46 1997)

 Preferred load address is 5f800000

 Start         Length     Name                   Class
 0001:00000000 00014f38H .text                   CODE
 0001:00014f40 000067f3H .text$AFX_AUX           CODE
 0001:0001b740 00007cd6H .text$AFX_COL1          CODE
 0001:00023420 00004568H .text$AFX_COL2          CODE
 0001:00027990 00014600H .text$AFX_CORE1         CODE
 0001:0003bf90 0000debfH .text$AFX_CORE2         CODE
 0001:00049e50 00016fbfH .text$AFX_CORE3         CODE
 0001:00060e10 000131fdH .text$AFX_CORE4         CODE
 0001:00074010 000048aeH .text$AFX_DBG1          CODE
 0001:000788c0 0000c8dbH .text$AFX_DBG2          CODE
 0001:000851a0 0000ab9bH .text$AFX_INIT          CODE
 0001:0008fd40 0000090fH .text$AFX_MAPI          CODE
 0001:00090650 000073ecH .text$AFX_PRNT          CODE
 0001:00097a40 000005e4H .text$AFX_TERM          CODE
 0001:00098030 000043cdH .text$AFX_VDEL          CODE
 0001:0009c400 0000348eH .text$x                 CODE
 0002:00000000 000108bdH .rdata                  DATA
 0002:000108c0 000033d4H .rdata$r                DATA
 0002:00013c98 00005590H .xdata$x                DATA
 0002:00019230 000048ffH .edata                  DATA
 0003:00000000 00000004H .CRT$XCA                DATA
 0003:00000004 0000000cH .CRT$XCC                DATA
 0003:00000010 00000028H .CRT$XCL                DATA
 0003:00000038 00000094H .CRT$XCU                DATA
 0003:000000cc 00000004H .CRT$XCZ                DATA
 0003:000000d0 00000004H .CRT$XIA                DATA
 0003:000000d4 00000004H .CRT$XIZ                DATA
 0003:000000e0 00001eb0H .data                   DATA
 0003:00001f90 00002244H .bss                    DATA
 0004:00000000 00000050H .idata$2                DATA
 0004:00000050 00000014H .idata$3                DATA
 0004:00000064 00000a00H .idata$4                DATA
 0004:00000a64 00000a00H .idata$5                DATA
 0004:00001464 000028b8H .idata$6                DATA
 0005:00000000 00000e98H .rsrc$01                DATA
 0005:00000ea0 00006460H .rsrc$02                DATA

  Address         Publics by Value              Rva+Base   Lib:Object

 0001:00000000       ?AddHead@?$CTypedSimpleList@PAUCRuntimeClass@@@@QAEXPAUCRuntimeClass@@@Z 5f801000 f objcore.obj
 0001:00000020       ??B?$CTypedSimpleList@PAUCRuntimeClass@@@@QAEPAUCRuntimeClass@@XZ 5f801020 f objcore.obj
 0001:00000040       ?GetHead@CSimpleList@@QBEPAXXZ 5f801040 f objcore.obj
 0001:00000050       ??B?$CTypedSimpleList@PAVCDynLinkLibrary@@@@QAEPAVCDynLinkLibrary@@XZ 5f801050 f objcore.obj
 0001:00000070       ??C?$CThreadLocal@V_AFX_THREAD_STATE@@@@QAEPAV_AFX_THREAD_STATE@@XZ 5f801070 f except.obj
 0001:00000090       ?GetData@?$CThreadLocal@V_AFX_THREAD_STATE@@@@QAEPAV_AFX_THREAD_STATE@@XZ 5f801090 f except.obj
 0001:000000e0       ?CreateObject@?$CThreadLocal@V_AFX_THREAD_STATE@@@@SGPAVCNoTrackObject@@XZ 5f8010e0 f except.obj
 0001:00000150       ??0CArchiveStream@@QAE@PAVCArchive@@@Z 5f801150 f arcstrm.obj
 0001:0000017a       ?AddRef@CArchiveStream@@UAGKXZ 5f80117a f arcstrm.obj
 0001:00000186       ?Release@CArchiveStream@@UAGKXZ 5f801186 f arcstrm.obj
 0001:0000018f       ?QueryInterface@CArchiveStream@@UAGJABU_GUID@@PAPAX@Z 5f80118f f arcstrm.obj
 0001:000001d1       ?Read@CArchiveStream@@UAGJPAXKPAK@Z 5f8011d1 f arcstrm.obj
 0001:000002d1       ?Write@CArchiveStream@@UAGJPBXKPAK@Z 5f8012d1 f arcstrm.obj
 0001:000003d4       ?Seek@CArchiveStream@@UAGJT_LARGE_INTEGER@@KPAT_ULARGE_INTEGER@@@Z 5f8013d4 f arcstrm.obj
 0001:000004fd       ?SetSize@CArchiveStream@@UAGJT_ULARGE_INTEGER@@@Z 5f8014fd f arcstrm.obj
 0001:00000509       ?CopyTo@CArchiveStream@@UAGJPAUIStream@@T_ULARGE_INTEGER@@PAT3@2@Z 5f801509 f arcstrm.obj
 0001:00000515       ?Commit@CArchiveStream@@UAGJK@Z 5f801515 f arcstrm.obj
 0001:00000521       ?Revert@CArchiveStream@@UAGJXZ 5f801521 f arcstrm.obj
 0001:0000052d       ?LockRegion@CArchiveStream@@UAGJT_ULARGE_INTEGER@@0K@Z 5f80152d f arcstrm.obj
 0001:00000539       ?UnlockRegion@CArchiveStream@@UAGJT_ULARGE_INTEGER@@0K@Z 5f801539 f arcstrm.obj
 0001:00000545       ?Stat@CArchiveStream@@UAGJPAUtagSTATSTG@@K@Z 5f801545 f arcstrm.obj
 0001:00000551       ?Clone@CArchiveStream@@UAGJPAPAUIStream@@@Z 5f801551 f arcstrm.obj
 0001:00000560       ??0IStream@@QAE@XZ         5f801560 f arcstrm.obj
 0001:00000580       ??0ISequentialStream@@QAE@XZ 5f801580 f arcstrm.obj
 0001:000005a0       ??0IUnknown@@QAE@XZ        5f8015a0 f arcstrm.obj
 0001:000005c0       ??8@YAHABU_GUID@@0@Z       5f8015c0 f arcstrm.obj
 0001:000005e0       ??1CNoTrackObject@@UAE@XZ  5f8015e0 f dumpinit.obj
 0001:00000600       ??_ECNoTrackObject@@UAEPAXI@Z 5f801600 f dumpinit.obj
 0001:00000600       ??_GCNoTrackObject@@UAEPAXI@Z 5f801600 f dumpinit.obj
 0001:00000630       ?GetData@?$CProcessLocal@V_AFX_DEBUG_STATE@@@@QAEPAV_AFX_DEBUG_STATE@@XZ 5f801630 f dumpinit.obj
 0001:00000680       ?CreateObject@?$CProcessLocal@V_AFX_DEBUG_STATE@@@@SGPAVCNoTrackObject@@XZ 5f801680 f dumpinit.obj
 0001:000006f0       ??0CNoTrackObject@@QAE@XZ  5f8016f0 f dumpinit.obj
 0001:00000710       ?DrawState@@YGHPAUHDC__@@PAUHBRUSH__@@P6GH0JIHH@ZJIHHHHI@Z 5f801710 f afxinl2.obj
 0001:00000750       ?GetNextWindow@@YAPAUHWND__@@PAU1@I@Z 5f801750 f afxinl3.obj
 0001:00000770       __wcsinc                   5f801770 f filecore.obj
 0001:00000780       ?T2COLE@@YAPBGPBG@Z        5f801780 f filecore.obj
 0001:00000790       ??0AFX_COM@@QAE@XZ         5f801790 f filecore.obj
 0001:000007b0       ?data@CStringData@@QAEPAGXZ 5f8017b0 f strcore.obj
 0001:000007d0       ?wcschr@@YAPAGPAGG@Z       5f8017d0 f strcore.obj
 0001:000007f0       ?wcspbrk@@YAPAGPAGPBG@Z    5f8017f0 f strcore.obj
 0001:00000810       ?wcsrchr@@YAPAGPAGG@Z      5f801810 f strex.obj
 0001:00000830       ?wcsstr@@YAPAGPAGPBG@Z     5f801830 f strex.obj
 0001:00000850       __tclen                    5f801850 f strex.obj
 0001:00000860       ?Construct@CSimpleList@@QAEXH@Z 5f801860 f afxstate.obj
 0001:000008a0       ??0CTypeLibCache@@QAE@XZ   5f8018a0 f afxstate.obj
 0001:000008e0       ??0?$CTypedSimpleList@PAVCFrameWnd@@@@QAE@H@Z 5f8018e0 f afxstate.obj
 0001:00000900       ??0CSimpleList@@QAE@H@Z    5f801900 f afxstate.obj
 0001:00000930       ??0?$CTypedSimpleList@PAUCRuntimeClass@@@@QAE@H@Z 5f801930 f afxstate.obj
 0001:00000950       ??0?$CTypedSimpleList@PAVCOleObjectFactory@@@@QAE@H@Z 5f801950 f afxstate.obj
 0001:00000970       ??0?$CTypedSimpleList@PAVCDynLinkLibrary@@@@QAE@H@Z 5f801970 f afxstate.obj
 0001:00000990       ??0?$CTypedSimpleList@PAVCOleControlLock@@@@QAE@H@Z 5f801990 f afxstate.obj
 0001:000009b0       ?GetData@?$CThreadLocal@VAFX_MODULE_THREAD_STATE@@@@QAEPAVAFX_MODULE_THREAD_STATE@@XZ 5f8019b0 f afxstate.obj
 0001:00000a00       ?CreateObject@?$CThreadLocal@VAFX_MODULE_THREAD_STATE@@@@SGPAVCNoTrackObject@@XZ 5f801a00 f afxstate.obj
 0001:00000a70       ??B?$CThreadLocal@V_AFX_THREAD_STATE@@@@QAEPAV_AFX_THREAD_STATE@@XZ 5f801a70 f afxstate.obj
 0001:00000a90       ??1CHandleMap@@QAE@XZ      5f801a90 f afxstate.obj
 0001:00000af0       ??2@YAPAXIPAX@Z            5f801af0 f afxstate.obj
 0001:00000b00       ?GetNextPtr@CSimpleList@@QBEPAPAXPAX@Z 5f801b00 f afxtls.obj
 0001:00000b40       ??0?$CTypedSimpleList@PAUCThreadData@@@@QAE@H@Z 5f801b40 f afxtls.obj
 0001:00000b60       ?AddHead@?$CTypedSimpleList@PAUCThreadData@@@@QAEXPAUCThreadData@@@Z 5f801b60 f afxtls.obj
 0001:00000b80       ??B?$CTypedSimpleList@PAUCThreadData@@@@QAEPAUCThreadData@@XZ 5f801b80 f afxtls.obj
 0001:00000ba0       ?Remove@?$CTypedSimpleList@PAUCThreadData@@@@QAEHPAUCThreadData@@@Z 5f801ba0 f afxtls.obj
 0001:00000bc0       ??2CThreadSlotData@@SGPAXIPAX@Z 5f801bc0 f afxtls.obj
 0001:00000bd0       ??0CSyncObject@@QAE@PBG@Z  5f801bd0 f mtcore.obj
 0001:00000c46       ??1CSyncObject@@UAE@XZ     5f801c46 f mtcore.obj
 0001:00000cbe       ?Lock@CSyncObject@@UAEHK@Z 5f801cbe f mtcore.obj
 0001:00000ce9       ?Dump@CSyncObject@@UBEXAAVCDumpContext@@@Z 5f801ce9 f mtcore.obj
 0001:00000d44       ?AssertValid@CSyncObject@@UBEXXZ 5f801d44 f mtcore.obj
 0001:00000d57       ??BCSyncObject@@QBEPAXXZ   5f801d57 f mtcore.obj
 0001:00000d68       ?Unlock@CSemaphore@@UAEHXZ 5f801d68 f mtcore.obj
 0001:00000d82       ?SetEvent@CEvent@@QAEHXZ   5f801d82 f mtcore.obj
 0001:00000dc0       ?PulseEvent@CEvent@@QAEHXZ 5f801dc0 f mtcore.obj
 0001:00000dfe       ?ResetEvent@CEvent@@QAEHXZ 5f801dfe f mtcore.obj
 0001:00000e3c       ??1CSingleLock@@QAE@XZ     5f801e3c f mtcore.obj
 0001:00000e4f       ?IsLocked@CSingleLock@@QAEHXZ 5f801e4f f mtcore.obj
 0001:00000e60       ?IsLocked@CMultiLock@@QAEHK@Z 5f801e60 f mtcore.obj
 0001:00000ea7       ??0CCriticalSection@@QAE@XZ 5f801ea7 f mtcore.obj
 0001:00000f02       ??BCCriticalSection@@QAEPAU_RTL_CRITICAL_SECTION@@XZ 5f801f02 f mtcore.obj
 0001:00000f13       ??1CCriticalSection@@UAE@XZ 5f801f13 f mtcore.obj
 0001:00000f69       ?Lock@CCriticalSection@@QAEHXZ 5f801f69 f mtcore.obj
 0001:00000f86       ?Lock@CCriticalSection@@UAEHK@Z 5f801f86 f mtcore.obj
 0001:00000f9b       ?Unlock@CCriticalSection@@UAEHXZ 5f801f9b f mtcore.obj
 0001:00000fc0       ??_GCSyncObject@@UAEPAXI@Z 5f801fc0 f mtcore.obj
 0001:00000fc0       ??_ECSyncObject@@UAEPAXI@Z 5f801fc0 f mtcore.obj
 0001:00000ff0       ??_GCCriticalSection@@UAEPAXI@Z 5f801ff0 f mtcore.obj
 0001:00001020       ?Unlock@CSyncObject@@UAEHJPAJ@Z 5f802020 f mtcore.obj
 0001:00001040       ??0CSemaphore@@QAE@JJPBGPAU_SECURITY_ATTRIBUTES@@@Z 5f802040 f mtex.obj
 0001:000010fe       ??1CSemaphore@@UAE@XZ      5f8020fe f mtex.obj
 0001:0000111a       ?Unlock@CSemaphore@@UAEHJPAJ@Z 5f80211a f mtex.obj
 0001:0000113c       ??0CMutex@@QAE@HPBGPAU_SECURITY_ATTRIBUTES@@@Z 5f80213c f mtex.obj
 0001:000011b4       ??1CMutex@@UAE@XZ          5f8021b4 f mtex.obj
 0001:000011d0       ?Unlock@CMutex@@UAEHXZ     5f8021d0 f mtex.obj
 0001:000011e8       ??0CEvent@@QAE@HHPBGPAU_SECURITY_ATTRIBUTES@@@Z 5f8021e8 f mtex.obj
 0001:00001264       ??1CEvent@@UAE@XZ          5f802264 f mtex.obj
 0001:00001280       ?Unlock@CEvent@@UAEHXZ     5f802280 f mtex.obj
 0001:00001290       ??0CSingleLock@@QAE@PAVCSyncObject@@H@Z 5f802290 f mtex.obj
 0001:00001319       ?Lock@CSingleLock@@QAEHK@Z 5f802319 f mtex.obj
 0001:00001393       ?Unlock@CSingleLock@@QAEHXZ 5f802393 f mtex.obj
 0001:000013f2       ?Unlock@CSingleLock@@QAEHJPAJ@Z 5f8023f2 f mtex.obj
 0001:0000145b       ??0CMultiLock@@QAE@QAPAVCSyncObject@@KH@Z 5f80245b f mtex.obj
 0001:0000160c       ??1CMultiLock@@QAE@XZ      5f80260c f mtex.obj
 0001:00001656       ?Lock@CMultiLock@@QAEKKHK@Z 5f802656 f mtex.obj
 0001:00001730       ?Unlock@CMultiLock@@QAEHXZ 5f802730 f mtex.obj
 0001:0000179e       ?Unlock@CMultiLock@@QAEHJPAJ@Z 5f80279e f mtex.obj
 0001:00001850       ??_GCSemaphore@@UAEPAXI@Z  5f802850 f mtex.obj
 0001:00001880       ??_GCMutex@@UAEPAXI@Z      5f802880 f mtex.obj
 0001:000018b0       ??_GCEvent@@UAEPAXI@Z      5f8028b0 f mtex.obj
 0001:000018e0       ??B?$CProcessLocal@V_AFX_WIN_STATE@@@@QAEPAV_AFX_WIN_STATE@@XZ 5f8028e0 f wincore.obj
 0001:00001900       ?GetData@?$CProcessLocal@V_AFX_WIN_STATE@@@@QAEPAV_AFX_WIN_STATE@@XZ 5f802900 f wincore.obj
 0001:00001950       ?CreateObject@?$CProcessLocal@V_AFX_WIN_STATE@@@@SGPAVCNoTrackObject@@XZ 5f802950 f wincore.obj
 0001:000019c0       ?GetDataNA@?$CProcessLocal@V_AFX_CTL3D_STATE@@@@QAEPAV_AFX_CTL3D_STATE@@XZ 5f8029c0 f wincore.obj
 0001:000019d0       ?LookupPermanent@CHandleMap@@QAEPAVCObject@@PAX@Z 5f8029d0 f wincore.obj
 0001:000019f0       ?LookupTemporary@CHandleMap@@QAEPAVCObject@@PAX@Z 5f8029f0 f wincore.obj
 0001:00001a10       ??B?$CProcessLocal@V_AFX_CTL3D_STATE@@@@QAEPAV_AFX_CTL3D_STATE@@XZ 5f802a10 f wincore.obj
 0001:00001a30       ?GetData@?$CProcessLocal@V_AFX_CTL3D_STATE@@@@QAEPAV_AFX_CTL3D_STATE@@XZ 5f802a30 f wincore.obj
 0001:00001a80       ?CreateObject@?$CProcessLocal@V_AFX_CTL3D_STATE@@@@SGPAVCNoTrackObject@@XZ 5f802a80 f wincore.obj
 0001:00001af0       ??0_AFX_CTL3D_STATE@@QAE@XZ 5f802af0 f wincore.obj
 0001:00001b10       ??_G_AFX_CTL3D_STATE@@UAEPAXI@Z 5f802b10 f wincore.obj
 0001:00001b10       ??_E_AFX_CTL3D_STATE@@UAEPAXI@Z 5f802b10 f wincore.obj
 0001:00001b40       ?UnlockResource@@YGHPAX@Z  5f802b40 f wincore.obj
 0001:00001b50       ?AddHead@?$CTypedSimpleList@PAVCFrameWnd@@@@QAEXPAVCFrameWnd@@@Z 5f802b50 f winfrm.obj
 0001:00001b70       ?Remove@?$CTypedSimpleList@PAVCFrameWnd@@@@QAEHPAVCFrameWnd@@@Z 5f802b70 f winfrm.obj
 0001:00001b90       ??B?$CThreadLocal@VAFX_MODULE_THREAD_STATE@@@@QAEPAVAFX_MODULE_THREAD_STATE@@XZ 5f802b90 f winfrm.obj
 0001:00001bb0       ?GetWindowTask@@YAPAUHTASK__@@PAUHWND__@@@Z 5f802bb0 f winfrmx.obj
 0001:00001bd0       ?_GetBaseMessageMap@CToolTipCtrl@@KGPBUAFX_MSGMAP@@XZ 5f802bd0 f tooltip.obj
 0001:00001bda       ?GetMessageMap@CToolTipCtrl@@MBEPBUAFX_MSGMAP@@XZ 5f802bda f tooltip.obj
 0001:00001bea       ??0CToolTipCtrl@@QAE@XZ    5f802bea f tooltip.obj
 0001:00001c43       ?Create@CToolTipCtrl@@QAEHPAVCWnd@@K@Z 5f802c43 f tooltip.obj
 0001:00001ca5       ??1CToolTipCtrl@@UAE@XZ    5f802ca5 f tooltip.obj
 0001:00001d05       ?DestroyToolTipCtrl@CToolTipCtrl@@QAEHXZ 5f802d05 f tooltip.obj
 0001:00001d64       ?OnAddTool@CToolTipCtrl@@IAEJIJ@Z 5f802d64 f tooltip.obj
 0001:00001e09       ?OnDisableModal@CToolTipCtrl@@IAEJIJ@Z 5f802e09 f tooltip.obj
 0001:00001e29       ?OnWindowFromPoint@CToolTipCtrl@@IAEJIJ@Z 5f802e29 f tooltip.obj
 0001:00001f05       ?AddTool@CToolTipCtrl@@QAEHPAVCWnd@@PBGPBUtagRECT@@I@Z 5f802f05 f tooltip.obj
 0001:00001ff5       ?AddTool@CToolTipCtrl@@QAEHPAVCWnd@@IPBUtagRECT@@I@Z 5f802ff5 f tooltip.obj
 0001:00002131       ?DelTool@CToolTipCtrl@@QAEXPAVCWnd@@I@Z 5f803131 f tooltip.obj
 0001:000021bd       ?GetText@CToolTipCtrl@@QBEXAAVCString@@PAVCWnd@@I@Z 5f8031bd f tooltip.obj
 0001:00002263       ?GetToolInfo@CToolTipCtrl@@QBEHAAVCToolInfo@@PAVCWnd@@I@Z 5f803263 f tooltip.obj
 0001:000022f9       ?HitTest@CToolTipCtrl@@QBEHPAVCWnd@@VCPoint@@PAUtagTOOLINFOW@@@Z 5f8032f9 f tooltip.obj
 0001:000023de       ?SetToolRect@CToolTipCtrl@@QAEXPAVCWnd@@IPBUtagRECT@@@Z 5f8033de f tooltip.obj
 0001:0000249c       ?UpdateTipText@CToolTipCtrl@@QAEXPBGPAVCWnd@@I@Z 5f80349c f tooltip.obj
 0001:0000252e       ?UpdateTipText@CToolTipCtrl@@QAEXIPAVCWnd@@I@Z 5f80352e f tooltip.obj
 0001:000025e3       ?FillInToolInfo@CToolTipCtrl@@QBEXAAUtagTOOLINFOW@@PAVCWnd@@I@Z 5f8035e3 f tooltip.obj
 0001:0000265d       ?EnableToolTips@CWnd@@QAEHH@Z 5f80365d f tooltip.obj
 0001:00002751       ?_FilterToolTipMessage@CWnd@@SGXPAUtagMSG@@PAV1@@Z 5f803751 f tooltip.obj
 0001:00002764       ?FilterToolTipMessage@CWnd@@QAEXPAUtagMSG@@@Z 5f803764 f tooltip.obj
 0001:00002d40       ??_GCToolTipCtrl@@UAEPAXI@Z 5f803d40 f tooltip.obj
 0001:00002d70       ??1CDragListBox@@UAE@XZ    5f803d70 f winctrl2.obj
 0001:00002dc1       ?PreSubclassWindow@CDragListBox@@UAEXXZ 5f803dc1 f winctrl2.obj
 0001:00002e2d       ?BeginDrag@CDragListBox@@UAEHVCPoint@@@Z 5f803e2d f winctrl2.obj
 0001:00002e6a       ?CancelDrag@CDragListBox@@UAEXVCPoint@@@Z 5f803e6a f winctrl2.obj
 0001:00002e87       ?Dragging@CDragListBox@@UAEIVCPoint@@@Z 5f803e87 f winctrl2.obj
 0001:00002edf       ?Dropped@CDragListBox@@UAEXHVCPoint@@@Z 5f803edf f winctrl2.obj
 0001:00003024       ?DrawInsert@CDragListBox@@UAEXH@Z 5f804024 f winctrl2.obj
 0001:00003060       ?DrawSingle@CDragListBox@@QAEXH@Z 5f804060 f winctrl2.obj
 0001:00003166       ?OnChildNotify@CDragListBox@@MAEHIIJPAJ@Z 5f804166 f winctrl2.obj
 0001:000032cb       ?_GetBaseMessageMap@CToolBarCtrl@@KGPBUAFX_MSGMAP@@XZ 5f8042cb f winctrl2.obj
 0001:000032d5       ?GetMessageMap@CToolBarCtrl@@MBEPBUAFX_MSGMAP@@XZ 5f8042d5 f winctrl2.obj
 0001:000032e5       ?Create@CToolBarCtrl@@QAEHKABUtagRECT@@PAVCWnd@@I@Z 5f8042e5 f winctrl2.obj
 0001:00003367       ??1CToolBarCtrl@@UAE@XZ    5f804367 f winctrl2.obj
 0001:000033b8       ?AddBitmap@CToolBarCtrl@@QAEHHPAVCBitmap@@@Z 5f8043b8 f winctrl2.obj
 0001:00003424       ?AddBitmap@CToolBarCtrl@@QAEHHI@Z 5f804424 f winctrl2.obj
 0001:000034bc       ?SaveState@CToolBarCtrl@@QAEXPAUHKEY__@@PBG1@Z 5f8044bc f winctrl2.obj
 0001:00003526       ?RestoreState@CToolBarCtrl@@QAEXPAUHKEY__@@PBG1@Z 5f804526 f winctrl2.obj
 0001:00003590       ?AddString@CToolBarCtrl@@QAEHI@Z 5f804590 f winctrl2.obj
 0001:0000362d       ?OnCreate@CToolBarCtrl@@IAEHPAUtagCREATESTRUCTW@@@Z 5f80462d f winctrl2.obj
 0001:0000365c       ?Create@CStatusBarCtrl@@QAEHKABUtagRECT@@PAVCWnd@@I@Z 5f80465c f winctrl2.obj
 0001:000036de       ??1CStatusBarCtrl@@UAE@XZ  5f8046de f winctrl2.obj
 0001:0000372f       ?GetText@CStatusBarCtrl@@QBEHPBGHPAH@Z 5f80472f f winctrl2.obj
 0001:000037d4       ?GetText@CStatusBarCtrl@@QBE?AVCString@@HPAH@Z 5f8047d4 f winctrl2.obj
 0001:00003900       ?GetTextLength@CStatusBarCtrl@@QBEHHPAH@Z 5f804900 f winctrl2.obj
 0001:000039a3       ?GetBorders@CStatusBarCtrl@@QBEHAAH00@Z 5f8049a3 f winctrl2.obj
 0001:00003a1f       ?DrawItem@CStatusBarCtrl@@UAEXPAUtagDRAWITEMSTRUCT@@@Z 5f804a1f f winctrl2.obj
 0001:00003a55       ?OnChildNotify@CStatusBarCtrl@@MAEHIIJPAJ@Z 5f804a55 f winctrl2.obj
 0001:00003abf       ?_GetBaseMessageMap@CListCtrl@@KGPBUAFX_MSGMAP@@XZ 5f804abf f winctrl2.obj
 0001:00003ac9       ?GetMessageMap@CListCtrl@@MBEPBUAFX_MSGMAP@@XZ 5f804ac9 f winctrl2.obj
 0001:00003ad9       ?Create@CListCtrl@@QAEHKABUtagRECT@@PAVCWnd@@I@Z 5f804ad9 f winctrl2.obj
 0001:00003b5b       ??1CListCtrl@@UAE@XZ       5f804b5b f winctrl2.obj
 0001:00003bac       ?GetItemRect@CListCtrl@@QBEHHPAUtagRECT@@I@Z 5f804bac f winctrl2.obj
 0001:00003c0c       ?InsertColumn@CListCtrl@@QAEHHPBGHHH@Z 5f804c0c f winctrl2.obj
 0001:00003c68       ?InsertItem@CListCtrl@@QAEHIHPBGIIHJ@Z 5f804c68 f winctrl2.obj
 0001:00003ce5       ?HitTest@CListCtrl@@QBEHVCPoint@@PAI@Z 5f804ce5 f winctrl2.obj
 0001:00003d5d       ?SetItem@CListCtrl@@QAEHHHIPBGHIIJ@Z 5f804d5d f winctrl2.obj
 0001:00003de5       ?GetItemText@CListCtrl@@QBE?AVCString@@HH@Z 5f804de5 f winctrl2.obj
 0001:00003eea       ?GetItemText@CListCtrl@@QBEHHHPAGH@Z 5f804eea f winctrl2.obj
 0001:00003f66       ?GetItemData@CListCtrl@@QBEKH@Z 5f804f66 f winctrl2.obj
 0001:00003ffc       ?DrawItem@CListCtrl@@UAEXPAUtagDRAWITEMSTRUCT@@@Z 5f804ffc f winctrl2.obj
 0001:00004032       ?OnChildNotify@CListCtrl@@MAEHIIJPAJ@Z 5f805032 f winctrl2.obj
 0001:0000409c       ?RemoveImageList@CListCtrl@@IAEXH@Z 5f80509c f winctrl2.obj
 0001:000040e1       ?OnNcDestroy@CListCtrl@@IAEXXZ 5f8050e1 f winctrl2.obj
 0001:00004112       ?CreateDragImage@CListCtrl@@QAEPAVCImageList@@HPAUtagPOINT@@@Z 5f805112 f winctrl2.obj
 0001:000041da       ?_GetBaseMessageMap@CTreeCtrl@@KGPBUAFX_MSGMAP@@XZ 5f8051da f winctrl2.obj
 0001:000041e4       ?GetMessageMap@CTreeCtrl@@MBEPBUAFX_MSGMAP@@XZ 5f8051e4 f winctrl2.obj
 0001:000041f4       ?Create@CTreeCtrl@@QAEHKABUtagRECT@@PAVCWnd@@I@Z 5f8051f4 f winctrl2.obj
 0001:00004276       ??1CTreeCtrl@@UAE@XZ       5f805276 f winctrl2.obj
 0001:000042c7       ?GetItemRect@CTreeCtrl@@QBEHPAU_TREEITEM@@PAUtagRECT@@H@Z 5f8052c7 f winctrl2.obj
 0001:00004327       ?GetItemText@CTreeCtrl@@QBE?AVCString@@PAU_TREEITEM@@@Z 5f805327 f winctrl2.obj
 0001:0000442b       ?GetItemImage@CTreeCtrl@@QBEHPAU_TREEITEM@@AAH1@Z 5f80542b f winctrl2.obj
 0001:000044ac       ?GetItemState@CTreeCtrl@@QBEIPAU_TREEITEM@@I@Z 5f8054ac f winctrl2.obj
 0001:0000453f       ?GetItemData@CTreeCtrl@@QBEKPAU_TREEITEM@@@Z 5f80553f f winctrl2.obj
 0001:000045c5       ?ItemHasChildren@CTreeCtrl@@QBEHPAU_TREEITEM@@@Z 5f8055c5 f winctrl2.obj
 0001:0000462d       ?SetItem@CTreeCtrl@@QAEHPAU_TREEITEM@@IPBGHHIIJ@Z 5f80562d f winctrl2.obj
 0001:000046b5       ?InsertItem@CTreeCtrl@@QAEPAU_TREEITEM@@IPBGHHIIJPAU2@1@Z 5f8056b5 f winctrl2.obj
 0001:00004743       ?HitTest@CTreeCtrl@@QBEPAU_TREEITEM@@VCPoint@@PAI@Z 5f805743 f winctrl2.obj
 0001:000047bb       ?RemoveImageList@CTreeCtrl@@IAEXH@Z 5f8057bb f winctrl2.obj
 0001:00004800       ?OnDestroy@CTreeCtrl@@QAEXXZ 5f805800 f winctrl2.obj
 0001:00004827       ?CreateDragImage@CTreeCtrl@@QAEPAVCImageList@@PAU_TREEITEM@@@Z 5f805827 f winctrl2.obj
 0001:000048ed       ?Create@CSpinButtonCtrl@@QAEHKABUtagRECT@@PAVCWnd@@I@Z 5f8058ed f winctrl2.obj
 0001:0000496f       ??1CSpinButtonCtrl@@UAE@XZ 5f80596f f winctrl2.obj
 0001:000049c0       ?GetRange@CSpinButtonCtrl@@QBEXAAH0@Z 5f8059c0 f winctrl2.obj
 0001:00004a36       ?Create@CSliderCtrl@@QAEHKABUtagRECT@@PAVCWnd@@I@Z 5f805a36 f winctrl2.obj
 0001:00004ab8       ??1CSliderCtrl@@UAE@XZ     5f805ab8 f winctrl2.obj
 0001:00004b09       ?GetRange@CSliderCtrl@@QBEXAAH0@Z 5f805b09 f winctrl2.obj
 0001:00004b61       ?SetRange@CSliderCtrl@@QAEXHHH@Z 5f805b61 f winctrl2.obj
 0001:00004b8e       ?GetSelection@CSliderCtrl@@QBEXAAH0@Z 5f805b8e f winctrl2.obj
 0001:00004c02       ?SetSelection@CSliderCtrl@@QAEXHH@Z 5f805c02 f winctrl2.obj
 0001:00004c70       ?Create@CProgressCtrl@@QAEHKABUtagRECT@@PAVCWnd@@I@Z 5f805c70 f winctrl2.obj
 0001:00004cf2       ??1CProgressCtrl@@UAE@XZ   5f805cf2 f winctrl2.obj
 0001:00004d43       ?Create@CHeaderCtrl@@QAEHKABUtagRECT@@PAVCWnd@@I@Z 5f805d43 f winctrl2.obj
 0001:00004dc5       ??1CHeaderCtrl@@UAE@XZ     5f805dc5 f winctrl2.obj
 0001:00004e16       ?DrawItem@CHeaderCtrl@@UAEXPAUtagDRAWITEMSTRUCT@@@Z 5f805e16 f winctrl2.obj
 0001:00004e4c       ?OnChildNotify@CHeaderCtrl@@MAEHIIJPAJ@Z 5f805e4c f winctrl2.obj
 0001:00004eb6       ?Create@CHotKeyCtrl@@QAEHKABUtagRECT@@PAVCWnd@@I@Z 5f805eb6 f winctrl2.obj
 0001:00004f38       ??1CHotKeyCtrl@@UAE@XZ     5f805f38 f winctrl2.obj
 0001:00004f89       ?GetHotKey@CHotKeyCtrl@@QBEXAAG0@Z 5f805f89 f winctrl2.obj
 0001:0000500a       ?_GetBaseMessageMap@CTabCtrl@@KGPBUAFX_MSGMAP@@XZ 5f80600a f winctrl2.obj
 0001:00005014       ?GetMessageMap@CTabCtrl@@MBEPBUAFX_MSGMAP@@XZ 5f806014 f winctrl2.obj
 0001:00005024       ?Create@CTabCtrl@@QAEHKABUtagRECT@@PAVCWnd@@I@Z 5f806024 f winctrl2.obj
 0001:000050a6       ??1CTabCtrl@@UAE@XZ        5f8060a6 f winctrl2.obj
 0001:000050f7       ?DrawItem@CTabCtrl@@UAEXPAUtagDRAWITEMSTRUCT@@@Z 5f8060f7 f winctrl2.obj
 0001:0000512d       ?OnChildNotify@CTabCtrl@@MAEHIIJPAJ@Z 5f80612d f winctrl2.obj
 0001:00005197       ?OnDestroy@CTabCtrl@@IAEXXZ 5f806197 f winctrl2.obj
 0001:000051de       ?Create@CAnimateCtrl@@QAEHKABUtagRECT@@PAVCWnd@@I@Z 5f8061de f winctrl2.obj
 0001:00005260       ??1CAnimateCtrl@@UAE@XZ    5f806260 f winctrl2.obj
 0001:000052b1       ??1CRichEditCtrl@@UAE@XZ   5f8062b1 f winctrl2.obj
 0001:00005302       ??0CImageList@@QAE@XZ      5f806302 f winctrl2.obj
 0001:0000532b       ??1CImageList@@UAE@XZ      5f80632b f winctrl2.obj
 0001:0000537c       ?Detach@CImageList@@QAEPAU_IMAGELIST@@XZ 5f80637c f winctrl2.obj
 0001:0000545a       ?DeleteImageList@CImageList@@QAEHXZ 5f80645a f winctrl2.obj
 0001:00005481       ?DeleteTempMap@CImageList@@SGXXZ 5f806481 f winctrl2.obj
 0001:000054a4       ?FromHandle@CImageList@@SGPAV1@PAU_IMAGELIST@@@Z 5f8064a4 f winctrl2.obj
 0001:00005520       ?FromHandlePermanent@CImageList@@SGPAV1@PAU_IMAGELIST@@@Z 5f806520 f winctrl2.obj
 0001:00005589       ?Create@CImageList@@QAEHHHIHH@Z 5f806589 f winctrl2.obj
 0001:000055b9       ?Create@CImageList@@QAEHIHHK@Z 5f8065b9 f winctrl2.obj
 0001:00005629       ?Create@CImageList@@QAEHPBGHHK@Z 5f806629 f winctrl2.obj
 0001:00005665       ?Create@CImageList@@QAEHAAV1@H0HHH@Z 5f806665 f winctrl2.obj
 0001:0000569f       ?Attach@CImageList@@QAEHPAU_IMAGELIST@@@Z 5f80669f f winctrl2.obj
 0001:00005753       ?Read@CImageList@@QAEHPAVCArchive@@@Z 5f806753 f winctrl2.obj
 0001:000057f9       ?Write@CImageList@@QAEHPAVCArchive@@@Z 5f8067f9 f winctrl2.obj
 0001:00005894       ?Dump@CImageList@@UBEXAAVCDumpContext@@@Z 5f806894 f winctrl2.obj
 0001:000058d5       ?AssertValid@CImageList@@UBEXXZ 5f8068d5 f winctrl2.obj
 0001:00005997       ??0CDragListBox@@QAE@XZ    5f806997 f winctrl2.obj
 0001:000059c0       ?ItemFromPt@CDragListBox@@QBEHVCPoint@@H@Z 5f8069c0 f winctrl2.obj
 0001:00005a22       ??0CToolBarCtrl@@QAE@XZ    5f806a22 f winctrl2.obj
 0001:00005a41       ?EnableButton@CToolBarCtrl@@QAEHHH@Z 5f806a41 f winctrl2.obj
 0001:00005a9b       ?CheckButton@CToolBarCtrl@@QAEHHH@Z 5f806a9b f winctrl2.obj
 0001:00005af5       ?PressButton@CToolBarCtrl@@QAEHHH@Z 5f806af5 f winctrl2.obj
 0001:00005b4f       ?HideButton@CToolBarCtrl@@QAEHHH@Z 5f806b4f f winctrl2.obj
 0001:00005ba9       ?Indeterminate@CToolBarCtrl@@QAEHHH@Z 5f806ba9 f winctrl2.obj
 0001:00005c03       ?IsButtonEnabled@CToolBarCtrl@@QBEHH@Z 5f806c03 f winctrl2.obj
 0001:00005c56       ?IsButtonChecked@CToolBarCtrl@@QBEHH@Z 5f806c56 f winctrl2.obj
 0001:00005ca9       ?IsButtonPressed@CToolBarCtrl@@QBEHH@Z 5f806ca9 f winctrl2.obj
 0001:00005cfc       ?IsButtonHidden@CToolBarCtrl@@QBEHH@Z 5f806cfc f winctrl2.obj
 0001:00005d4f       ?IsButtonIndeterminate@CToolBarCtrl@@QBEHH@Z 5f806d4f f winctrl2.obj
 0001:00005da2       ?SetState@CToolBarCtrl@@QAEHHI@Z 5f806da2 f winctrl2.obj
 0001:00005dfc       ?GetState@CToolBarCtrl@@QBEHH@Z 5f806dfc f winctrl2.obj
 0001:00005e4f       ?AddButtons@CToolBarCtrl@@QAEHHPAU_TBBUTTON@@@Z 5f806e4f f winctrl2.obj
 0001:00005ea4       ?InsertButton@CToolBarCtrl@@QAEHHPAU_TBBUTTON@@@Z 5f806ea4 f winctrl2.obj
 0001:00005ef9       ?DeleteButton@CToolBarCtrl@@QAEHH@Z 5f806ef9 f winctrl2.obj
 0001:00005f4c       ?GetButton@CToolBarCtrl@@QBEHHPAU_TBBUTTON@@@Z 5f806f4c f winctrl2.obj
 0001:00005fa1       ?GetButtonCount@CToolBarCtrl@@QBEHXZ 5f806fa1 f winctrl2.obj
 0001:00005ff0       ?CommandToIndex@CToolBarCtrl@@QBEII@Z 5f806ff0 f winctrl2.obj
 0001:00006043       ?Customize@CToolBarCtrl@@QAEXXZ 5f807043 f winctrl2.obj
 0001:00006092       ?AddStrings@CToolBarCtrl@@QAEHPBG@Z 5f807092 f winctrl2.obj
 0001:000060e5       ?GetItemRect@CToolBarCtrl@@QBEHHPAUtagRECT@@@Z 5f8070e5 f winctrl2.obj
 0001:0000613a       ?SetButtonStructSize@CToolBarCtrl@@QAEXH@Z 5f80713a f winctrl2.obj
 0001:0000618d       ?SetButtonSize@CToolBarCtrl@@QAEHVCSize@@@Z 5f80718d f winctrl2.obj
 0001:000061f3       ?SetBitmapSize@CToolBarCtrl@@QAEHVCSize@@@Z 5f8071f3 f winctrl2.obj
 0001:00006259       ?AutoSize@CToolBarCtrl@@QAEXXZ 5f807259 f winctrl2.obj
 0001:000062a8       ?GetToolTips@CToolBarCtrl@@QBEPAVCToolTipCtrl@@XZ 5f8072a8 f winctrl2.obj
 0001:000062fd       ?SetToolTips@CToolBarCtrl@@QAEXPAVCToolTipCtrl@@@Z 5f8072fd f winctrl2.obj
 0001:00006353       ?SetOwner@CToolBarCtrl@@QAEXPAVCWnd@@@Z 5f807353 f winctrl2.obj
 0001:000063a9       ?SetRows@CToolBarCtrl@@QAEXHHPAUtagRECT@@@Z 5f8073a9 f winctrl2.obj
 0001:00006412       ?GetRows@CToolBarCtrl@@QBEHXZ 5f807412 f winctrl2.obj
 0001:00006461       ?SetCmdID@CToolBarCtrl@@QAEHHI@Z 5f807461 f winctrl2.obj
 0001:000064b6       ?GetBitmapFlags@CToolBarCtrl@@QBEIXZ 5f8074b6 f winctrl2.obj
 0001:00006505       ??0CStatusBarCtrl@@QAE@XZ  5f807505 f winctrl2.obj
 0001:00006524       ?SetText@CStatusBarCtrl@@QAEHPBGHH@Z 5f807524 f winctrl2.obj
 0001:0000659c       ?SetParts@CStatusBarCtrl@@QAEHHPAH@Z 5f80759c f winctrl2.obj
 0001:000065f1       ?GetParts@CStatusBarCtrl@@QBEHHPAH@Z 5f8075f1 f winctrl2.obj
 0001:00006646       ?GetBorders@CStatusBarCtrl@@QBEHPAH@Z 5f807646 f winctrl2.obj
 0001:00006699       ?SetMinHeight@CStatusBarCtrl@@QAEXH@Z 5f807699 f winctrl2.obj
 0001:000066ec       ?SetSimple@CStatusBarCtrl@@QAEHH@Z 5f8076ec f winctrl2.obj
 0001:0000673f       ?GetRect@CStatusBarCtrl@@QBEHHPAUtagRECT@@@Z 5f80773f f winctrl2.obj
 0001:00006794       ??0CListCtrl@@QAE@XZ       5f807794 f winctrl2.obj
 0001:000067b3       ?GetBkColor@CListCtrl@@QBEKXZ 5f8077b3 f winctrl2.obj
 0001:00006802       ?SetBkColor@CListCtrl@@QAEHK@Z 5f807802 f winctrl2.obj
 0001:00006855       ?GetImageList@CListCtrl@@QBEPAVCImageList@@H@Z 5f807855 f winctrl2.obj
 0001:000068ae       ?SetImageList@CListCtrl@@QAEPAVCImageList@@PAV2@H@Z 5f8078ae f winctrl2.obj
 0001:0000690e       ?GetItemCount@CListCtrl@@QBEHXZ 5f80790e f winctrl2.obj
 0001:0000695d       ?GetItem@CListCtrl@@QBEHPAUtagLVITEMW@@@Z 5f80795d f winctrl2.obj
 0001:000069b0       ?SetItem@CListCtrl@@QAEHPBUtagLVITEMW@@@Z 5f8079b0 f winctrl2.obj
 0001:00006a03       ?SetItemState@CListCtrl@@QAEHHII@Z 5f807a03 f winctrl2.obj
 0001:00006a5f       ?SetItemText@CListCtrl@@QAEHHHPBG@Z 5f807a5f f winctrl2.obj
 0001:00006abb       ?SetItemData@CListCtrl@@QAEHHK@Z 5f807abb f winctrl2.obj
 0001:00006b15       ?InsertItem@CListCtrl@@QAEHPBUtagLVITEMW@@@Z 5f807b15 f winctrl2.obj
 0001:00006b6b       ?InsertItem@CListCtrl@@QAEHHPBG@Z 5f807b6b f winctrl2.obj
 0001:00006bc3       ?InsertItem@CListCtrl@@QAEHHPBGH@Z 5f807bc3 f winctrl2.obj
 0001:00006c1d       ?DeleteItem@CListCtrl@@QAEHH@Z 5f807c1d f winctrl2.obj
 0001:00006c73       ?DeleteAllItems@CListCtrl@@QAEHXZ 5f807c73 f winctrl2.obj
 0001:00006cc5       ?GetCallbackMask@CListCtrl@@QBEIXZ 5f807cc5 f winctrl2.obj
 0001:00006d17       ?SetCallbackMask@CListCtrl@@QAEHI@Z 5f807d17 f winctrl2.obj
 0001:00006d6d       ?GetNextItem@CListCtrl@@QBEHHH@Z 5f807d6d f winctrl2.obj
 0001:00006dca       ?FindItem@CListCtrl@@QBEHPAUtagLVFINDINFOW@@H@Z 5f807dca f winctrl2.obj
 0001:00006e22       ?HitTest@CListCtrl@@QBEHPAUtagLVHITTESTINFO@@@Z 5f807e22 f winctrl2.obj
 0001:00006e78       ?SetItemPosition@CListCtrl@@QAEHHUtagPOINT@@@Z 5f807e78 f winctrl2.obj
 0001:00006ed0       ?GetItemPosition@CListCtrl@@QBEHHPAUtagPOINT@@@Z 5f807ed0 f winctrl2.obj
 0001:00006f28       ?GetStringWidth@CListCtrl@@QBEHPBG@Z 5f807f28 f winctrl2.obj
 0001:00006f7e       ?EnsureVisible@CListCtrl@@QAEHHH@Z 5f807f7e f winctrl2.obj
 0001:00006fdb       ?Scroll@CListCtrl@@QAEHVCSize@@@Z 5f807fdb f winctrl2.obj
 0001:00007033       ?RedrawItems@CListCtrl@@QAEHHH@Z 5f808033 f winctrl2.obj
 0001:0000708b       ?Arrange@CListCtrl@@QAEHI@Z 5f80808b f winctrl2.obj
 0001:000070e1       ?EditLabel@CListCtrl@@QAEPAVCEdit@@H@Z 5f8080e1 f winctrl2.obj
 0001:0000713d       ?GetEditControl@CListCtrl@@QBEPAVCEdit@@XZ 5f80813d f winctrl2.obj
 0001:00007195       ?GetColumn@CListCtrl@@QBEHHPAUtagLVCOLUMNW@@@Z 5f808195 f winctrl2.obj
 0001:000071ed       ?SetColumn@CListCtrl@@QAEHHPBUtagLVCOLUMNW@@@Z 5f8081ed f winctrl2.obj
 0001:00007245       ?InsertColumn@CListCtrl@@QAEHHPBUtagLVCOLUMNW@@@Z 5f808245 f winctrl2.obj
 0001:0000729d       ?DeleteColumn@CListCtrl@@QAEHH@Z 5f80829d f winctrl2.obj
 0001:000072f3       ?GetColumnWidth@CListCtrl@@QBEHH@Z 5f8082f3 f winctrl2.obj
 0001:00007349       ?SetColumnWidth@CListCtrl@@QAEHHH@Z 5f808349 f winctrl2.obj
 0001:000073a6       ?GetViewRect@CListCtrl@@QBEHPAUtagRECT@@@Z 5f8083a6 f winctrl2.obj
 0001:000073fc       ?GetTextColor@CListCtrl@@QBEKXZ 5f8083fc f winctrl2.obj
 0001:0000744e       ?SetTextColor@CListCtrl@@QAEHK@Z 5f80844e f winctrl2.obj
 0001:000074a4       ?GetTextBkColor@CListCtrl@@QBEKXZ 5f8084a4 f winctrl2.obj
 0001:000074f6       ?SetTextBkColor@CListCtrl@@QAEHK@Z 5f8084f6 f winctrl2.obj
 0001:0000754c       ?GetTopIndex@CListCtrl@@QBEHXZ 5f80854c f winctrl2.obj
 0001:0000759e       ?GetCountPerPage@CListCtrl@@QBEHXZ 5f80859e f winctrl2.obj
 0001:000075f0       ?GetOrigin@CListCtrl@@QBEHPAUtagPOINT@@@Z 5f8085f0 f winctrl2.obj
 0001:00007646       ?Update@CListCtrl@@QAEHH@Z 5f808646 f winctrl2.obj
 0001:0000769c       ?SetItemState@CListCtrl@@QAEHHPAUtagLVITEMW@@@Z 5f80869c f winctrl2.obj
 0001:000076f4       ?GetItemState@CListCtrl@@QBEIHI@Z 5f8086f4 f winctrl2.obj
 0001:0000774c       ?SetItemCount@CListCtrl@@QAEXH@Z 5f80874c f winctrl2.obj
 0001:000077a2       ?SortItems@CListCtrl@@QAEHP6GHJJJ@ZK@Z 5f8087a2 f winctrl2.obj
 0001:000077fa       ?GetSelectedCount@CListCtrl@@QBEIXZ 5f8087fa f winctrl2.obj
 0001:0000784c       ??0CTreeCtrl@@QAE@XZ       5f80884c f winctrl2.obj
 0001:0000786b       ?InsertItem@CTreeCtrl@@QAEPAU_TREEITEM@@PAUtagTVINSERTSTRUCTW@@@Z 5f80886b f winctrl2.obj
 0001:000078c1       ?InsertItem@CTreeCtrl@@QAEPAU_TREEITEM@@PBGHHPAU2@1@Z 5f8088c1 f winctrl2.obj
 0001:00007923       ?InsertItem@CTreeCtrl@@QAEPAU_TREEITEM@@PBGPAU2@1@Z 5f808923 f winctrl2.obj
 0001:00007981       ?DeleteItem@CTreeCtrl@@QAEHPAU_TREEITEM@@@Z 5f808981 f winctrl2.obj
 0001:000079d7       ?DeleteAllItems@CTreeCtrl@@QAEHXZ 5f8089d7 f winctrl2.obj
 0001:00007a2c       ?Expand@CTreeCtrl@@QAEHPAU_TREEITEM@@I@Z 5f808a2c f winctrl2.obj
 0001:00007a84       ?GetCount@CTreeCtrl@@QBEIXZ 5f808a84 f winctrl2.obj
 0001:00007ad6       ?GetIndent@CTreeCtrl@@QBEIXZ 5f808ad6 f winctrl2.obj
 0001:00007b28       ?SetIndent@CTreeCtrl@@QAEXI@Z 5f808b28 f winctrl2.obj
 0001:00007b7e       ?GetImageList@CTreeCtrl@@QBEPAVCImageList@@I@Z 5f808b7e f winctrl2.obj
 0001:00007bda       ?SetImageList@CTreeCtrl@@QAEPAVCImageList@@PAV2@H@Z 5f808bda f winctrl2.obj
 0001:00007c3d       ?GetNextItem@CTreeCtrl@@QBEPAU_TREEITEM@@PAU2@I@Z 5f808c3d f winctrl2.obj
 0001:00007c95       ?GetChildItem@CTreeCtrl@@QBEPAU_TREEITEM@@PAU2@@Z 5f808c95 f winctrl2.obj
 0001:00007ceb       ?GetNextSiblingItem@CTreeCtrl@@QBEPAU_TREEITEM@@PAU2@@Z 5f808ceb f winctrl2.obj
 0001:00007d41       ?GetPrevSiblingItem@CTreeCtrl@@QBEPAU_TREEITEM@@PAU2@@Z 5f808d41 f winctrl2.obj
 0001:00007d97       ?GetParentItem@CTreeCtrl@@QBEPAU_TREEITEM@@PAU2@@Z 5f808d97 f winctrl2.obj
 0001:00007ded       ?GetFirstVisibleItem@CTreeCtrl@@QBEPAU_TREEITEM@@XZ 5f808ded f winctrl2.obj
 0001:00007e3f       ?GetNextVisibleItem@CTreeCtrl@@QBEPAU_TREEITEM@@PAU2@@Z 5f808e3f f winctrl2.obj
 0001:00007e95       ?GetPrevVisibleItem@CTreeCtrl@@QBEPAU_TREEITEM@@PAU2@@Z 5f808e95 f winctrl2.obj
 0001:00007eeb       ?GetSelectedItem@CTreeCtrl@@QBEPAU_TREEITEM@@XZ 5f808eeb f winctrl2.obj
 0001:00007f3d       ?GetDropHilightItem@CTreeCtrl@@QBEPAU_TREEITEM@@XZ 5f808f3d f winctrl2.obj
 0001:00007f8f       ?GetRootItem@CTreeCtrl@@QBEPAU_TREEITEM@@XZ 5f808f8f f winctrl2.obj
 0001:00007fe1       ?Select@CTreeCtrl@@QAEHPAU_TREEITEM@@I@Z 5f808fe1 f winctrl2.obj
 0001:00008039       ?SelectItem@CTreeCtrl@@QAEHPAU_TREEITEM@@@Z 5f809039 f winctrl2.obj
 0001:0000808f       ?SelectDropTarget@CTreeCtrl@@QAEHPAU_TREEITEM@@@Z 5f80908f f winctrl2.obj
 0001:000080e5       ?SelectSetFirstVisible@CTreeCtrl@@QAEHPAU_TREEITEM@@@Z 5f8090e5 f winctrl2.obj
 0001:0000813b       ?GetItem@CTreeCtrl@@QBEHPAUtagTVITEMW@@@Z 5f80913b f winctrl2.obj
 0001:00008191       ?SetItem@CTreeCtrl@@QAEHPAUtagTVITEMW@@@Z 5f809191 f winctrl2.obj
 0001:000081e7       ?SetItemText@CTreeCtrl@@QAEHPAU_TREEITEM@@PBG@Z 5f8091e7 f winctrl2.obj
 0001:00008241       ?SetItemImage@CTreeCtrl@@QAEHPAU_TREEITEM@@HH@Z 5f809241 f winctrl2.obj
 0001:0000829d       ?SetItemState@CTreeCtrl@@QAEHPAU_TREEITEM@@II@Z 5f80929d f winctrl2.obj
 0001:000082f9       ?SetItemData@CTreeCtrl@@QAEHPAU_TREEITEM@@K@Z 5f8092f9 f winctrl2.obj
 0001:00008353       ?EditLabel@CTreeCtrl@@QAEPAVCEdit@@PAU_TREEITEM@@@Z 5f809353 f winctrl2.obj
 0001:000083af       ?HitTest@CTreeCtrl@@QBEPAU_TREEITEM@@PAUtagTVHITTESTINFO@@@Z 5f8093af f winctrl2.obj
 0001:00008405       ?GetEditControl@CTreeCtrl@@QBEPAVCEdit@@XZ 5f809405 f winctrl2.obj
 0001:0000845d       ?GetVisibleCount@CTreeCtrl@@QBEIXZ 5f80945d f winctrl2.obj
 0001:000084af       ?SortChildren@CTreeCtrl@@QAEHPAU_TREEITEM@@@Z 5f8094af f winctrl2.obj
 0001:00008505       ?EnsureVisible@CTreeCtrl@@QAEHPAU_TREEITEM@@@Z 5f809505 f winctrl2.obj
 0001:0000855b       ?SortChildrenCB@CTreeCtrl@@QAEHPAUtagTVSORTCB@@@Z 5f80955b f winctrl2.obj
 0001:000085b1       ??0CHotKeyCtrl@@QAE@XZ     5f8095b1 f winctrl2.obj
 0001:000085d0       ?SetHotKey@CHotKeyCtrl@@QAEXGG@Z 5f8095d0 f winctrl2.obj
 0001:0000863e       ?GetHotKey@CHotKeyCtrl@@QBEKXZ 5f80963e f winctrl2.obj
 0001:00008690       ?SetRules@CHotKeyCtrl@@QAEXGG@Z 5f809690 f winctrl2.obj
 0001:000086f3       ?Activate@CToolTipCtrl@@QAEXH@Z 5f8096f3 f winctrl2.obj
 0001:00008749       ?SetToolInfo@CToolTipCtrl@@QAEXPAUtagTOOLINFOW@@@Z 5f809749 f winctrl2.obj
 0001:0000879f       ?RelayEvent@CToolTipCtrl@@QAEXPAUtagMSG@@@Z 5f80979f f winctrl2.obj
 0001:000087f5       ?SetDelayTime@CToolTipCtrl@@QAEXI@Z 5f8097f5 f winctrl2.obj
 0001:0000884b       ?GetToolCount@CToolTipCtrl@@QBEHXZ 5f80984b f winctrl2.obj
 0001:0000889d       ??0CSpinButtonCtrl@@QAE@XZ 5f80989d f winctrl2.obj
 0001:000088bc       ?GetAccel@CSpinButtonCtrl@@QBEIHPAU_UDACCEL@@@Z 5f8098bc f winctrl2.obj
 0001:00008919       ?GetBase@CSpinButtonCtrl@@QBEIXZ 5f809919 f winctrl2.obj
 0001:00008970       ?GetBuddy@CSpinButtonCtrl@@QBEPAVCWnd@@XZ 5f809970 f winctrl2.obj
 0001:000089c8       ?GetPos@CSpinButtonCtrl@@QBEHXZ 5f8099c8 f winctrl2.obj
 0001:00008a1a       ?GetRange@CSpinButtonCtrl@@QBEKXZ 5f809a1a f winctrl2.obj
 0001:00008a6c       ?SetAccel@CSpinButtonCtrl@@QAEHHPAU_UDACCEL@@@Z 5f809a6c f winctrl2.obj
 0001:00008ac9       ?SetBase@CSpinButtonCtrl@@QAEHH@Z 5f809ac9 f winctrl2.obj
 0001:00008b1f       ?SetBuddy@CSpinButtonCtrl@@QAEPAVCWnd@@PAV2@@Z 5f809b1f f winctrl2.obj
 0001:00008b7e       ?SetPos@CSpinButtonCtrl@@QAEHH@Z 5f809b7e f winctrl2.obj
 0001:00008bdc       ?SetRange@CSpinButtonCtrl@@QAEXHH@Z 5f809bdc f winctrl2.obj
 0001:00008c45       ??0CSliderCtrl@@QAE@XZ     5f809c45 f winctrl2.obj
 0001:00008c64       ?GetLineSize@CSliderCtrl@@QBEHXZ 5f809c64 f winctrl2.obj
 0001:00008cb6       ?SetLineSize@CSliderCtrl@@QAEHH@Z 5f809cb6 f winctrl2.obj
 0001:00008d0c       ?GetPageSize@CSliderCtrl@@QBEHXZ 5f809d0c f winctrl2.obj
 0001:00008d5e       ?SetPageSize@CSliderCtrl@@QAEHH@Z 5f809d5e f winctrl2.obj
 0001:00008db4       ?GetRangeMax@CSliderCtrl@@QBEHXZ 5f809db4 f winctrl2.obj
 0001:00008e06       ?GetRangeMin@CSliderCtrl@@QBEHXZ 5f809e06 f winctrl2.obj
 0001:00008e58       ?SetRangeMin@CSliderCtrl@@QAEXHH@Z 5f809e58 f winctrl2.obj
 0001:00008eb0       ?SetRangeMax@CSliderCtrl@@QAEXHH@Z 5f809eb0 f winctrl2.obj
 0001:00008f08       ?ClearSel@CSliderCtrl@@QAEXH@Z 5f809f08 f winctrl2.obj
 0001:00008f5e       ?GetChannelRect@CSliderCtrl@@QBEXPAUtagRECT@@@Z 5f809f5e f winctrl2.obj
 0001:00008fb4       ?GetThumbRect@CSliderCtrl@@QBEXPAUtagRECT@@@Z 5f809fb4 f winctrl2.obj
 0001:0000900a       ?GetPos@CSliderCtrl@@QBEHXZ 5f80a00a f winctrl2.obj
 0001:0000905c       ?SetPos@CSliderCtrl@@QAEXH@Z 5f80a05c f winctrl2.obj
 0001:000090b2       ?VerifyPos@CSliderCtrl@@QAEXXZ 5f80a0b2 f winctrl2.obj
 0001:00009104       ?ClearTics@CSliderCtrl@@QAEXH@Z 5f80a104 f winctrl2.obj
 0001:0000915a       ?GetNumTics@CSliderCtrl@@QBEIXZ 5f80a15a f winctrl2.obj
 0001:000091ac       ?GetTicArray@CSliderCtrl@@QBEPAKXZ 5f80a1ac f winctrl2.obj
 0001:000091fe       ?GetTic@CSliderCtrl@@QBEHH@Z 5f80a1fe f winctrl2.obj
 0001:00009254       ?GetTicPos@CSliderCtrl@@QBEHH@Z 5f80a254 f winctrl2.obj
 0001:000092aa       ?SetTic@CSliderCtrl@@QAEHH@Z 5f80a2aa f winctrl2.obj
 0001:00009300       ?SetTicFreq@CSliderCtrl@@QAEXH@Z 5f80a300 f winctrl2.obj
 0001:00009356       ??0CProgressCtrl@@QAE@XZ   5f80a356 f winctrl2.obj
 0001:00009375       ?SetRange@CProgressCtrl@@QAEXHH@Z 5f80a375 f winctrl2.obj
 0001:000093de       ?SetPos@CProgressCtrl@@QAEHH@Z 5f80a3de f winctrl2.obj
 0001:00009439       ?OffsetPos@CProgressCtrl@@QAEHH@Z 5f80a439 f winctrl2.obj
 0001:00009494       ?SetStep@CProgressCtrl@@QAEHH@Z 5f80a494 f winctrl2.obj
 0001:000094ef       ?StepIt@CProgressCtrl@@QAEHXZ 5f80a4ef f winctrl2.obj
 0001:00009546       ??0CHeaderCtrl@@QAE@XZ     5f80a546 f winctrl2.obj
 0001:00009565       ?GetItemCount@CHeaderCtrl@@QBEHXZ 5f80a565 f winctrl2.obj
 0001:000095b7       ?InsertItem@CHeaderCtrl@@QAEHHPAU_HD_ITEMW@@@Z 5f80a5b7 f winctrl2.obj
 0001:0000960f       ?DeleteItem@CHeaderCtrl@@QAEHH@Z 5f80a60f f winctrl2.obj
 0001:00009665       ?GetItem@CHeaderCtrl@@QBEHHPAU_HD_ITEMW@@@Z 5f80a665 f winctrl2.obj
 0001:000096bd       ?SetItem@CHeaderCtrl@@QAEHHPAU_HD_ITEMW@@@Z 5f80a6bd f winctrl2.obj
 0001:00009715       ?Layout@CHeaderCtrl@@QAEHPAU_HD_LAYOUT@@@Z 5f80a715 f winctrl2.obj
 0001:0000976b       ??BCImageList@@QBEPAU_IMAGELIST@@XZ 5f80a76b f winctrl2.obj
 0001:0000977c       ?GetSafeHandle@CImageList@@QBEPAU_IMAGELIST@@XZ 5f80a77c f winctrl2.obj
 0001:000097a4       ?GetImageCount@CImageList@@QBEHXZ 5f80a7a4 f winctrl2.obj
 0001:000097e5       ?Add@CImageList@@QAEHPAVCBitmap@@0@Z 5f80a7e5 f winctrl2.obj
 0001:0000983a       ?Add@CImageList@@QAEHPAVCBitmap@@K@Z 5f80a83a f winctrl2.obj
 0001:0000988a       ?Remove@CImageList@@QAEHH@Z 5f80a88a f winctrl2.obj
 0001:000098d1       ?Replace@CImageList@@QAEHHPAVCBitmap@@0@Z 5f80a8d1 f winctrl2.obj
 0001:0000992a       ?Add@CImageList@@QAEHPAUHICON__@@@Z 5f80a92a f winctrl2.obj
 0001:00009973       ?Replace@CImageList@@QAEHHPAUHICON__@@@Z 5f80a973 f winctrl2.obj
 0001:000099be       ?ExtractIconW@CImageList@@QAEPAUHICON__@@H@Z 5f80a9be f winctrl2.obj
 0001:00009a07       ?Draw@CImageList@@QAEHPAVCDC@@HUtagPOINT@@I@Z 5f80aa07 f winctrl2.obj
 0001:00009a83       ?SetBkColor@CImageList@@QAEKK@Z 5f80aa83 f winctrl2.obj
 0001:00009aca       ?GetBkColor@CImageList@@QBEKXZ 5f80aaca f winctrl2.obj
 0001:00009b0b       ?SetOverlayImage@CImageList@@QAEHHH@Z 5f80ab0b f winctrl2.obj
 0001:00009b56       ?GetImageInfo@CImageList@@QBEHHPAU_IMAGEINFO@@@Z 5f80ab56 f winctrl2.obj
 0001:00009ba1       ?BeginDrag@CImageList@@QAEHHVCPoint@@@Z 5f80aba1 f winctrl2.obj
 0001:00009bf0       ?EndDrag@CImageList@@SGXXZ 5f80abf0 f winctrl2.obj
 0001:00009bfb       ?DragMove@CImageList@@SGHVCPoint@@@Z 5f80abfb f winctrl2.obj
 0001:00009c10       ?SetDragCursorImage@CImageList@@QAEHHVCPoint@@@Z 5f80ac10 f winctrl2.obj
 0001:00009c5f       ?DragShowNolock@CImageList@@SGHH@Z 5f80ac5f f winctrl2.obj
 0001:00009c70       ?GetDragImage@CImageList@@SGPAV1@PAUtagPOINT@@0@Z 5f80ac70 f winctrl2.obj
 0001:00009c8b       ?DragEnter@CImageList@@SGHPAVCWnd@@VCPoint@@@Z 5f80ac8b f winctrl2.obj
 0001:00009ca9       ?DragLeave@CImageList@@SGHPAVCWnd@@@Z 5f80aca9 f winctrl2.obj
 0001:00009cbf       ??0CTabCtrl@@QAE@XZ        5f80acbf f winctrl2.obj
 0001:00009cde       ?GetImageList@CTabCtrl@@QBEPAVCImageList@@XZ 5f80acde f winctrl2.obj
 0001:00009d36       ?SetImageList@CTabCtrl@@QAEPAVCImageList@@PAV2@@Z 5f80ad36 f winctrl2.obj
 0001:00009d97       ?GetItemCount@CTabCtrl@@QBEHXZ 5f80ad97 f winctrl2.obj
 0001:00009de9       ?GetItem@CTabCtrl@@QBEHHPAUtagTCITEMW@@@Z 5f80ade9 f winctrl2.obj
 0001:00009e41       ?SetItem@CTabCtrl@@QAEHHPAUtagTCITEMW@@@Z 5f80ae41 f winctrl2.obj
 0001:00009e99       ?InsertItem@CTabCtrl@@QAEHHPAUtagTCITEMW@@@Z 5f80ae99 f winctrl2.obj
 0001:00009ef1       ?DeleteItem@CTabCtrl@@QAEHH@Z 5f80aef1 f winctrl2.obj
 0001:00009f47       ?DeleteAllItems@CTabCtrl@@QAEHXZ 5f80af47 f winctrl2.obj
 0001:00009f99       ?GetItemRect@CTabCtrl@@QBEHHPAUtagRECT@@@Z 5f80af99 f winctrl2.obj
 0001:00009ff1       ?GetCurSel@CTabCtrl@@QBEHXZ 5f80aff1 f winctrl2.obj
 0001:0000a043       ?SetCurSel@CTabCtrl@@QAEHH@Z 5f80b043 f winctrl2.obj
 0001:0000a099       ?HitTest@CTabCtrl@@QBEHPAUtagTCHITTESTINFO@@@Z 5f80b099 f winctrl2.obj
 0001:0000a0ef       ?AdjustRect@CTabCtrl@@QAEXHPAUtagRECT@@@Z 5f80b0ef f winctrl2.obj
 0001:0000a147       ?SetItemSize@CTabCtrl@@QAE?AVCSize@@V2@@Z 5f80b147 f winctrl2.obj
 0001:0000a1bc       ?RemoveImage@CTabCtrl@@QAEXH@Z 5f80b1bc f winctrl2.obj
 0001:0000a212       ?SetPadding@CTabCtrl@@QAEXVCSize@@@Z 5f80b212 f winctrl2.obj
 0001:0000a27b       ?GetRowCount@CTabCtrl@@QBEHXZ 5f80b27b f winctrl2.obj
 0001:0000a2cd       ?GetTooltips@CTabCtrl@@QBEPAVCToolTipCtrl@@XZ 5f80b2cd f winctrl2.obj
 0001:0000a325       ?SetTooltips@CTabCtrl@@QAEXPAVCToolTipCtrl@@@Z 5f80b325 f winctrl2.obj
 0001:0000a37e       ?GetCurFocus@CTabCtrl@@QBEHXZ 5f80b37e f winctrl2.obj
 0001:0000a3d0       ??0CAnimateCtrl@@QAE@XZ    5f80b3d0 f winctrl2.obj
 0001:0000a3ef       ?Open@CAnimateCtrl@@QAEHPBG@Z 5f80b3ef f winctrl2.obj
 0001:0000a445       ?Open@CAnimateCtrl@@QAEHI@Z 5f80b445 f winctrl2.obj
 0001:0000a49b       ?Play@CAnimateCtrl@@QAEHIII@Z 5f80b49b f winctrl2.obj
 0001:0000a506       ?Stop@CAnimateCtrl@@QAEHXZ 5f80b506 f winctrl2.obj
 0001:0000a558       ?Close@CAnimateCtrl@@QAEHXZ 5f80b558 f winctrl2.obj
 0001:0000a5aa       ?Seek@CAnimateCtrl@@QAEHI@Z 5f80b5aa f winctrl2.obj
 0001:0000a613       ??0CRichEditCtrl@@QAE@XZ   5f80b613 f winctrl2.obj
 0001:0000a632       ?CanUndo@CRichEditCtrl@@QBEHXZ 5f80b632 f winctrl2.obj
 0001:0000a684       ?GetLineCount@CRichEditCtrl@@QBEHXZ 5f80b684 f winctrl2.obj
 0001:0000a6d6       ?GetModify@CRichEditCtrl@@QBEHXZ 5f80b6d6 f winctrl2.obj
 0001:0000a728       ?SetModify@CRichEditCtrl@@QAEXH@Z 5f80b728 f winctrl2.obj
 0001:0000a77e       ?GetRect@CRichEditCtrl@@QBEXPAUtagRECT@@@Z 5f80b77e f winctrl2.obj
 0001:0000a7d4       ?GetCharPos@CRichEditCtrl@@QBE?AVCPoint@@J@Z 5f80b7d4 f winctrl2.obj
 0001:0000a847       ?SetOptions@CRichEditCtrl@@QAEXGK@Z 5f80b847 f winctrl2.obj
 0001:0000a8a5       ?EmptyUndoBuffer@CRichEditCtrl@@QAEXXZ 5f80b8a5 f winctrl2.obj
 0001:0000a8f7       ?ReplaceSel@CRichEditCtrl@@QAEXPBGH@Z 5f80b8f7 f winctrl2.obj
 0001:0000a94f       ?SetRect@CRichEditCtrl@@QAEXPBUtagRECT@@@Z 5f80b94f f winctrl2.obj
 0001:0000a9a5       ?Undo@CRichEditCtrl@@QAEHXZ 5f80b9a5 f winctrl2.obj
 0001:0000a9f7       ?Clear@CRichEditCtrl@@QAEXXZ 5f80b9f7 f winctrl2.obj
 0001:0000aa49       ?Copy@CRichEditCtrl@@QAEXXZ 5f80ba49 f winctrl2.obj
 0001:0000aa9b       ?Cut@CRichEditCtrl@@QAEXXZ 5f80ba9b f winctrl2.obj
 0001:0000aaed       ?Paste@CRichEditCtrl@@QAEXXZ 5f80baed f winctrl2.obj
 0001:0000ab3f       ?SetReadOnly@CRichEditCtrl@@QAEHH@Z 5f80bb3f f winctrl2.obj
 0001:0000ab95       ?GetFirstVisibleLine@CRichEditCtrl@@QBEHXZ 5f80bb95 f winctrl2.obj
 0001:0000abe7       ?DisplayBand@CRichEditCtrl@@QAEHPAUtagRECT@@@Z 5f80bbe7 f winctrl2.obj
 0001:0000ac3d       ?GetSel@CRichEditCtrl@@QBEXAAU_charrange@@@Z 5f80bc3d f winctrl2.obj
 0001:0000ac93       ?LimitText@CRichEditCtrl@@QAEXJ@Z 5f80bc93 f winctrl2.obj
 0001:0000ace9       ?LineFromChar@CRichEditCtrl@@QBEJJ@Z 5f80bce9 f winctrl2.obj
 0001:0000ad3f       ?SetSel@CRichEditCtrl@@QAEXAAU_charrange@@@Z 5f80bd3f f winctrl2.obj
 0001:0000ad95       ?FindTextW@CRichEditCtrl@@QBEJKPAU_findtextexa@@@Z 5f80bd95 f winctrl2.obj
 0001:0000aded       ?FormatRange@CRichEditCtrl@@QAEJPAU_formatrange@@H@Z 5f80bded f winctrl2.obj
 0001:0000ae45       ?GetEventMask@CRichEditCtrl@@QBEJXZ 5f80be45 f winctrl2.obj
 0001:0000ae97       ?GetLimitText@CRichEditCtrl@@QBEJXZ 5f80be97 f winctrl2.obj
 0001:0000aee9       ?GetSelText@CRichEditCtrl@@QBEJPAD@Z 5f80bee9 f winctrl2.obj
 0001:0000af3f       ?HideSelection@CRichEditCtrl@@QAEXHH@Z 5f80bf3f f winctrl2.obj
 0001:0000af97       ?RequestResize@CRichEditCtrl@@QAEXXZ 5f80bf97 f winctrl2.obj
 0001:0000afe9       ?GetSelectionType@CRichEditCtrl@@QBEGXZ 5f80bfe9 f winctrl2.obj
 0001:0000b03b       ?SetBackgroundColor@CRichEditCtrl@@QAEKHK@Z 5f80c03b f winctrl2.obj
 0001:0000b093       ?SetEventMask@CRichEditCtrl@@QAEKK@Z 5f80c093 f winctrl2.obj
 0001:0000b0e9       ?SetOLECallback@CRichEditCtrl@@QAEHPAUIRichEditOleCallback@@@Z 5f80c0e9 f winctrl2.obj
 0001:0000b13f       ?SetTargetDevice@CRichEditCtrl@@QAEHPAUHDC__@@J@Z 5f80c13f f winctrl2.obj
 0001:0000b197       ?SetTargetDevice@CRichEditCtrl@@QAEHAAVCDC@@J@Z 5f80c197 f winctrl2.obj
 0001:0000b1f2       ?StreamIn@CRichEditCtrl@@QAEJHAAU_editstream@@@Z 5f80c1f2 f winctrl2.obj
 0001:0000b24a       ?StreamOut@CRichEditCtrl@@QAEJHAAU_editstream@@@Z 5f80c24a f winctrl2.obj
 0001:0000b2a2       ?GetTextLength@CRichEditCtrl@@QBEJXZ 5f80c2a2 f winctrl2.obj
 0001:0000b300       ??_GCDragListBox@@UAEPAXI@Z 5f80c300 f winctrl2.obj
 0001:0000b330       ??_GCToolBarCtrl@@UAEPAXI@Z 5f80c330 f winctrl2.obj
 0001:0000b360       ??_GCStatusBarCtrl@@UAEPAXI@Z 5f80c360 f winctrl2.obj
 0001:0000b390       ??_GCListCtrl@@UAEPAXI@Z   5f80c390 f winctrl2.obj
 0001:0000b3c0       ??_GCTreeCtrl@@UAEPAXI@Z   5f80c3c0 f winctrl2.obj
 0001:0000b3f0       ??_GCSpinButtonCtrl@@UAEPAXI@Z 5f80c3f0 f winctrl2.obj
 0001:0000b420       ??_GCSliderCtrl@@UAEPAXI@Z 5f80c420 f winctrl2.obj
 0001:0000b450       ??_GCProgressCtrl@@UAEPAXI@Z 5f80c450 f winctrl2.obj
 0001:0000b480       ??_GCHeaderCtrl@@UAEPAXI@Z 5f80c480 f winctrl2.obj
 0001:0000b4b0       ??_GCHotKeyCtrl@@UAEPAXI@Z 5f80c4b0 f winctrl2.obj
 0001:0000b4e0       ??_GCTabCtrl@@UAEPAXI@Z    5f80c4e0 f winctrl2.obj
 0001:0000b510       ??_GCAnimateCtrl@@UAEPAXI@Z 5f80c510 f winctrl2.obj
 0001:0000b540       ??_GCRichEditCtrl@@UAEPAXI@Z 5f80c540 f winctrl2.obj
 0001:0000b570       ??_GCImageList@@UAEPAXI@Z  5f80c570 f winctrl2.obj
 0001:0000b5a0       ??1_AFX_RICHEDIT_STATE@@UAE@XZ 5f80c5a0 f winctrl4.obj
 0001:0000b5ff       ?AfxGetRichEditState@@YAPAV_AFX_RICHEDIT_STATE@@XZ 5f80c5ff f winctrl4.obj
 0001:0000b60e       ?AfxInitRichEdit@@YGHXZ    5f80c60e f winctrl4.obj
 0001:0000b6aa       ?Create@CRichEditCtrl@@QAEHKABUtagRECT@@PAVCWnd@@I@Z 5f80c6aa f winctrl4.obj
 0001:0000b6f0       ?GetLine@CRichEditCtrl@@QBEHHPAG@Z 5f80c6f0 f winctrl4.obj
 0001:0000b745       ?LineIndex@CRichEditCtrl@@QBEHH@Z 5f80c745 f winctrl4.obj
 0001:0000b798       ?LineLength@CRichEditCtrl@@QBEHH@Z 5f80c798 f winctrl4.obj
 0001:0000b7eb       ?LineScroll@CRichEditCtrl@@QAEXHH@Z 5f80c7eb f winctrl4.obj
 0001:0000b840       ?SetSel@CRichEditCtrl@@QAEXJJ@Z 5f80c840 f winctrl4.obj
 0001:0000b8a1       ?CanPaste@CRichEditCtrl@@QBEHI@Z 5f80c8a1 f winctrl4.obj
 0001:0000b926       ?PasteSpecial@CRichEditCtrl@@QAEXIKPAUHMETAFILE__@@@Z 5f80c926 f winctrl4.obj
 0001:0000b98c       ?GetLine@CRichEditCtrl@@QBEHHPAGH@Z 5f80c98c f winctrl4.obj
 0001:0000b9ec       ?GetSel@CRichEditCtrl@@QBEXAAJ0@Z 5f80c9ec f winctrl4.obj
 0001:0000ba54       ?GetSelText@CRichEditCtrl@@QBE?AVCString@@XZ 5f80ca54 f winctrl4.obj
 0001:0000bb16       ?GetIRichEditOle@CRichEditCtrl@@QBEPAUIRichEditOle@@XZ 5f80cb16 f winctrl4.obj
 0001:0000bb76       ?SetDefaultCharFormat@CRichEditCtrl@@QAEHAAU_charformat@@@Z 5f80cb76 f winctrl4.obj
 0001:0000bbd5       ?SetSelectionCharFormat@CRichEditCtrl@@QAEHAAU_charformat@@@Z 5f80cbd5 f winctrl4.obj
 0001:0000bc34       ?SetWordCharFormat@CRichEditCtrl@@QAEHAAU_charformat@@@Z 5f80cc34 f winctrl4.obj
 0001:0000bc93       ?GetDefaultCharFormat@CRichEditCtrl@@QBEKAAU_charformat@@@Z 5f80cc93 f winctrl4.obj
 0001:0000bcf2       ?GetSelectionCharFormat@CRichEditCtrl@@QBEKAAU_charformat@@@Z 5f80ccf2 f winctrl4.obj
 0001:0000bd51       ?GetParaFormat@CRichEditCtrl@@QBEKAAU_paraformat@@@Z 5f80cd51 f winctrl4.obj
 0001:0000bdb0       ?SetParaFormat@CRichEditCtrl@@QAEHAAU_paraformat@@@Z 5f80cdb0 f winctrl4.obj
 0001:0000be50       ??1?$CProcessLocal@V_AFX_RICHEDIT_STATE@@@@QAE@XZ 5f80ce50 f winctrl4.obj
 0001:0000be70       ?GetData@?$CProcessLocal@V_AFX_RICHEDIT_STATE@@@@QAEPAV_AFX_RICHEDIT_STATE@@XZ 5f80ce70 f winctrl4.obj
 0001:0000bec0       ??B?$CProcessLocal@V_AFX_RICHEDIT_STATE@@@@QAEPAV_AFX_RICHEDIT_STATE@@XZ 5f80cec0 f winctrl4.obj
 0001:0000bee0       ?CreateObject@?$CProcessLocal@V_AFX_RICHEDIT_STATE@@@@SGPAVCNoTrackObject@@XZ 5f80cee0 f winctrl4.obj
 0001:0000bf50       ??0_AFX_RICHEDIT_STATE@@QAE@XZ 5f80cf50 f winctrl4.obj
 0001:0000bf70       ??_E_AFX_RICHEDIT_STATE@@UAEPAXI@Z 5f80cf70 f winctrl4.obj
 0001:0000bf70       ??_G_AFX_RICHEDIT_STATE@@UAEPAXI@Z 5f80cf70 f winctrl4.obj
 0001:0000bfa0       ??_9@$BNA@AE               5f80cfa0 f dlgcore.obj
 0001:0000bfb0       ??_9@$BMM@AE               5f80cfb0 f dlgcore.obj
 0001:0000bfc0       _FindTextW@4               5f80cfc0 f dlgfr.obj
 0001:0000bfe0       ??C?$CProcessLocal@V_AFX_EXTDLL_STATE@@@@QAEPAV_AFX_EXTDLL_STATE@@XZ 5f80cfe0 f ccdata.obj
 0001:0000c000       ?GetData@?$CProcessLocal@V_AFX_EXTDLL_STATE@@@@QAEPAV_AFX_EXTDLL_STATE@@XZ 5f80d000 f ccdata.obj
 0001:0000c050       ?CreateObject@?$CProcessLocal@V_AFX_EXTDLL_STATE@@@@SGPAVCNoTrackObject@@XZ 5f80d050 f ccdata.obj
 0001:0000c0c0       ??0_AFX_EXTDLL_STATE@@QAE@XZ 5f80d0c0 f ccdata.obj
 0001:0000c0e0       ??_G_AFX_EXTDLL_STATE@@UAEPAXI@Z 5f80d0e0 f ccdata.obj
 0001:0000c0e0       ??_E_AFX_EXTDLL_STATE@@UAEPAXI@Z 5f80d0e0 f ccdata.obj
 0001:0000c110       ?IsEqualGUID@@YAHABU_GUID@@0@Z 5f80d110 f cmdtarg.obj
 0001:0000c130       ??_9@$BOI@AE               5f80d130 f viewcore.obj
 0001:0000c140       ??C?$CProcessLocal@V_AFX_WIN_STATE@@@@QAEPAV_AFX_WIN_STATE@@XZ 5f80d140 f viewprnt.obj
 0001:0000c160       __wcsdec                   5f80d160 f viewedit.obj
 0001:0000c170       ??B?$CTypedSimpleList@PAVCFrameWnd@@@@QAEPAVCFrameWnd@@XZ 5f80d170 f thrdcore.obj
 0001:0000c190       ?GetDataNA@?$CThreadLocal@V_AFX_THREAD_STATE@@@@QAEPAV_AFX_THREAD_STATE@@XZ 5f80d190 f thrdcore.obj
 0001:0000c1b0       ??B?$CThreadLocal@V_AFX_CTL3D_THREAD@@@@QAEPAV_AFX_CTL3D_THREAD@@XZ 5f80d1b0 f thrdcore.obj
 0001:0000c1d0       ?GetData@?$CThreadLocal@V_AFX_CTL3D_THREAD@@@@QAEPAV_AFX_CTL3D_THREAD@@XZ 5f80d1d0 f thrdcore.obj
 0001:0000c220       ?CreateObject@?$CThreadLocal@V_AFX_CTL3D_THREAD@@@@SGPAVCNoTrackObject@@XZ 5f80d220 f thrdcore.obj
 0001:0000c290       ??0_AFX_CTL3D_THREAD@@QAE@XZ 5f80d290 f thrdcore.obj
 0001:0000c2b0       ??_G_AFX_CTL3D_THREAD@@UAEPAXI@Z 5f80d2b0 f thrdcore.obj
 0001:0000c2b0       ??_E_AFX_CTL3D_THREAD@@UAEPAXI@Z 5f80d2b0 f thrdcore.obj
 0001:0000c2e0       ?GetSize@CRecentFileList@@QBEHXZ 5f80d2e0 f appcore.obj
 0001:0000c300       ??ACRecentFileList@@QAEAAVCString@@H@Z 5f80d300 f appcore.obj
 0001:0000c350       ?AfxParseURLEx@@YGHPBGAAKAAVCString@@2AAG22K@Z 5f80d350 f inet.obj
 0001:0000c72f       ?AfxParseURL@@YGHPBGAAKAAVCString@@2AAG@Z 5f80d72f f inet.obj
 0001:0000c7ed       ?AfxGetInternetHandleType@@YGKPAX@Z 5f80d7ed f inet.obj
 0001:0000c828       ?AfxInternetStatusCallbackDebug@@YGXPAXKK0K@Z 5f80d828 f inet.obj
 0001:0000ca5d       ?AfxInternetStatusCallback@@YGXPAXKK0K@Z 5f80da5d f inet.obj
 0001:0000cabd       ??1CInternetSession@@UAE@XZ 5f80dabd f inet.obj
 0001:0000cb0e       ??0CInternetSession@@QAE@PBGKK00K@Z 5f80db0e f inet.obj
 0001:0000cbd5       ?Close@CInternetSession@@UAEXXZ 5f80dbd5 f inet.obj
 0001:0000cc24       ?GetGopherConnection@CInternetSession@@QAEPAVCGopherConnection@@PBG00G@Z 5f80dc24 f inet.obj
 0001:0000ccd5       ?GetFtpConnection@CInternetSession@@QAEPAVCFtpConnection@@PBG00GH@Z 5f80dcd5 f inet.obj
 0001:0000cd8a       ?GetHttpConnection@CInternetSession@@QAEPAVCHttpConnection@@PBGG00@Z 5f80dd8a f inet.obj
 0001:0000ce3b       ?GetHttpConnection@CInternetSession@@QAEPAVCHttpConnection@@PBGKG00@Z 5f80de3b f inet.obj
 0001:0000cef0       ?OpenURL@CInternetSession@@QAEPAVCStdioFile@@PBGKK0K@Z 5f80def0 f inet.obj
 0001:0000d29f       ?SetOption@CInternetSession@@QAEHKPAXKK@Z 5f80e29f f inet.obj
 0001:0000d360       ?QueryOption@CInternetSession@@QBEHKPAXPAK@Z 5f80e360 f inet.obj
 0001:0000d414       ?QueryOption@CInternetSession@@QBEHKAAK@Z 5f80e414 f inet.obj
 0001:0000d443       ?QueryOption@CInternetSession@@QBEHKAAVCString@@@Z 5f80e443 f inet.obj
 0001:0000d512       ?OnStatusCallback@CInternetSession@@UAEXKKPAXK@Z 5f80e512 f inet.obj
 0001:0000d56e       ?EnableStatusCallback@CInternetSession@@QAEHH@Z 5f80e56e f inet.obj
 0001:0000d67d       ?Dump@CInternetSession@@UBEXAAVCDumpContext@@@Z 5f80e67d f inet.obj
 0001:0000d6cc       ??0CInternetFile@@IAE@PAX0PBG1KH@Z 5f80e6cc f inet.obj
 0001:0000d80e       ??0CInternetFile@@IAE@PAXPBGPAVCInternetConnection@@H@Z 5f80e80e f inet.obj
 0001:0000d9a6       ?QueryOption@CInternetFile@@QBEHKPAXPAK@Z 5f80e9a6 f inet.obj
 0001:0000da7d       ?QueryOption@CInternetFile@@QBEHKAAK@Z 5f80ea7d f inet.obj
 0001:0000dad5       ?QueryOption@CInternetFile@@QBEHKAAVCString@@@Z 5f80ead5 f inet.obj
 0001:0000db48       ?SetOption@CInternetFile@@QAEHKPAXKK@Z 5f80eb48 f inet.obj
 0001:0000dc09       ?SetReadBufferSize@CInternetFile@@QAEHI@Z 5f80ec09 f inet.obj
 0001:0000dd48       ?SetWriteBufferSize@CInternetFile@@QAEHI@Z 5f80ed48 f inet.obj
 0001:0000de37       ?Seek@CInternetFile@@UAEJJI@Z 5f80ee37 f inet.obj
 0001:0000df86       ??1CInternetFile@@UAE@XZ   5f80ef86 f inet.obj
 0001:0000e0b3       ?Abort@CInternetFile@@UAEXXZ 5f80f0b3 f inet.obj
 0001:0000e0f0       ?Flush@CInternetFile@@UAEXXZ 5f80f0f0 f inet.obj
 0001:0000e163       ?Close@CInternetFile@@UAEXXZ 5f80f163 f inet.obj
 0001:0000e200       ?Read@CInternetFile@@UAEIPAXI@Z 5f80f200 f inet.obj
 0001:0000e49a       ?Write@CInternetFile@@UAEXPBXI@Z 5f80f49a f inet.obj
 0001:0000e627       ?WriteString@CInternetFile@@UAEXPBG@Z 5f80f627 f inet.obj
 0001:0000e6e4       ?ReadString@CInternetFile@@UAEPAGPAGI@Z 5f80f6e4 f inet.obj
 0001:0000e892       ?ReadString@CInternetFile@@UAEHAAVCString@@@Z 5f80f892 f inet.obj
 0001:0000e9dd       ?GetLength@CInternetFile@@UBEKXZ 5f80f9dd f inet.obj
 0001:0000ea59       ?LockRange@CInternetFile@@UAEXKK@Z 5f80fa59 f inet.obj
 0001:0000eaa7       ?UnlockRange@CInternetFile@@UAEXKK@Z 5f80faa7 f inet.obj
 0001:0000eaf5       ?SetLength@CInternetFile@@UAEXK@Z 5f80faf5 f inet.obj
 0001:0000eb43       ?Duplicate@CInternetFile@@UBEPAVCFile@@XZ 5f80fb43 f inet.obj
 0001:0000eb91       ?AssertValid@CInternetFile@@MBEXXZ 5f80fb91 f inet.obj
 0001:0000ecce       ?Dump@CInternetFile@@MBEXAAVCDumpContext@@@Z 5f80fcce f inet.obj
 0001:0000ed23       ??0CInternetConnection@@QAE@PAVCInternetSession@@PBGGK@Z 5f80fd23 f inet.obj
 0001:0000ee15       ??1CInternetConnection@@UAE@XZ 5f80fe15 f inet.obj
 0001:0000ef0d       ?SetOption@CInternetConnection@@QAEHKPAXKK@Z 5f80ff0d f inet.obj
 0001:0000efce       ?QueryOption@CInternetConnection@@QBEHKPAXPAK@Z 5f80ffce f inet.obj
 0001:0000f082       ?QueryOption@CInternetConnection@@QBEHKAAK@Z 5f810082 f inet.obj
 0001:0000f0b1       ?QueryOption@CInternetConnection@@QBEHKAAVCString@@@Z 5f8100b1 f inet.obj
 0001:0000f101       ?Close@CInternetConnection@@MAEXXZ 5f810101 f inet.obj
 0001:0000f13d       ?Dump@CInternetConnection@@UBEXAAVCDumpContext@@@Z 5f81013d f inet.obj
 0001:0000f171       ?AssertValid@CInternetConnection@@UBEXXZ 5f810171 f inet.obj
 0001:0000f184       ??1CFtpConnection@@UAE@XZ  5f810184 f inet.obj
 0001:0000f1d8       ??0CFtpConnection@@QAE@PAVCInternetSession@@PAXPBGK@Z 5f8101d8 f inet.obj
 0001:0000f2f9       ??0CFtpConnection@@QAE@PAVCInternetSession@@PBG11KGH@Z 5f8102f9 f inet.obj
 0001:0000f43a       ?Close@CFtpConnection@@UAEXXZ 5f81043a f inet.obj
 0001:0000f44d       ?Remove@CFtpConnection@@QAEHPBG@Z 5f81044d f inet.obj
 0001:0000f4a7       ?Rename@CFtpConnection@@QAEHPBG0@Z 5f8104a7 f inet.obj
 0001:0000f505       ?CreateDirectoryW@CFtpConnection@@QAEHPBG@Z 5f810505 f inet.obj
 0001:0000f55f       ?RemoveDirectoryW@CFtpConnection@@QAEHPBG@Z 5f81055f f inet.obj
 0001:0000f5b9       ?SetCurrentDirectoryW@CFtpConnection@@QAEHPBG@Z 5f8105b9 f inet.obj
 0001:0000f613       ?GetCurrentDirectoryW@CFtpConnection@@QBEHPAGPAK@Z 5f810613 f inet.obj
 0001:0000f691       ?GetCurrentDirectoryAsURL@CFtpConnection@@QBEHAAVCString@@@Z 5f810691 f inet.obj
 0001:0000f77d       ?GetCurrentDirectoryAsURL@CFtpConnection@@QBEHPAGPAK@Z 5f81077d f inet.obj
 0001:0000f876       ?GetCurrentDirectoryW@CFtpConnection@@QBEHAAVCString@@@Z 5f810876 f inet.obj
 0001:0000f910       ?OpenFile@CFtpConnection@@QAEPAVCInternetFile@@PBGKKK@Z 5f810910 f inet.obj
 0001:0000fa63       ?PutFile@CFtpConnection@@QAEHPBG0KK@Z 5f810a63 f inet.obj
 0001:0000fb18       ?GetFile@CFtpConnection@@QAEHPBG0HKKK@Z 5f810b18 f inet.obj
 0001:0000fbf9       ?Dump@CFtpConnection@@UBEXAAVCDumpContext@@@Z 5f810bf9 f inet.obj
 0001:0000fc2c       ?AssertValid@CFtpConnection@@UBEXXZ 5f810c2c f inet.obj
 0001:0000fc94       ??1CGopherConnection@@UAE@XZ 5f810c94 f inet.obj
 0001:0000fcb0       ??0CGopherConnection@@QAE@PAVCInternetSession@@PBG11KG@Z 5f810cb0 f inet.obj
 0001:0000fde2       ??0CGopherConnection@@QAE@PAVCInternetSession@@PAXPBGK@Z 5f810de2 f inet.obj
 0001:0000ff05       ?CreateLocator@CGopherConnection@@SA?AVCGopherLocator@@PBG@Z 5f810f05 f inet.obj
 0001:0000ff79       ?CreateLocator@CGopherConnection@@SA?AVCGopherLocator@@PBG00KG@Z 5f810f79 f inet.obj
 0001:0001002d       ?CreateLocator@CGopherConnection@@QAE?AVCGopherLocator@@PBG0K@Z 5f81102d f inet.obj
 0001:00010101       ?GetAttribute@CGopherConnection@@QAEHAAVCGopherLocator@@VCString@@AAV3@@Z 5f811101 f inet.obj
 0001:000101bb       ?OpenFile@CGopherConnection@@QAEPAVCGopherFile@@AAVCGopherLocator@@KPBGK@Z 5f8111bb f inet.obj
 0001:000102b7       ?Close@CGopherConnection@@UAEXXZ 5f8112b7 f inet.obj
 0001:000102ca       ?Dump@CGopherConnection@@UBEXAAVCDumpContext@@@Z 5f8112ca f inet.obj
 0001:000102fd       ?AssertValid@CGopherConnection@@UBEXXZ 5f8112fd f inet.obj
 0001:00010365       ??1CHttpConnection@@UAE@XZ 5f811365 f inet.obj
 0001:000103b9       ??0CHttpConnection@@QAE@PAVCInternetSession@@PAXPBGK@Z 5f8113b9 f inet.obj
 0001:000104eb       ??0CHttpConnection@@QAE@PAVCInternetSession@@PBGG11K@Z 5f8114eb f inet.obj
 0001:0001060c       ??0CHttpConnection@@QAE@PAVCInternetSession@@PBGKG11K@Z 5f81160c f inet.obj
 0001:0001072f       ?Close@CHttpConnection@@UAEXXZ 5f81172f f inet.obj
 0001:00010742       ?OpenRequest@CHttpConnection@@QAEPAVCHttpFile@@PBG00KPAPBG0K@Z 5f811742 f inet.obj
 0001:0001084e       ?OpenRequest@CHttpConnection@@QAEPAVCHttpFile@@HPBG0KPAPBG0K@Z 5f81184e f inet.obj
 0001:00010905       ?Dump@CHttpConnection@@UBEXAAVCDumpContext@@@Z 5f811905 f inet.obj
 0001:00010938       ?AssertValid@CHttpConnection@@UBEXXZ 5f811938 f inet.obj
 0001:000109a0       ??0CHttpFile@@IAE@PAX0PBG11K@Z 5f8119a0 f inet.obj
 0001:00010a50       ??0CHttpFile@@IAE@PAXPBG1PAVCHttpConnection@@@Z 5f811a50 f inet.obj
 0001:00010b4b       ??1CHttpFile@@UAE@XZ       5f811b4b f inet.obj
 0001:00010bae       ?Close@CHttpFile@@UAEXXZ   5f811bae f inet.obj
 0001:00010bc1       ?ErrorDlg@CHttpFile@@QAEKPAVCWnd@@KKPAPAX@Z 5f811bc1 f inet.obj
 0001:00010c2b       ?GetVerb@CHttpFile@@QBE?AVCString@@XZ 5f811c2b f inet.obj
 0001:00010c98       ?GetObjectW@CHttpFile@@QBE?AVCString@@XZ 5f811c98 f inet.obj
 0001:00010d05       ?GetFileURL@CHttpFile@@UBE?AVCString@@XZ 5f811d05 f inet.obj
 0001:00010e21       ?AddRequestHeaders@CHttpFile@@QAEHPBGKH@Z 5f811e21 f inet.obj
 0001:00010ece       ?AddRequestHeaders@CHttpFile@@QAEHAAVCString@@K@Z 5f811ece f inet.obj
 0001:00010ef9       ?SendRequest@CHttpFile@@QAEHPBGKPAXK@Z 5f811ef9 f inet.obj
 0001:00010fc7       ?SendRequest@CHttpFile@@QAEHAAVCString@@PAXK@Z 5f811fc7 f inet.obj
 0001:00011058       ?QueryInfo@CHttpFile@@QBEHKPAXPAK1@Z 5f812058 f inet.obj
 0001:00011113       ?QueryInfo@CHttpFile@@QBEHKAAKPAK@Z 5f812113 f inet.obj
 0001:00011141       ?QueryInfo@CHttpFile@@QBEHKPAU_SYSTEMTIME@@PAK@Z 5f812141 f inet.obj
 0001:0001117a       ?QueryInfoStatusCode@CHttpFile@@QBEHAAK@Z 5f81217a f inet.obj
 0001:00011218       ?QueryInfo@CHttpFile@@QBEHKAAVCString@@PAK@Z 5f812218 f inet.obj
 0001:0001130e       ?Dump@CHttpFile@@MBEXAAVCDumpContext@@@Z 5f81230e f inet.obj
 0001:0001134f       ?AssertValid@CHttpFile@@MBEXXZ 5f81234f f inet.obj
 0001:00011362       ??0CGopherFile@@IAE@PAXAAVCGopherLocator@@PAVCGopherConnection@@@Z 5f812362 f inet.obj
 0001:0001140b       ??0CGopherFile@@IAE@PAX0PBGKK@Z 5f81240b f inet.obj
 0001:00011484       ??1CGopherFile@@UAE@XZ     5f812484 f inet.obj
 0001:000114d8       ?Close@CGopherFile@@UAEXXZ 5f8124d8 f inet.obj
 0001:000114eb       ?Write@CGopherFile@@UAEXPBXI@Z 5f8124eb f inet.obj
 0001:00011526       ?WriteString@CGopherFile@@UAEXPBG@Z 5f812526 f inet.obj
 0001:00011561       ?Dump@CGopherFile@@UBEXAAVCDumpContext@@@Z 5f812561 f inet.obj
 0001:0001157a       ?AssertValid@CGopherFile@@UBEXXZ 5f81257a f inet.obj
 0001:0001158d       ??0CFtpFileFind@@QAE@PAVCFtpConnection@@K@Z 5f81258d f inet.obj
 0001:00011658       ??1CFtpFileFind@@UAE@XZ    5f812658 f inet.obj
 0001:00011674       ?FindFile@CFtpFileFind@@UAEHPBGK@Z 5f812674 f inet.obj
 0001:000118d6       ?FindNextFileW@CFtpFileFind@@UAEHXZ 5f8128d6 f inet.obj
 0001:0001197a       ?CloseContext@CFtpFileFind@@MAEXXZ 5f81297a f inet.obj
 0001:000119ae       ?GetFileURL@CFtpFileFind@@UBE?AVCString@@XZ 5f8129ae f inet.obj
 0001:00011acf       ?Dump@CFtpFileFind@@UBEXAAVCDumpContext@@@Z 5f812acf f inet.obj
 0001:00011b03       ?AssertValid@CFtpFileFind@@UBEXXZ 5f812b03 f inet.obj
 0001:00011b16       ??0CGopherFileFind@@QAE@PAVCGopherConnection@@K@Z 5f812b16 f inet.obj
 0001:00011bd8       ??1CGopherFileFind@@UAE@XZ 5f812bd8 f inet.obj
 0001:00011bf4       ?FindFile@CGopherFileFind@@UAEHPBGK@Z 5f812bf4 f inet.obj
 0001:00011c75       ?FindFile@CGopherFileFind@@UAEHAAVCGopherLocator@@PBGK@Z 5f812c75 f inet.obj
 0001:00011d0e       ?FindNextFileW@CGopherFileFind@@UAEHXZ 5f812d0e f inet.obj
 0001:00011db2       ?CloseContext@CGopherFileFind@@MAEXXZ 5f812db2 f inet.obj
 0001:00011de6       ?GetFileName@CGopherFileFind@@UBE?AVCString@@XZ 5f812de6 f inet.obj
 0001:00011e14       ?GetFilePath@CGopherFileFind@@UBE?AVCString@@XZ 5f812e14 f inet.obj
 0001:00011e42       ?GetFileTitle@CGopherFileFind@@UBE?AVCString@@XZ 5f812e42 f inet.obj
 0001:00011e70       ?IsDots@CGopherFileFind@@UBEHXZ 5f812e70 f inet.obj
 0001:00011e7d       ?GetLastWriteTime@CGopherFileFind@@UBEHPAU_FILETIME@@@Z 5f812e7d f inet.obj
 0001:00011f18       ?GetLastAccessTime@CGopherFileFind@@UBEHPAU_FILETIME@@@Z 5f812f18 f inet.obj
 0001:00011f34       ?GetCreationTime@CGopherFileFind@@UBEHPAU_FILETIME@@@Z 5f812f34 f inet.obj
 0001:00011f50       ?GetLastWriteTime@CGopherFileFind@@UBEHAAVCTime@@@Z 5f812f50 f inet.obj
 0001:00011fcd       ?GetCreationTime@CGopherFileFind@@UBEHAAVCTime@@@Z 5f812fcd f inet.obj
 0001:00011fe9       ?GetLastAccessTime@CGopherFileFind@@UBEHAAVCTime@@@Z 5f812fe9 f inet.obj
 0001:00012005       ?GetFileURL@CGopherFileFind@@UBE?AVCString@@XZ 5f813005 f inet.obj
 0001:00012033       ?GetRoot@CGopherFileFind@@UBE?AVCString@@XZ 5f813033 f inet.obj
 0001:00012061       ?GetLocator@CGopherFileFind@@QBE?AVCGopherLocator@@XZ 5f813061 f inet.obj
 0001:000120e1       ?GetScreenName@CGopherFileFind@@QBE?AVCString@@XZ 5f8130e1 f inet.obj
 0001:0001219d       ?GetLength@CGopherFileFind@@UBEKXZ 5f81319d f inet.obj
 0001:000121d4       ?GetLength64@CGopherFileFind@@UBE_JXZ 5f8131d4 f inet.obj
 0001:00012222       ?Dump@CGopherFileFind@@UBEXAAVCDumpContext@@@Z 5f813222 f inet.obj
 0001:00012256       ?AssertValid@CGopherFileFind@@UBEXXZ 5f813256 f inet.obj
 0001:00012269       ??0CGopherLocator@@AAE@PBGK@Z 5f813269 f inet.obj
 0001:00012306       ??1CGopherLocator@@UAE@XZ  5f813306 f inet.obj
 0001:0001235a       ?AfxThrowInternetException@@YGXKK@Z 5f81335a f inet.obj
 0001:00012404       ?GetErrorMessage@CInternetException@@UAEHPAGIPAI@Z 5f813404 f inet.obj
 0001:000125ac       ??0CInternetException@@QAE@K@Z 5f8135ac f inet.obj
 0001:000125d6       ??1CInternetException@@UAE@XZ 5f8135d6 f inet.obj
 0001:000125f2       ?Dump@CInternetException@@UBEXAAVCDumpContext@@@Z 5f8135f2 f inet.obj
 0001:00012641       ?GetContext@CInternetSession@@QBEKXZ 5f813641 f inet.obj
 0001:00012652       ?GetServerName@CInternetConnection@@QBE?AVCString@@XZ 5f813652 f inet.obj
 0001:00012683       ?GetSession@CInternetConnection@@QBEPAVCInternetSession@@XZ 5f813683 f inet.obj
 0001:00012694       ??BCInternetSession@@QBEPAXXZ 5f813694 f inet.obj
 0001:000126a5       ?SetOption@CInternetSession@@QAEHKKK@Z 5f8136a5 f inet.obj
 0001:000126c8       ??BCGopherLocator@@QBEPBGXZ 5f8136c8 f inet.obj
 0001:000126de       ?GetLocatorType@CGopherLocator@@QBEHAAK@Z 5f8136de f inet.obj
 0001:00012701       ??0CGopherLocator@@QAE@ABV0@@Z 5f813701 f inet.obj
 0001:0001277c       ??BCInternetConnection@@QBEPAXXZ 5f81377c f inet.obj
 0001:0001278d       ?GetContext@CInternetConnection@@QBEKXZ 5f81378d f inet.obj
 0001:0001279e       ?SetOption@CInternetConnection@@QAEHKKK@Z 5f81379e f inet.obj
 0001:000127c1       ?GetContext@CInternetFile@@QBEKXZ 5f8137c1 f inet.obj
 0001:000127d2       ??BCInternetFile@@QBEPAXXZ 5f8137d2 f inet.obj
 0001:000127e3       ?SetOption@CInternetFile@@QAEHKKK@Z 5f8137e3 f inet.obj
 0001:00012810       ?Lookup@CSessionMapPtrToPtr@@QAEHPAXAAPAVCInternetSession@@@Z 5f813810 f inet.obj
 0001:00012850       ??_GCInternetSession@@UAEPAXI@Z 5f813850 f inet.obj
 0001:00012880       ?SetAt@CSessionMapPtrToPtr@@QAEXPAXPAVCInternetSession@@@Z 5f813880 f inet.obj
 0001:000128c0       ?RemoveKey@CSessionMapPtrToPtr@@QAEXPAX@Z 5f8138c0 f inet.obj
 0001:00012900       ??_ECInternetFile@@UAEPAXI@Z 5f813900 f inet.obj
 0001:00012900       ??_GCInternetFile@@UAEPAXI@Z 5f813900 f inet.obj
 0001:00012930       ??_GCInternetConnection@@UAEPAXI@Z 5f813930 f inet.obj
 0001:00012930       ??_ECInternetConnection@@UAEPAXI@Z 5f813930 f inet.obj
 0001:00012960       ??_ECFtpConnection@@UAEPAXI@Z 5f813960 f inet.obj
 0001:00012960       ??_GCFtpConnection@@UAEPAXI@Z 5f813960 f inet.obj
 0001:00012990       ??_GCGopherConnection@@UAEPAXI@Z 5f813990 f inet.obj
 0001:00012990       ??_ECGopherConnection@@UAEPAXI@Z 5f813990 f inet.obj
 0001:000129c0       ??_GCHttpConnection@@UAEPAXI@Z 5f8139c0 f inet.obj
 0001:000129c0       ??_ECHttpConnection@@UAEPAXI@Z 5f8139c0 f inet.obj
 0001:000129f0       ??_GCHttpFile@@UAEPAXI@Z   5f8139f0 f inet.obj
 0001:000129f0       ??_ECHttpFile@@UAEPAXI@Z   5f8139f0 f inet.obj
 0001:00012a20       ??_GCGopherFile@@UAEPAXI@Z 5f813a20 f inet.obj
 0001:00012a20       ??_ECGopherFile@@UAEPAXI@Z 5f813a20 f inet.obj
 0001:00012a50       ??_GCFtpFileFind@@UAEPAXI@Z 5f813a50 f inet.obj
 0001:00012a50       ??_ECFtpFileFind@@UAEPAXI@Z 5f813a50 f inet.obj
 0001:00012a80       ??_ECGopherFileFind@@UAEPAXI@Z 5f813a80 f inet.obj
 0001:00012a80       ??_GCGopherFileFind@@UAEPAXI@Z 5f813a80 f inet.obj
 0001:00012ab0       ??_GCGopherLocator@@UAEPAXI@Z 5f813ab0 f inet.obj
 0001:00012ab0       ??_ECGopherLocator@@UAEPAXI@Z 5f813ab0 f inet.obj
 0001:00012ae0       ??_ECInternetException@@UAEPAXI@Z 5f813ae0 f inet.obj
 0001:00012ae0       ??_GCInternetException@@UAEPAXI@Z 5f813ae0 f inet.obj
 0001:00012b10       ??0CSessionMapPtrToPtr@@QAE@XZ 5f813b10 f inet.obj
 0001:00012b70       ??_ECSessionMapPtrToPtr@@UAEPAXI@Z 5f813b70 f inet.obj
 0001:00012b70       ??_GCSessionMapPtrToPtr@@UAEPAXI@Z 5f813b70 f inet.obj
 0001:00012ba0       ??1CSessionMapPtrToPtr@@UAE@XZ 5f813ba0 f inet.obj
 0001:00012c00       ??0CFileFind@@QAE@XZ       5f813c00 f filefind.obj
 0001:00012c7e       ??1CFileFind@@UAE@XZ       5f813c7e f filefind.obj
 0001:00012cde       ?Close@CFileFind@@QAEXXZ   5f813cde f filefind.obj
 0001:00012d62       ?CloseContext@CFileFind@@MAEXXZ 5f813d62 f filefind.obj
 0001:00012d7a       ?FindFile@CFileFind@@UAEHPBGK@Z 5f813d7a f filefind.obj
 0001:00012efc       ?MatchesMask@CFileFind@@UBEHK@Z 5f813efc f filefind.obj
 0001:00012f5d       ?GetLastAccessTime@CFileFind@@UBEHPAU_FILETIME@@@Z 5f813f5d f filefind.obj
 0001:00012ff2       ?GetLastWriteTime@CFileFind@@UBEHPAU_FILETIME@@@Z 5f813ff2 f filefind.obj
 0001:00013087       ?GetCreationTime@CFileFind@@UBEHPAU_FILETIME@@@Z 5f814087 f filefind.obj
 0001:000130fc       ?GetLastAccessTime@CFileFind@@UBEHAAVCTime@@@Z 5f8140fc f filefind.obj
 0001:00013176       ?GetLastWriteTime@CFileFind@@UBEHAAVCTime@@@Z 5f814176 f filefind.obj
 0001:000131f0       ?GetCreationTime@CFileFind@@UBEHAAVCTime@@@Z 5f8141f0 f filefind.obj
 0001:0001326a       ?IsDots@CFileFind@@UBEHXZ  5f81426a f filefind.obj
 0001:00013318       ?FindNextFileW@CFileFind@@UAEHXZ 5f814318 f filefind.obj
 0001:000133bc       ?GetFileURL@CFileFind@@UBE?AVCString@@XZ 5f8143bc f filefind.obj
 0001:00013498       ?GetRoot@CFileFind@@UBE?AVCString@@XZ 5f814498 f filefind.obj
 0001:00013505       ?GetFilePath@CFileFind@@UBE?AVCString@@XZ 5f814505 f filefind.obj
 0001:0001362f       ?GetFileTitle@CFileFind@@UBE?AVCString@@XZ 5f81462f f filefind.obj
 0001:00013722       ?GetFileName@CFileFind@@UBE?AVCString@@XZ 5f814722 f filefind.obj
 0001:000137e1       ?GetLength@CFileFind@@QBEKXZ 5f8147e1 f filefind.obj
 0001:0001383e       ?GetLength64@CFileFind@@QBE_JXZ 5f81483e f filefind.obj
 0001:000138ad       ?Dump@CFileFind@@MBEXAAVCDumpContext@@@Z 5f8148ad f filefind.obj
 0001:000138e1       ?AssertValid@CFileFind@@MBEXXZ 5f8148e1 f filefind.obj
 0001:00013960       ??_GCFileFind@@UAEPAXI@Z   5f814960 f filefind.obj
 0001:00013990       ?IsEmpty@CSimpleList@@QBEHXZ 5f814990 f dllinit.obj
 0001:000139b0       ?GetHead@?$CTypedSimpleList@PAUCRuntimeClass@@@@QAEPAUCRuntimeClass@@XZ 5f8149b0 f dllinit.obj
 0001:000139d0       ?GetHead@?$CTypedSimpleList@PAVCOleObjectFactory@@@@QAEPAVCOleObjectFactory@@XZ 5f8149d0 f dllinit.obj
 0001:000139f0       ?AddHead@?$CTypedSimpleList@PAVCDynLinkLibrary@@@@QAEXPAVCDynLinkLibrary@@@Z 5f8149f0 f dllinit.obj
 0001:00013a10       ?Remove@?$CTypedSimpleList@PAVCDynLinkLibrary@@@@QAEHPAVCDynLinkLibrary@@@Z 5f814a10 f dllinit.obj
 0001:00013a30       ??0type_info@@AAE@ABV0@@Z  5f814a30 f msvcrtd:ti_inst.obj
 0001:00013a50       ??_Gtype_info@@UAEPAXI@Z   5f814a50 f msvcrtd:ti_inst.obj
 0001:00013a50       ??_Etype_info@@UAEPAXI@Z   5f814a50 f msvcrtd:ti_inst.obj
 0001:00013a80       ??4type_info@@AAEAAV0@ABV0@@Z 5f814a80 f msvcrtd:ti_inst.obj
 0001:00013a90       ___CxxFrameHandler         5f814a90 f msvcrtd:MSVCRTD.dll
 0001:00013aa0       __onexit                   5f814aa0 f msvcrtd:atonexit.obj
 0001:00013ae0       _atexit                    5f814ae0 f msvcrtd:atonexit.obj
 0001:00013af8       __CxxThrowException@8      5f814af8 f msvcrtd:MSVCRTD.dll
 0001:00013afe       __CrtDbgReport             5f814afe f msvcrtd:MSVCRTD.dll
 0001:00013b10       __chkstk                   5f814b10   msvcrtd:chkstk.obj
 0001:00013b10       __alloca_probe             5f814b10   msvcrtd:chkstk.obj
 0001:00013b40       __gcvt                     5f814b40 f msvcrtd:MSVCRTD.dll
 0001:00013b46       _memcpy                    5f814b46 f msvcrtd:MSVCRTD.dll
 0001:00013b4c       _memmove                   5f814b4c f msvcrtd:MSVCRTD.dll
 0001:00013b52       __purecall                 5f814b52 f msvcrtd:MSVCRTD.dll
 0001:00013b58       _memcmp                    5f814b58 f msvcrtd:MSVCRTD.dll
 0001:00013b5e       __except_handler3          5f814b5e f msvcrtd:MSVCRTD.dll
 0001:00013b64       __CrtSetReportMode         5f814b64 f msvcrtd:MSVCRTD.dll
 0001:00013b6a       __CrtSetReportHook         5f814b6a f msvcrtd:MSVCRTD.dll
 0001:00013b70       __CrtSetDumpClient         5f814b70 f msvcrtd:MSVCRTD.dll
 0001:00013b76       __CrtSetDbgFlag            5f814b76 f msvcrtd:MSVCRTD.dll
 0001:00013b7c       __CrtDumpMemoryLeaks       5f814b7c f msvcrtd:MSVCRTD.dll
 0001:00013b82       __vsnwprintf               5f814b82 f msvcrtd:MSVCRTD.dll
 0001:00013b88       __free_dbg                 5f814b88 f msvcrtd:MSVCRTD.dll
 0001:00013b8e       __malloc_dbg               5f814b8e f msvcrtd:MSVCRTD.dll
 0001:00013b94       __CrtSetAllocHook          5f814b94 f msvcrtd:MSVCRTD.dll
 0001:00013b9a       __CrtSetBreakAlloc         5f814b9a f msvcrtd:MSVCRTD.dll
 0001:00013ba0       __CrtCheckMemory           5f814ba0 f msvcrtd:MSVCRTD.dll
 0001:00013ba6       __CrtIsMemoryBlock         5f814ba6 f msvcrtd:MSVCRTD.dll
 0001:00013bac       _memset                    5f814bac f msvcrtd:MSVCRTD.dll
 0001:00013bb2       __CrtMemDifference         5f814bb2 f msvcrtd:MSVCRTD.dll
 0001:00013bb8       __CrtMemDumpStatistics     5f814bb8 f msvcrtd:MSVCRTD.dll
 0001:00013bbe       __CrtMemCheckpoint         5f814bbe f msvcrtd:MSVCRTD.dll
 0001:00013bc4       __CrtMemDumpAllObjectsSince 5f814bc4 f msvcrtd:MSVCRTD.dll
 0001:00013bca       __CrtDoForAllClientObjects 5f814bca f msvcrtd:MSVCRTD.dll
 0001:00013bd0       _abort                     5f814bd0 f msvcrtd:MSVCRTD.dll
 0001:00013bd6       _wcscmp                    5f814bd6 f msvcrtd:MSVCRTD.dll
 0001:00013bdc       __wcsicmp                  5f814bdc f msvcrtd:MSVCRTD.dll
 0001:00013be2       _wcscoll                   5f814be2 f msvcrtd:MSVCRTD.dll
 0001:00013be8       __get_osfhandle            5f814be8 f msvcrtd:MSVCRTD.dll
 0001:00013bee       ___doserrno                5f814bee f msvcrtd:MSVCRTD.dll
 0001:00013bf4       __fdopen                   5f814bf4 f msvcrtd:MSVCRTD.dll
 0001:00013bfa       __open_osfhandle           5f814bfa f msvcrtd:MSVCRTD.dll
 0001:00013c00       _clearerr                  5f814c00 f msvcrtd:MSVCRTD.dll
 0001:00013c06       _fread                     5f814c06 f msvcrtd:MSVCRTD.dll
 0001:00013c0c       _fwrite                    5f814c0c f msvcrtd:MSVCRTD.dll
 0001:00013c12       _fputws                    5f814c12 f msvcrtd:MSVCRTD.dll
 0001:00013c18       _fgetws                    5f814c18 f msvcrtd:MSVCRTD.dll
 0001:00013c1e       _ftell                     5f814c1e f msvcrtd:MSVCRTD.dll
 0001:00013c24       _fseek                     5f814c24 f msvcrtd:MSVCRTD.dll
 0001:00013c2a       _fflush                    5f814c2a f msvcrtd:MSVCRTD.dll
 0001:00013c30       _fclose                    5f814c30 f msvcrtd:MSVCRTD.dll
 0001:00013c36       _malloc                    5f814c36 f msvcrtd:MSVCRTD.dll
 0001:00013c3c       _realloc                   5f814c3c f msvcrtd:MSVCRTD.dll
 0001:00013c42       _free                      5f814c42 f msvcrtd:MSVCRTD.dll
 0001:00013c48       _wcschr                    5f814c48 f msvcrtd:MSVCRTD.dll
 0001:00013c4e       _wcspbrk                   5f814c4e f msvcrtd:MSVCRTD.dll
 0001:00013c54       __wcsupr                   5f814c54 f msvcrtd:MSVCRTD.dll
 0001:00013c5a       __wcslwr                   5f814c5a f msvcrtd:MSVCRTD.dll
 0001:00013c60       __wcsrev                   5f814c60 f msvcrtd:MSVCRTD.dll
 0001:00013c66       _wcsspn                    5f814c66 f msvcrtd:MSVCRTD.dll
 0001:00013c6c       _wcscspn                   5f814c6c f msvcrtd:MSVCRTD.dll
 0001:00013c72       _wcsrchr                   5f814c72 f msvcrtd:MSVCRTD.dll
 0001:00013c78       _wcsstr                    5f814c78 f msvcrtd:MSVCRTD.dll
 0001:00013c7e       _vswprintf                 5f814c7e f msvcrtd:MSVCRTD.dll
 0001:00013c84       _wcslen                    5f814c84 f msvcrtd:MSVCRTD.dll
 0001:00013c8a       _iswdigit                  5f814c8a f msvcrtd:MSVCRTD.dll
 0001:00013c90       __wtoi                     5f814c90 f msvcrtd:MSVCRTD.dll
 0001:00013c96       _iswspace                  5f814c96 f msvcrtd:MSVCRTD.dll
 0001:00013c9c       _mktime                    5f814c9c f msvcrtd:MSVCRTD.dll
 0001:00013ca2       _time                      5f814ca2 f msvcrtd:MSVCRTD.dll
 0001:00013ca8       _gmtime                    5f814ca8 f msvcrtd:MSVCRTD.dll
 0001:00013cae       _localtime                 5f814cae f msvcrtd:MSVCRTD.dll
 0001:00013cb4       _ctime                     5f814cb4 f msvcrtd:MSVCRTD.dll
 0001:00013cba       _wcsftime                  5f814cba f msvcrtd:MSVCRTD.dll
 0001:00013cc0       __msize                    5f814cc0 f msvcrtd:MSVCRTD.dll
 0001:00013cc6       _calloc                    5f814cc6 f msvcrtd:MSVCRTD.dll
 0001:00013cd0       __alldiv                   5f814cd0 f msvcrtd:lldiv.obj
 0001:00013d80       __allshr                   5f814d80 f msvcrtd:llshr.obj
 0001:00013db0       __allmul                   5f814db0 f msvcrtd:llmul.obj
 0001:00013de4       _abs                       5f814de4 f msvcrtd:MSVCRTD.dll
 0001:00013dea       _wcstoul                   5f814dea f msvcrtd:MSVCRTD.dll
 0001:00013df0       _wcstol                    5f814df0 f msvcrtd:MSVCRTD.dll
 0001:00013df6       _swprintf                  5f814df6 f msvcrtd:MSVCRTD.dll
 0001:00013dfc       _wcstod                    5f814dfc f msvcrtd:MSVCRTD.dll
 0001:00013e02       __expand                   5f814e02 f msvcrtd:MSVCRTD.dll
 0001:00013e08       __wcsdup                   5f814e08 f msvcrtd:MSVCRTD.dll
 0001:00013e0e       __endthreadex              5f814e0e f msvcrtd:MSVCRTD.dll
 0001:00013e14       __beginthreadex            5f814e14 f msvcrtd:MSVCRTD.dll
[...]
FIXUPS: 39a60 b6 2d 1a 36 7 7 b681 59fb2 b fffa607c 13 3c f 59f3b b fff99d24
FIXUPS: 38f38 1b be 24 28 18 20 ce 98 23 3b 37 2a 2e 78 35 38 2c 35 1f
FIXUPS: 3946d 3b 65c0b 8 c c c b 8 9 9 b 8 9 b 8 b b b 8 b 9 b 8 9 9 b
FIXUPS: 9f1a8 9 9 b fffa6006 13 32 fffffc38 1c c 30 27 26 10 13 34 13 44
FIXUPS: 4500a 33 5d 14 6 14 6 14 7 14 7 8 3b 7 f 17 39 59ed7 c c c fffa58e0
FIXUPS: 44997 38 f 4f 71 1d 20 21 26 15 13 5b 13 13 15 22 f 38 f 40 f 18
FIXUPS: 44cc7 16 93 18 1c 13 1a 18 45 fffff686 f 6 31 f b c 6 8 c 6 f 36
FIXUPS: 4459d 34 87 13 82 19 62 11 67 41 20 30 26 15 13 6c 13 13 15 fffff6a2
FIXUPS: 4401b d 18 8e 8 22 2c e 6 f 70 19 b 21 13 17 31 70 25 12 e 1e c
FIXUPS: 44350 3c 68 45 1f 18 17 22 fffff827 f 58 12 13 8 11 13 1c 1b c
FIXUPS: 43dd1 a 8 c f f 6 2a f 2d f 21 1e f 69 24 d 13 12 46 19 fffffa15
FIXUPS: 43a1f 22 41 f 10 18 1a 12 17 d 15 8 21 e 19 17 c 23 7 1a 10 c 29
FIXUPS: 43c20 f 13 1a b 26 f 15 fffff81d 31 74 20 13 c 59 20 13 c 25 5b
FIXUPS: 436ea 13 c 27 48 2e 39 8 1c 55 15 e 13 2e 18 30 6 30 7b 1b 5b844
FIXUPS: 9f220 b 8 c b 8 b fffa6ece 13 ffffd12f 12 f 11 40 10 5d 13 b b
FIXUPS: 43385 3e 1a f f f 28 29 f 13 d 10 2807 13 20 36 27 49 22 16 1c
FIXUPS: 45e0a 2a e0 d 13 3c 4a 21 14 7 14 6 1f 7 f 8 11 37 7 f d 17 39
FIXUPS: 4588e f 26 a 23 18 3a 1a 54 46 7 6 20 28 e 19 2b 25 1b 3a 1b 1a
FIXUPS: 45b68 14 13 49 18 13 33 1b 1d 1c 595fd b 8 b fffa6050 12 28 1e
FIXUPS: 4535d 1e 10 1e 10 d5 13 2c 11 23 14 31 16 15 26 5a 5a 60 2c 1e
FIXUPS: 45705 1e 10 6b c0c 10 1b 22 26 1e 27 4f 78 28 48 66 19 25 5 71
FIXUPS: 466d7 11 13 13 1b 26 1d 7 f d 15 1f 18 13 58a86 b fffa7bd2 7 7
FIXUPS: 46e96 7 f 17 39 583b8 c b 8 c b 8 b 8 b fffa7c0b 13 fffff23d 60
FIXUPS: 461dd 53 48 1b c 33 1b c 84 15 6d8 10 1a 20 c 11 c 47 11 17 44
FIXUPS: 46bd5 46 34 29 24 25 53 24 2f f 13 13 1b 28 14 7 14 7 17 7 10 33a
FIXUPS: 47188 36 8 27 13 32 22 45 18 517e4 1e 1d 3c f fffadd18 14 18 10
FIXUPS: 468ac 2e 23 51 3e f b 3e f 20 1a 20 c 14076 37 a 6 20 1f b 18 16
FIXUPS: 5aba9 8 11 b 18 14 7 f d 26 42 17 13 fffec2ae 41 45 30 18 6 3a
FIXUPS: 47082 13 23 13740 28 25 f 8 13 25 f 8 6 22 1a 8 5 1d f 8 5 1e f
FIXUPS: 5a9a3 13 11 10 10 14 f 20 11 15 18 13 fffffa8a f a 28 25 f 8 13
FIXUPS: 5a5ba f 16 22 15 24 13 25 f a 28 25 f 8 13 25 f 16 22 15 24 13
FIXUPS: 5a7df f fffffa8d f 12 1c f 18 25 c 8 10 25 c 13 e 7 e 10 18 b 1a
FIXUPS: 5a3fc e 8 6 1f b 5 2c 22 15 23 13 fffffabd 8 13 15 a c a 1b f 42
FIXUPS: 5a06f 1e 22 f 1c 10 25 c 18 22 f 1c 10 25 c 18 22 f 1b 10 25 c
FIXUPS: 59caa 2e 35 17 11 13 1a d 10 d 1a 11 13 11 18 18 f f f 12 4a d
FIXUPS: 59eb4 13 f 25 29 12 19 19 c 8 fffff95b 18 13 21 1c 10 13 13 31
FIXUPS: 599be 6c 11 13 25 1b 1a 1d 18 12 13 46 18 12 13 68 12 13 13 25
FIXUPS: 59c59 1d 1e 458b7 b 8 c b fffedc06 13 fffcc563 18 13 b 1c 12 13
FIXUPS: 5977b 24 c 9 13 16 18 f d 18 d 12 1c 10 13 15 c 8 45b50 c 9 b 8
FIXUPS: 9f431 b 8 9 9 9 9 9 9 9 9 9 c c c c c c c c c c c c b 8 b fffedae5
FIXUPS: 8d034 c c c 11 f 53 76 121e3 b 8 9 9 9 9 b 8 9 9 9 9 9 9 9 9 9
FIXUPS: 9f3ca 8 b b c fffeda51 10 c c c c c c 1e 12 19 22 9 19 e 11 17
FIXUPS: 8cf69 6 10 c c c c c c 13 f 15 6 c c fffffc8e f 13 d d f d 9 6
FIXUPS: 8cd21 c c c c c c 1c f d 9 6 10 c c c c c c 12 f d 9 fffffcbc c
FIXUPS: 8cb13 c c c c 1c f 12 6 10 c c c c c c 12 f 12 6 10 c c c c c c
FIXUPS: 8cc81 d d fffffc70 25 29 a 14 15 9 6 10 c c c c c c 17 f d 9 6
FIXUPS: 8ca45 c c c c c c 22 15 f 12 6 fffffc0b f b 6 8 6 c c c 11 f 3d
FIXUPS: 8c7b8 13 f d 6 b 2e 11 10 10 10 12 10 6 22 1f f c 8 c fffffc3e
FIXUPS: 8c54c b 6 d f b 6 d f b 6 d f b 6 d f b 6 d f b 6 19 12 19 22 9
FIXUPS: 8c6c6 e 11 12ec5 c b fffa8bea 13 3c f 573cb b fffecd42 47 14 4d
FIXUPS: 8c3d9 13 f d 6 b 2e d c c 25 29 a 14 13 f b 6 1d fffbb9a7 8 1c
FIXUPS: 47f10 7 f 15 42 12 1c 47 16 b 1b 18 43 2b 23 17 14 6 14 7 18 b
FIXUPS: 48159 22 13 573f6 b 8 b fffa8432 10 16 11 3a 13 2b 7b 1d 11 3f
FIXUPS: 47b80 13 5a 16 69 2e 50 e 5b 20 25 13 2d 11 14 9 19 d 13 3c 8 fffff545
FIXUPS: 473e1 1b 76 1f 31 15 1c 1f 11 11 8 57 17 89 27 25 7e 3c 4e 15 23
FIXUPS: 477fe 2f 13 c 36 1f 21 13 13 5c 57cb9 c c c c c c c 9 c 9 c c c
FIXUPS: 9f69e b a b b b ffff5f9c 21 a a049 b ffff5fe5 17 13 fff77a4d 3a1da
FIXUPS: 47383 f 4df1f 28 a b d c 8 4a 2f f 20 a 7 7 27 8 f f c c f c f
FIXUPS: 9549b 12 a 1e 3b 15 d 106 9fbc ffff5a63 8 14 b 11 d b f 10 7 27
FIXUPS: 950fc e f f c c f c f d b b d b d b d b d 54 13 fffffbda b f 11
FIXUPS: 94e5a 14 7 b 12 10 18 e c 1d 25 f 14 18 9 6 12 16 30 7 7 12 f f
FIXUPS: 95007 f 21 11 fffffb4d 25 c c 2a f 47 13 28 14 14 14 11 e c e f
FIXUPS: 94d22 14 f f f f c f 17 25 f f f f f a918 a 8 b fffc1412 13 33cce
FIXUPS: 94863 36 9 a 8 15 f 25 22 48 52 28 24 13 14 16 14 1a 23 28 3c 13
FIXUPS: 94b52 1c 10 fffcbe22 14 7 14 7 14 7 14 7 14 7 14 7 14 7 14 7 27
FIXUPS: 60aa6 16 6 2a 6 16 6 23 6 d 3ebc0 b 8 b fffc0dfd 33 25 1f 23 58
FIXUPS: 6063a 28 2b bf 1e c 16 e 11 b 22 f 16 8 e 1d 26 18 23 2c 23 23
FIXUPS: 6092b 28 27 1f fffff74d 22 52 14 1a 3c 10 10 13 22 45 14 34 30
FIXUPS: 602f7 3a 3c 10 10 13 22 1d 28 14 1a 3c 10 10 13 22 1d 28 fffff76c
FIXUPS: 5fcb9 1c 27 36 45 23 13 58 7 e b 14 1f 2f 45 23 13 58 7 e b 14
FIXUPS: 5ffad 2d 14 30 21 38 3c 10 10 fffff09d 4a 19 bd 46 1b 34 2c 31
FIXUPS: 5f3a4 17 4a d2 8a 92 5b b5 18 200 b1 8b 78 6c 1e 12 1d 20 7 21
FIXUPS: 5fbed 7 72 ffffee6e 1b 16 1a 8 8 9 c 7 c c 11 25 8 8 9 8e 9 9e
FIXUPS: 5ecf0 f4 95 f f f 20 8 62 65 68 9 b fffff236 1d 76 18 16 23 e c
FIXUPS: 5e370 6d 18 6c 86 18 6f df 34 67 46 20 20 b5 53 40 64 40 2a 63
FIXUPS: 5ea19 23 5f 1e fffff503 c 26 c 51 22 18 8 9 e 11 16 8 14 8 9 8
FIXUPS: 5e109 8 9 8 1b 7 37 27 13 8 c 20 8 2a 1a fffff58d 79 72 1cc 1b
FIXUPS: 5daed 8 c 1a 8 61 7 5d 7 16 76 87 83 8 13 13 18 13 8 34 9 16 23
FIXUPS: 5de81 9f e 16 fffff1de 17 8 16 1c 8 11 8c 18 19 c 12 7 4c 68 44
FIXUPS: 5d37e 19 c 12 7 43 5f 41 94 12 217 25 8 c 1a 8 fffff295 23 25 7b
FIXUPS: 5cb8b 18 1e 9 29 1b 60 8 16 23 25 7b 7c 18 1e 9 29 1b 5e 8 9 20
FIXUPS: 5cf02 64 13c 16 10 14 fffff30b 9 38 8 16 23 28 45 46 57 46 45 72
FIXUPS: 5c6b6 22 25 24 30 22 33 8 16 23 28 42 46 5a 46 45 6c 46 8 fffff687
FIXUPS: 5c0cf 19 21 2a d d f 39 10 10 13 64 9 18 4c 21 9 c 15 9 1d 2e 9
FIXUPS: 5c34d 15 9 c 21 9 c 1a fffff6df 15 25 20 25 43 10 9 18 36 13 21
FIXUPS: 5bc7a 2d 58 20 60 20 20 20 5c 20 5a 20 20 20 95 62 2b 11 19 30
FIXUPS: 5b6bf 18 13 18 13 1b 9 16 1b 4a 2e 19 19 11 1f e f 13 1a 2c 13
FIXUPS: 5b8f0 3b 1b 14 2f 2c 13 22 35 18 12 fffff676 13 98 26 26 26 27
FIXUPS: 5b227 2c 43 1f 50 26 27 20 2f 2c 30 1b 3a 21 70 79 f 13 5c 10 16
FIXUPS: 5b611 43 20 2b 440c0 8 b 8 b 8 b fffaaae3 13 10a6f 15 e e e 1c
FIXUPS: 5adbe 86 61 15 12 2a 23 1d 1f 24 21 23 23 23 3b 3b 2c fffeeea4
FIXUPS: 49faa 18 18 20 24 6 24 6 24 6 24 6 14 7 14 7 d 33 f f f f f f f
FIXUPS: 4a190 d 3a 44 23 55516 fffaa104 e 28 16 2c 3d 23 8 c 34 e 28 5e
FIXUPS: 49a76 21 17 21 44 48 8c a1 26 1c 7f 9e 2c 5a 21 3b 27 13 33 fffff41c
FIXUPS: 4935c 13 2d 8b c 1b 24 f 96 c 23 19 9e c1 13 f 1c 13 8 16 c c 18
FIXUPS: 4977a 1a 8 8 20 3a 1c 28 fffff772 2d 13 8 9 22 58 1b 25 32 20 1b
FIXUPS: 49167 8 16 8 9 c 34 26 28 a 1a c 8 15 15 28 36 26 20 15 fffff94d
FIXUPS: 48c99 4d 29 b 9 1b 1c c 8 10 18 10 49 68 20 15 13 a 13 1a 28 13
FIXUPS: 48f19 8 9 1b 1c 10 9 21 10 fffff883 c 1f a 45 20 26 2d 19 1f 1a
FIXUPS: 48990 12 20 12 20 54 21 90 15 49 14 21 15 16 e f 5d 1e 16 e f fffff8a3
FIXUPS: 48556 4c 23 21 1d 29 8 14 1f 7 13 1b 7 1c c 8 10 16 10 2e 10 2d
FIXUPS: 48799 20 17 e c 8 18 13 8 1f58 1e 2e 11 23 8 13 1a 5 48 3d d 2b
FIXUPS: 4a905 d 15 14 13 1d 54e39 b fffa8b66 11f 12 b b b 19 3d 23 18 12
FIXUPS: 4a3cf 22 19 25 1b 15 18 43 2e 18 c 8 8 9 16 1d f 3a 17 28 a 13
FIXUPS: 4a608 22 15 1a 1b 73 36 1e 18 17 550f0 9 9 9 9 b 8 b 8 b fffd51cc
FIXUPS: 74a8e 1d 13 1d 2a 18 41 18 2ad4f b fffed963 11 35 5 14 12 17 fffbd00a
FIXUPS: 4a31b 2b 69 2a5c0 d a 20 7 14 7 14 6 14 6 14 7 14 7 d 1e 2ad67
FIXUPS: 9f7d0 b 8 c b 8 b 8 c b a 8 9 b fffd4e2c 32 49 20 7 13 16 2f 13
FIXUPS: 747a1 30 28 18 7 a 13 17 16 1f 6 1f 6 a 22 19 14 7 1d 7 1d 7 14
FIXUPS: 7416d d 15 1b f 13 50 7 17 13 e 1d 34 47 15 26 13 13 7 31 f 25
FIXUPS: 743e9 90 3a 15 16 f0 13 26 7 16 fffff8b0 9 1d 9 f 26 3d a c 18
FIXUPS: 73fc8 13 1b c 9 d 18 1e d 20 17 18 9 9 d 15 1b f d 20 13 d fffffb47
FIXUPS: 73cbe a 12 f 1a 13 9 7 13 9 13 22 a 12 f 1b 16 9 13 9 7 11 9 17
FIXUPS: 73e52 a 13 7 21 9 f fffffb1c d 1f 1c 18 1e 8 13 8 13 f 18 11 2d
FIXUPS: 73b29 9 10 21 c f d d 18 27 c f 2f a 12 25 9 f fffffa83 18 3b 18
FIXUPS: 7377b 18 29 10 7 8 14 13 14 22 6 f 8 13 23 a 13 1e a 13 20 a 1c
FIXUPS: 73932 f 22 38 a fffffadf 8 7 13 1e 8 7 13 1e e 7 13 1e 8 f 7 13
FIXUPS: 7359d 8 19 20 c 23 18 13 7 18 2d 1e 29 18 13 fffffad7 7 29 20 26
FIXUPS: 73263 8 24 22 a b f 35 20 8 7 1e 22 a 21 20 8 7 13 1e 8 7 13 1e
FIXUPS: 7344c 7 13 fffff90b 13 ce 24 1e 30 33 1d 2a 20 48 13 15 23 27 19
FIXUPS: 73045 14 1d d 18 23 d 14 13 13 1a 16 2e b 23 2c fffff47c 15 16
FIXUPS: 7267c 21 31 13 b 1b 27 34 1a 29 3c 44 17 25 68 a0 14 112 18 47
FIXUPS: 72b99 3e 16 33 13 6c 13 8e 17 fffff49e 13 e 13 1b e 13 26 28 13
FIXUPS: 722f9 47 2b 5e 28 13 3b 16 14 29 1b b 20 17 39 15 b 10 f 21 75
FIXUPS: 72626 fffff8d5 22 1d 26 1e 7 18 21 7 a 13 41 8 18 13 1c f 13 13
FIXUPS: 720b0 15 13 32 8 10 a 21 34 5 12 13 1c fffff9e8 13 44 18 36 26
FIXUPS: 71c84 1f 10 7 15 7 1e 15 1b 4f e 33 18 15 13 26 18 13 c f c e 12
FIXUPS: 71ea2 13 28 2dada 9 b ffff8880 13 1d b b b 1f 13 ffff5023 18 fffe45db
FIXUPS: 71903 5 14 12 40 12 f 62 f f 39 12 99 29 1d 12 f 2e 265f7 f f f
FIXUPS: 981bb f 14 7 14 7 d 76d8 c 9 b 8 c b 8 c b 9 b b 8 b 8 9 b 8 b
FIXUPS: 9f9ac ffff8555 3c 27 14 7 14 7 17 7 14 7 17 7 17 7 17 7 17 7 2a
FIXUPS: 9807b 2a 6 d 2d f f f d 33 f f fffff887 19 2b 49 3f 19 d 13 1f
FIXUPS: 97b3c a 16 23 27 10 12 3c 4b 13 13 32 3e 3f 2d 8f d 16 1c 1c 5d
FIXUPS: 97eae 1f fffff628 1b 1b 5a 20 1b 1b a9 42 3b 27 1e 25 1e 3c e 15
FIXUPS: 977f8 2e 16 f b 16 14 75 a 58 1b 1b 10 2a 19 fffff735 27 16 e 6e
FIXUPS: 971d6 c f 3a 30 2f 9 15 9 15 10 24 15 10 24 19 19 10 58 27 35 25
FIXUPS: 97480 1e 5 19 14 fffff713 8 19 5a 56 45 11 19 1e 7d 7 38 10 19
FIXUPS: 96e32 c 20 1c 22 1c 4f 4d 66 48 8 34 1d 8 2a 27 f 27 fffff5fa 10
FIXUPS: 9670e 15 10 c9 ed 13 67 18 1d 18 1a 17 23 7 1d 23 1c 21 37 11 13
FIXUPS: 96aee 1c 9 11 c 16 4d 2c 8 fffff45e 76 12 18 6e 12 1b 28 d6 16
FIXUPS: 962fb 1d e 15 10 1a f b e 17 7a 4a 1a 27 17 7 58 84 2f 3c b3 1b
FIXUPS: 95a53 c1 28 5e 1b 2d c 15 17 18 32 d 10 13 13 49 12 1b e e ec 22
FIXUPS: 95e68 70 f 26 3a 1b 13 4b 10 1b ffff7385 11 41 11 83a7 1b 39 13
FIXUPS: 957f2 f 4d 1b 12 18 10 1d 13 11 14 9 16 d 10 13 e 11 18 17 10 35
FIXUPS: 959f2 4a ffffbbff ffffbdd9 5 14 12 1c fffe777e 25 3c 14 47 c 17
FIXUPS: 74ccf a a 8 31 22 c 17 17 a 8 1d 37 2d 13 1d 20 13 1d 1c3ea 7 29
FIXUPS: 912ba f 2d 99 1a 17 2d 1c 3e 1b 3a f 13 2a e4ec b 8 c b a ffff1b23
FIXUPS: 9153e 1d 2a 18 41 18 e41f b ffff143d 1d 3d f 1a 23 3f 36 75 12
FIXUPS: 91023 26 11 1e 6 18 1e 10 f 38 1d 18 13 35 20 7 e 11 33 37 13 b
FIXUPS: 9fa5a b 8 b fffeda18 12 23 3e 12 25 c1 13 b567 27 fff745df 22 1e
FIXUPS: d1e5 18 41 18 9282f b fff6d80b 20 13 83abf 48 15 13 11 40 fffaa774
FIXUPS: 3b5c7 19 7 d 14 7 14 7 14 7 14 7 14 7 13 20 6 d 14 7 14 7 24 6
FIXUPS: 3b735 7 d 642eb b 8 b fff9b6b8 75 11 11 12 15 10 1b f 1e 18 47
FIXUPS: 3b2b7 131 21 33 31 1b 28 57 19 14 7 14 7 14 7 14 7 14 7 14 fffff64b
FIXUPS: 3ac3b 1d 15 11 e 44 8 29 15 1e 34 11 7 17 13 30 4d 2e 2b 2c 7b
FIXUPS: 3af3b cc 5 f 6 1c b 65 1d 1f fffff522 e 1b 31 11 11 15 b e 8 7
FIXUPS: 3a6d4 84 2a 18 8 4c 70 14 2a 40 33 a3 25 ce 49 29 6f 5 14 3d 17
FIXUPS: 3a29b 20 16 b 16 21 17 28 1c 19 25 17 22 13 1d 14 33 18 13 13 e
FIXUPS: 3a4bb 20 22 13 1d 14 25 25 5 14 43 65566 b fffee813 13 1d 13 1d
FIXUPS: d31d 2ccc9 1f 20 20 20 1c 10 16 1a 1d 5 15 1f 16 1b 10 1a b 27
FIXUPS: 3a1b8 15 3e 27 48 53f82 34 19 2e 11 11 18 43 5 14 12 1c 13 a896
FIXUPS: 98bf3 17 6e9a b 8 b 9 c 8 c c c b 8 c c c b fffee0c1 14 f e c 22
FIXUPS: 8dc73 c a0 26 30 2c 13 16 13 16 13 16 13 18 13 16 13 16 13 16 13
FIXUPS: 8defe ec a9 1b 126 fffadcdf 13 20 6 d d 51725 39 52 8 10 19 11
FIXUPS: 8d720 12 19 11 1ca 1b 18 2d 50 e4 12 f f f 80 f f f f fffae0e8
FIXUPS: 3bcb4 7 17 7 17 7 17 7 19 e 2f 7 16 e 6 40 7 17 7 17 7 d 14 7 14
FIXUPS: 3be62 14 7 14 7 14 fffffa3a 5e 13 2f 13 62 61 2e 5f 32 5 17 10
FIXUPS: 3bb61 10 2c 1c 14 7 14 7 14 7 14 7 17 7 17 7 17 7 17 528bf 1e 27
FIXUPS: 8e5c8 13 21 2e 16 1c 50 17 15 33 2e 33 2e 26 13 16 13 22 42 fffacf2b
FIXUPS: 3b79e a 8 12 16 1e 49 40 27 259e5 28 7 13 1d 7 12 15 7 3e845 b
FIXUPS: 98c4a a 20 18 18 26 5 21 1d 16 ffff56d4 24 1a 35 5 e 25 17 10 12
FIXUPS: 8e53c fffd2814 b 25 8 13 2d 7c 8 1d 2e 29 49 13 12 1b 27 6 23 2a
FIXUPS: 60fcb 17 70 15 16 13 2a 52 7d 92 1b 23 19 2dc54 54 50 19 10c02
FIXUPS: 9fb90 b c c b b b 9 b fffaae09 1699c 18 a7 fffe954f 1c 161df d
FIXUPS: 60bb0 1a 2e 20 12 74 1a 2a 10 54 2dbab 1a 20 41 16 32 3f 8 20 10
FIXUPS: 8ea45 18 a6 21 5b 1b 1f 25 29 f 17 12 54 26 26 12 4e 4b 1d 24 31
FIXUPS: 8ee60 9a1 2e 21 f 1a 10 1f 13 1b 31 1b 31 102a1 b 8 b fffc188b
FIXUPS: 614bd 23 5b 67 29 42 39 68 31 51 23 54 87 1f 12 2d9d1 64 1d 27
FIXUPS: 8f334 20 30 52 28 20 2d 15 1f 3f 1d 22 25 17 1e 14 1d 26 64 1a
FIXUPS: 8f687 20 20 20 40 50 16 4e 558 12 a 5 14 12 feaa b 8 b ffff0149
FIXUPS: 8fdab fffd1b21 4b 2e063 e 36 a f 27 fffff5b2 1d 23 12 64 36 20
FIXUPS: 8f0cc 1d 2d 23 dd 95d8 1a 49 1a 9f 19 12 44 3b 37 11 c 13 723c
FIXUPS: 9fc63 c c c b b b fffefdc6 46 27 1f 15 28 11d a1 1b a 5 fffd1dd8
FIXUPS: 61ba8 9a 10 1c 29 36664 c5 33 12 2a 12 37 21 30 21 32 26 21 32
FIXUPS: 985d5 31 12 3b 15 12 19 12 21 21 3c 29 7599 b c c b b c c c b 8
FIXUPS: 9fd60 fff9d1ab 13 36 c d 13 24d71 13 1a a 79 13 d 10 13 20 fffffb79
FIXUPS: 61994 18 25 fffdb11e 9 11 43 16 13 16 13 16 a b 32 22 d 25 f 14
FIXUPS: 3ccaf 8c 21 29 1f 1c 21 29 5b 2a 21 62e07 c c a fff9c91f 71 3f
FIXUPS: 3c6ed 12 5d 14 11 e c6 4b 29 21 55 f f 1f 1f 12 37 16 13 16 13
FIXUPS: 3ca4c a b 12 9 2f 1f 15 fffff65d 10 1b 4d 6 37 28 36 17 27 22 1c
FIXUPS: 3c309 19 1c 2e 10 23 25 1f 18 17 24 76 3f 37 d 50 22 25 e 12 63cf9
FIXUPS: 74ea5 d 5 13 14 1c 10 d 1e 20 18 21 12 8 26 13 1b fffc6f3c 12 f
FIXUPS: 3bf78 21 34 46 f 73 1b f 12 38 1d fffd7845 13 1d 13 1d 13 1d 13
FIXUPS: 13a2b 13 1d 13 1d 13 1d 13 1d 13 7c3e4 5 f f 12 fff83c1b 12 8c770
FIXUPS: a02bf fff738bc 13 45 f 8c6f2 fffffee7 b 8 9 9 17 b 8 b 8 17 b 8
FIXUPS: a0253 b 8 b 9 b 8 c b fff735b7 13 20 10 30 c 31 13 1d 13 8c71b
FIXUPS: a0075 b 8 c b 9 b 8 c c b 8 c c b 8 c b 8 17 b 8 c b 8 b 8 b 8
FIXUPS: a01aa 8 fffffd52 c b 8 9 b 8 b 9 b 8 b 8 b 8 17 b 8 1a b 8 1a b
FIXUPS: a0010 b 9 b 8 b 8 c b fffffd62 b 9 b 8 9 a a a a b 8 c b 8 c 9
FIXUPS: 9fe6d 8 c b 8 c b 8 c b 8 b 8 c b fff734dd 17 2f 13 2b 110 4a 33
FIXUPS: 13601 14 7 14 7 36 51 18 1a 31 12 1f 65 45 24 10 8c544 b 8 b 9
FIXUPS: 9fda6 9 b fff731b6 1e 20 9 5f 8 26 8 37 21 21 53 18 13 1f c 15
FIXUPS: 131b3 37 47 14 7 15 2a 12 1c 14 12 5a f 3f 1c fffff73b 14 7 15
FIXUPS: 12b39 25 18 13 22 41 13 a 36 1e 23 a 13 31 c 1e 36 2b 1c 82 8 26
FIXUPS: 12e2d 26 8 40 20 1e fffff7d0 21 18 a 58 1e 24 16 15 16 8 c 11 7f
FIXUPS: 1287e 1c c 16 3a 2b 1c a8 18 13 1d f 19 c 28 c c 14 fffff7a4 18
FIXUPS: 1228b 32 35 c 27 6 14 6 15 3a 16 22 1e 59 1a 5a f 1d 26 10 2b 10
FIXUPS: 12570 15 2b 25 18 13 22 4a fffff740 17 14 f c 15 3b 1e 18 61 d
FIXUPS: 11eef 2d 26 1e 18 3f 31 1e 18 1b 9 9 35 28 1e 18 59 39 2e 1b 82
FIXUPS: 11914 14 6 28 20 14 4f 16 13 22 5d 16 13 22 20 20 1e 54 f f 1d
FIXUPS: 11c4d 18 1a 3b 18 1a 50 18 18 1f b fffff668 22 20 1b 1d 38 1a 55
FIXUPS: 11531 22 18 13 2f 24 1a 55 12 22 18 13 31 24 1a 2c 38 18 5a 28
FIXUPS: 11869 18 26 51 fffff658 14 73 13 13 1b 76 1c 13 13 1a 4b 22 23
FIXUPS: 1118f 15 47 18 2e 22 7 24 44 17 14 6 28 20 14 49 f 45 fffff690
FIXUPS: 10a94 20 20 5d 18 20 20 24 5b 14 6 28 20 14 2a 3c 25 18 13 20 2f
FIXUPS: 10da7 1a 54 25 20 1b 1d 38 1a 59 fffff707 20 4f 13 1a 15 c 19 c
FIXUPS: 10730 14 c 16 49 13 19 1a 13 33 21 35 18 1e 2d c 40 18 23 2c 4b
FIXUPS: 109f9 31 fffff752 3b f 45 12 22 1b 1d 21 26 1a 55 12 22 18 13 1a
FIXUPS: 103d6 29 1a 2c 21 18 42 18 46 18 42 18 42 18 42 fffff6d2 14 7 2d
FIXUPS: fd5c 22 1e 15 37 73 16 1e f c 25 b f f 36 20 20 2b 56 20 20 22
FIXUPS: 100d2 1f 3a 21 14 7 fffff7be 38 15 18 b 32 31 18 62 18 10 26 18
FIXUPS: fae8 26 18 10 26 18 10 1d 18 24 10 19 1d 2b 1a 2b 25 25 1a fffff55f
FIXUPS: f281 34 65 40 6b 34 48 31 43 18 23 2b 34 16 47 40 1c 3d 20 1e 18
FIXUPS: f6bd 42 18 21 3c 7a bf 18 18 1b fffff4cd 27 20 12 34 18 23 23 2b
FIXUPS: ef28 19 35 56 16 1e f c 1e b 1b 1e 12 f 2b 1f 50 19 4d 25 28 30
FIXUPS: f233 fffff634 20 1e 15 13 f f 8 12 1c c 9a 20 20 22 23 51 59 23
FIXUPS: eb38 31 20 20 2b 4d 4f 24 38 29 3a 31 44 fffff51c 20 20 2b 56 20
FIXUPS: e3c1 22 81 1f 4e 10 26 29 64 40 52 1a 4c 14 7 14 7 2d 1b 22 20
FIXUPS: e76c 1a f 9e 12 fffff5bd 6b 12 38 6b 26 24 25 22 f 1d 3e 19 9 59
FIXUPS: e0a7 61 2b 2e c 1b 9 14 2e c 20 9 14 2e 10 1c f fffff605 16 1f
FIXUPS: d8d6 17 17 17 17 16 13 13 28 14 13 c5 12 59 f 32 38 3a 17 34 27
FIXUPS: dc56 12 34 6b 12 38 6b 12 92613 fff7458a 13 ffff89f5 25 1e 17 17
FIXUPS: d3fb 1c d a a a 19 1b 3c 29 29 29 88 50 4d 100 22 1e 17 1d d a
FIXUPS: d838 3c 6f10 22 c 15 38 1e 3f 1e 42 14 7 3a 2e 8b9b5 b 8 c b 8
FIXUPS: a032f 17 b 8 9 17 b 8 9 17 b 8 17 fff74040 d 2f c c 14 41 1e f
FIXUPS: 14541 1e f f c 12 c 1a 28 c c 14 56 1e 1e 13 d 14 c 15 c 56 1e
FIXUPS: 13e88 11 51 2d 1b 49 20 1e 57 20 1e 57 1e 59 1e 1d 9 36 1e 1d 9
FIXUPS: 14210 1e 1d 9 36 1e 18 78 2b 1c 79 7c098 3c 2c 30 30 30 2c 60 9
FIXUPS: 9062f 10 1a 11 1f 1d 39 11 fd06 fff7382a 12 7c f f 32 28 64 a 68
FIXUPS: 13e1d 2e 1e 8 8956c 13 ffff2b5e 30 20 34 2c 2c 24 2c 2c 30 28 24
FIXUPS: 9015f 30 2c 30 38 30 24 28 24 24 24 28 30 30 34 30 39 3c cc51 13
FIXUPS: 9d104 c d 13 34 c d 13 37 c d 13 1c 35 c d 13 23 31 c d 13 21 33
FIXUPS: 9d350 d 13 23 31 c fffff9ed 13 34 c d 13 34 c d 13 34 c d 13 34
FIXUPS: 9cf30 d 13 34 c d 13 34 c d 13 34 c d 13 34 c fffffa0d 13 34 c
FIXUPS: 9cb1d 13 34 c d 13 34 c d 13 34 c d 13 34 c d 13 34 c d 13 34 c
FIXUPS: 9cd5d 13 34 c fffffa03 31 c d 13 34 c d 13 34 c d 13 34 c d 13
FIXUPS: 9c964 c d 13 27 2d c d 13 34 c d 13 34 c fffffa17 c d 13 31 c d
FIXUPS: 9c550 37 c d 13 31 c d 13 34 c d 13 34 c d 13 1d 37 c d 13 37 c
FIXUPS: 9c7a0 fffff9fd 13 34 c d 13 34 c d 13 34 c d 13 1d 37 c d 13 34
FIXUPS: 9c390 d 13 34 c d 13 34 c d 13 25 fffff9e8 13 1d 37 c d 13 1d 37
FIXUPS: 9bf70 d 13 20 34 c d 13 34 c d 13 34 c d 13 34 c d 13 1d 37 c fffff9c0
FIXUPS: 9bb84 c d 13 34 c d 13 1d 37 c d 13 1d 37 c d 13 1d 37 c d 13 1d
FIXUPS: 9bde4 c d 13 1d 37 c fffff9e0 34 c d 13 37 c d 13 31 c d 13 34
FIXUPS: 9b9b0 d 13 34 c d 13 37 c d 13 31 c d 13 34 c d fffffa13 34 c d
FIXUPS: 9b5b0 34 c d 13 34 c d 13 34 c d 13 34 c d 13 34 c d 13 34 c d
FIXUPS: 9b7f0 34 c d fffff6ce 38 42 35 42 38 42 38 42 38 42 35 42 35 42
FIXUPS: 9b290 45 35 42 35 42 35 42 35 42 fff7950a 20 24 20 86b05 c d fffff237
FIXUPS: 9a7a9 42 35 42 38 42 38 42 38 42 38 42 38 42 38 42 38 42 38 42
FIXUPS: 9ac6a 42 38 42 38 42 38 42 35 42 38 fffff14e 38 42 35 42 38 45
FIXUPS: 9a1bd 42 38 45 35 42 35 42 35 42 35 42 35 42 35 2e 32 2e 35 45
FIXUPS: 9a641 42 38 42 35 fffff172 35 42 35 42 35 42 35 42 35 42 35 42
FIXUPS: 99ba3 42 35 42 35 42 35 42 35 42 35 42 35 42 35 42 38 42 35 fffff20d
FIXUPS: 99211 36 2f 36 32 36 2f 36 2f 36 32 36 32 39 32 36 2f 36 2f 36
FIXUPS: 99615 39 32 42 38 42 38 42 35 42 35 fffb121c 28 e 46 14 41 25 e
FIXUPS: 4abc8 11 5 23 13 21 14 45 e 66 11 5e 45 e 66 e 4e22d 12 36 32 36
FIXUPS: 99144 36 32 76de ffff0491 13 8081 15 7 f 2d 30 17 7 17 7 3c 7 f
FIXUPS: 98ed2 34 10 a e 60 e 5 25 12 14 17 14 fffb1a23 20 10 55c62 e e
FIXUPS: a06f6 e e e e e e e e e e e e e e e e e e e e e e e e e e e e fffffc8e
FIXUPS: a051a e e e e e e e e e e e e e e e e e e e e e e e e e e e e e
FIXUPS: a06be ffff0576 7 13 12 1f 34 1a 8 f72f b 8 b c b 9 b 9 b b b b
FIXUPS: a048d b b b b b b b b b e ffff024f 14 d 16 d 15 55 15 7 35 28 22
FIXUPS: 908a4 1d 75 29 15 17 44 13 12 28 43 75 26 49 68 13 17 c 9 f
