 MFC42D

 Timestamp is 32f24787 (Fri Jan 31 11:27:03 1997)

 Preferred load address is 5f400000

 Start         Length     Name                   Class
 0001:00000000 000150b8H .text                   CODE
 0001:000150c0 00006513H .text$AFX_AUX           CODE
 0001:0001b5e0 00007cd6H .text$AFX_COL1          CODE
 0001:000232c0 00004568H .text$AFX_COL2          CODE
 0001:00027830 00014600H .text$AFX_CORE1         CODE
 0001:0003be30 0000de8bH .text$AFX_CORE2         CODE
 0001:00049cc0 00016f1fH .text$AFX_CORE3         CODE
 0001:00060be0 0001325dH .text$AFX_CORE4         CODE
 0001:00073e40 00004791H .text$AFX_DBG1          CODE
 0001:000785e0 0000c8dbH .text$AFX_DBG2          CODE
 0001:00084ec0 0000aa7bH .text$AFX_INIT          CODE
 0001:0008f940 000008dfH .text$AFX_MAPI          CODE
 0001:00090220 00007394H .text$AFX_PRNT          CODE
 0001:000975c0 000005e4H .text$AFX_TERM          CODE
 0001:00097bb0 000043cdH .text$AFX_VDEL          CODE
 0001:0009bf80 000033deH .text$x                 CODE
 0002:00000000 0000db6dH .rdata                  DATA
 0002:0000db70 000033d4H .rdata$r                DATA
 0002:00010f48 000054f0H .xdata$x                DATA
 0002:00016440 000048eeH .edata                  DATA
 0003:00000000 00000004H .CRT$XCA                DATA
 0003:00000004 0000000cH .CRT$XCC                DATA
 0003:00000010 00000028H .CRT$XCL                DATA
 0003:00000038 00000094H .CRT$XCU                DATA
 0003:000000cc 00000004H .CRT$XCZ                DATA
 0003:000000d0 00000004H .CRT$XIA                DATA
 0003:000000d4 00000004H .CRT$XIZ                DATA
 0003:000000e0 00001ec0H .data                   DATA
 0003:00001fa0 00002044H .bss                    DATA
 0004:00000000 00000050H .idata$2                DATA
 0004:00000050 00000014H .idata$3                DATA
 0004:00000064 000009f4H .idata$4                DATA
 0004:00000a58 000009f4H .idata$5                DATA
 0004:0000144c 00002864H .idata$6                DATA
 0005:00000000 00000e98H .rsrc$01                DATA
 0005:00000ea0 00006460H .rsrc$02                DATA

  Address         Publics by Value              Rva+Base   Lib:Object

 0001:00000000       ?AddHead@?$CTypedSimpleList@PAUCRuntimeClass@@@@QAEXPAUCRuntimeClass@@@Z 5f401000 f objcore.obj
 0001:00000020       ??B?$CTypedSimpleList@PAUCRuntimeClass@@@@QAEPAUCRuntimeClass@@XZ 5f401020 f objcore.obj
 0001:00000040       ?GetHead@CSimpleList@@QBEPAXXZ 5f401040 f objcore.obj
 0001:00000050       ??B?$CTypedSimpleList@PAVCDynLinkLibrary@@@@QAEPAVCDynLinkLibrary@@XZ 5f401050 f objcore.obj
 0001:00000070       ??C?$CThreadLocal@V_AFX_THREAD_STATE@@@@QAEPAV_AFX_THREAD_STATE@@XZ 5f401070 f except.obj
 0001:00000090       ?GetData@?$CThreadLocal@V_AFX_THREAD_STATE@@@@QAEPAV_AFX_THREAD_STATE@@XZ 5f401090 f except.obj
 0001:000000e0       ?CreateObject@?$CThreadLocal@V_AFX_THREAD_STATE@@@@SGPAVCNoTrackObject@@XZ 5f4010e0 f except.obj
 0001:00000150       ??0CArchiveStream@@QAE@PAVCArchive@@@Z 5f401150 f arcstrm.obj
 0001:0000017a       ?AddRef@CArchiveStream@@UAGKXZ 5f40117a f arcstrm.obj
 0001:00000186       ?Release@CArchiveStream@@UAGKXZ 5f401186 f arcstrm.obj
 0001:0000018f       ?QueryInterface@CArchiveStream@@UAGJABU_GUID@@PAPAX@Z 5f40118f f arcstrm.obj
 0001:000001d1       ?Read@CArchiveStream@@UAGJPAXKPAK@Z 5f4011d1 f arcstrm.obj
 0001:000002d1       ?Write@CArchiveStream@@UAGJPBXKPAK@Z 5f4012d1 f arcstrm.obj
 0001:000003d4       ?Seek@CArchiveStream@@UAGJT_LARGE_INTEGER@@KPAT_ULARGE_INTEGER@@@Z 5f4013d4 f arcstrm.obj
 0001:000004fd       ?SetSize@CArchiveStream@@UAGJT_ULARGE_INTEGER@@@Z 5f4014fd f arcstrm.obj
 0001:00000509       ?CopyTo@CArchiveStream@@UAGJPAUIStream@@T_ULARGE_INTEGER@@PAT3@2@Z 5f401509 f arcstrm.obj
 0001:00000515       ?Commit@CArchiveStream@@UAGJK@Z 5f401515 f arcstrm.obj
 0001:00000521       ?Revert@CArchiveStream@@UAGJXZ 5f401521 f arcstrm.obj
 0001:0000052d       ?LockRegion@CArchiveStream@@UAGJT_ULARGE_INTEGER@@0K@Z 5f40152d f arcstrm.obj
 0001:00000539       ?UnlockRegion@CArchiveStream@@UAGJT_ULARGE_INTEGER@@0K@Z 5f401539 f arcstrm.obj
 0001:00000545       ?Stat@CArchiveStream@@UAGJPAUtagSTATSTG@@K@Z 5f401545 f arcstrm.obj
 0001:00000551       ?Clone@CArchiveStream@@UAGJPAPAUIStream@@@Z 5f401551 f arcstrm.obj
 0001:00000560       ??0IStream@@QAE@XZ         5f401560 f arcstrm.obj
 0001:00000580       ??0ISequentialStream@@QAE@XZ 5f401580 f arcstrm.obj
 0001:000005a0       ??0IUnknown@@QAE@XZ        5f4015a0 f arcstrm.obj
 0001:000005c0       ??8@YAHABU_GUID@@0@Z       5f4015c0 f arcstrm.obj
 0001:000005e0       ??1CNoTrackObject@@UAE@XZ  5f4015e0 f dumpinit.obj
 0001:00000600       ??_GCNoTrackObject@@UAEPAXI@Z 5f401600 f dumpinit.obj
 0001:00000600       ??_ECNoTrackObject@@UAEPAXI@Z 5f401600 f dumpinit.obj
 0001:00000630       ?GetData@?$CProcessLocal@V_AFX_DEBUG_STATE@@@@QAEPAV_AFX_DEBUG_STATE@@XZ 5f401630 f dumpinit.obj
 0001:00000680       ?CreateObject@?$CProcessLocal@V_AFX_DEBUG_STATE@@@@SGPAVCNoTrackObject@@XZ 5f401680 f dumpinit.obj
 0001:000006f0       ??0CNoTrackObject@@QAE@XZ  5f4016f0 f dumpinit.obj
 0001:00000710       __tcscmp                   5f401710 f afxinl1.obj
 0001:00000730       __tcsicmp                  5f401730 f afxinl1.obj
 0001:00000750       __tcscoll                  5f401750 f afxinl1.obj
 0001:00000770       ?DrawState@@YGHPAUHDC__@@PAUHBRUSH__@@P6GH0JIHH@ZJIHHHHI@Z 5f401770 f afxinl2.obj
 0001:000007b0       ?GetNextWindow@@YAPAUHWND__@@PAU1@I@Z 5f4017b0 f afxinl3.obj
 0001:000007d0       __tcsinc                   5f4017d0 f filecore.obj
 0001:000007f0       ??0AFX_COM@@QAE@XZ         5f4017f0 f filecore.obj
 0001:00000810       ?data@CStringData@@QAEPADXZ 5f401810 f strcore.obj
 0001:00000830       __tcschr                   5f401830 f strcore.obj
 0001:00000850       __tcspbrk                  5f401850 f strcore.obj
 0001:00000870       __tcsupr                   5f401870 f strcore.obj
 0001:00000890       __tcslwr                   5f401890 f strcore.obj
 0001:000008b0       __tcsrev                   5f4018b0 f strcore.obj
 0001:000008d0       __tcsspn                   5f4018d0 f strex.obj
 0001:000008f0       __tcscspn                  5f4018f0 f strex.obj
 0001:00000910       __tcsrchr                  5f401910 f strex.obj
 0001:00000930       __tcsstr                   5f401930 f strex.obj
 0001:00000950       __tclen                    5f401950 f strex.obj
 0001:00000970       ?Construct@CSimpleList@@QAEXH@Z 5f401970 f afxstate.obj
 0001:000009b0       ??0CTypeLibCache@@QAE@XZ   5f4019b0 f afxstate.obj
 0001:000009f0       ??0?$CTypedSimpleList@PAVCFrameWnd@@@@QAE@H@Z 5f4019f0 f afxstate.obj
 0001:00000a10       ??0CSimpleList@@QAE@H@Z    5f401a10 f afxstate.obj
 0001:00000a40       ??0?$CTypedSimpleList@PAUCRuntimeClass@@@@QAE@H@Z 5f401a40 f afxstate.obj
 0001:00000a60       ??0?$CTypedSimpleList@PAVCOleObjectFactory@@@@QAE@H@Z 5f401a60 f afxstate.obj
 0001:00000a80       ??0?$CTypedSimpleList@PAVCDynLinkLibrary@@@@QAE@H@Z 5f401a80 f afxstate.obj
 0001:00000aa0       ??0?$CTypedSimpleList@PAVCOleControlLock@@@@QAE@H@Z 5f401aa0 f afxstate.obj
 0001:00000ac0       ?GetData@?$CThreadLocal@VAFX_MODULE_THREAD_STATE@@@@QAEPAVAFX_MODULE_THREAD_STATE@@XZ 5f401ac0 f afxstate.obj
 0001:00000b10       ?CreateObject@?$CThreadLocal@VAFX_MODULE_THREAD_STATE@@@@SGPAVCNoTrackObject@@XZ 5f401b10 f afxstate.obj
 0001:00000b80       ??B?$CThreadLocal@V_AFX_THREAD_STATE@@@@QAEPAV_AFX_THREAD_STATE@@XZ 5f401b80 f afxstate.obj
 0001:00000ba0       ??1CHandleMap@@QAE@XZ      5f401ba0 f afxstate.obj
 0001:00000c00       ??2@YAPAXIPAX@Z            5f401c00 f afxstate.obj
 0001:00000c10       ?GetNextPtr@CSimpleList@@QBEPAPAXPAX@Z 5f401c10 f afxtls.obj
 0001:00000c50       ??0?$CTypedSimpleList@PAUCThreadData@@@@QAE@H@Z 5f401c50 f afxtls.obj
 0001:00000c70       ?AddHead@?$CTypedSimpleList@PAUCThreadData@@@@QAEXPAUCThreadData@@@Z 5f401c70 f afxtls.obj
 0001:00000c90       ??B?$CTypedSimpleList@PAUCThreadData@@@@QAEPAUCThreadData@@XZ 5f401c90 f afxtls.obj
 0001:00000cb0       ?Remove@?$CTypedSimpleList@PAUCThreadData@@@@QAEHPAUCThreadData@@@Z 5f401cb0 f afxtls.obj
 0001:00000cd0       ??2CThreadSlotData@@SGPAXIPAX@Z 5f401cd0 f afxtls.obj
 0001:00000ce0       ??0CSyncObject@@QAE@PBD@Z  5f401ce0 f mtcore.obj
 0001:00000d56       ??1CSyncObject@@UAE@XZ     5f401d56 f mtcore.obj
 0001:00000dce       ?Lock@CSyncObject@@UAEHK@Z 5f401dce f mtcore.obj
 0001:00000df9       ?Dump@CSyncObject@@UBEXAAVCDumpContext@@@Z 5f401df9 f mtcore.obj
 0001:00000e54       ?AssertValid@CSyncObject@@UBEXXZ 5f401e54 f mtcore.obj
 0001:00000e67       ??BCSyncObject@@QBEPAXXZ   5f401e67 f mtcore.obj
 0001:00000e78       ?Unlock@CSemaphore@@UAEHXZ 5f401e78 f mtcore.obj
 0001:00000e92       ?SetEvent@CEvent@@QAEHXZ   5f401e92 f mtcore.obj
 0001:00000ed0       ?PulseEvent@CEvent@@QAEHXZ 5f401ed0 f mtcore.obj
 0001:00000f0e       ?ResetEvent@CEvent@@QAEHXZ 5f401f0e f mtcore.obj
 0001:00000f4c       ??1CSingleLock@@QAE@XZ     5f401f4c f mtcore.obj
 0001:00000f5f       ?IsLocked@CSingleLock@@QAEHXZ 5f401f5f f mtcore.obj
 0001:00000f70       ?IsLocked@CMultiLock@@QAEHK@Z 5f401f70 f mtcore.obj
 0001:00000fb7       ??0CCriticalSection@@QAE@XZ 5f401fb7 f mtcore.obj
 0001:00001012       ??BCCriticalSection@@QAEPAU_RTL_CRITICAL_SECTION@@XZ 5f402012 f mtcore.obj
 0001:00001023       ??1CCriticalSection@@UAE@XZ 5f402023 f mtcore.obj
 0001:00001079       ?Lock@CCriticalSection@@QAEHXZ 5f402079 f mtcore.obj
 0001:00001096       ?Lock@CCriticalSection@@UAEHK@Z 5f402096 f mtcore.obj
 0001:000010ab       ?Unlock@CCriticalSection@@UAEHXZ 5f4020ab f mtcore.obj
 0001:000010d0       ??_ECSyncObject@@UAEPAXI@Z 5f4020d0 f mtcore.obj
 0001:000010d0       ??_GCSyncObject@@UAEPAXI@Z 5f4020d0 f mtcore.obj
 0001:00001100       ??_GCCriticalSection@@UAEPAXI@Z 5f402100 f mtcore.obj
 0001:00001130       ?Unlock@CSyncObject@@UAEHJPAJ@Z 5f402130 f mtcore.obj
 0001:00001150       ??0CSemaphore@@QAE@JJPBDPAU_SECURITY_ATTRIBUTES@@@Z 5f402150 f mtex.obj
 0001:0000120e       ??1CSemaphore@@UAE@XZ      5f40220e f mtex.obj
 0001:0000122a       ?Unlock@CSemaphore@@UAEHJPAJ@Z 5f40222a f mtex.obj
 0001:0000124c       ??0CMutex@@QAE@HPBDPAU_SECURITY_ATTRIBUTES@@@Z 5f40224c f mtex.obj
 0001:000012c4       ??1CMutex@@UAE@XZ          5f4022c4 f mtex.obj
 0001:000012e0       ?Unlock@CMutex@@UAEHXZ     5f4022e0 f mtex.obj
 0001:000012f8       ??0CEvent@@QAE@HHPBDPAU_SECURITY_ATTRIBUTES@@@Z 5f4022f8 f mtex.obj
 0001:00001374       ??1CEvent@@UAE@XZ          5f402374 f mtex.obj
 0001:00001390       ?Unlock@CEvent@@UAEHXZ     5f402390 f mtex.obj
 0001:000013a0       ??0CSingleLock@@QAE@PAVCSyncObject@@H@Z 5f4023a0 f mtex.obj
 0001:00001429       ?Lock@CSingleLock@@QAEHK@Z 5f402429 f mtex.obj
 0001:000014a3       ?Unlock@CSingleLock@@QAEHXZ 5f4024a3 f mtex.obj
 0001:00001502       ?Unlock@CSingleLock@@QAEHJPAJ@Z 5f402502 f mtex.obj
 0001:0000156b       ??0CMultiLock@@QAE@QAPAVCSyncObject@@KH@Z 5f40256b f mtex.obj
 0001:0000171c       ??1CMultiLock@@QAE@XZ      5f40271c f mtex.obj
 0001:00001766       ?Lock@CMultiLock@@QAEKKHK@Z 5f402766 f mtex.obj
 0001:00001840       ?Unlock@CMultiLock@@QAEHXZ 5f402840 f mtex.obj
 0001:000018ae       ?Unlock@CMultiLock@@QAEHJPAJ@Z 5f4028ae f mtex.obj
 0001:00001960       ??_GCSemaphore@@UAEPAXI@Z  5f402960 f mtex.obj
 0001:00001990       ??_GCMutex@@UAEPAXI@Z      5f402990 f mtex.obj
 0001:000019c0       ??_GCEvent@@UAEPAXI@Z      5f4029c0 f mtex.obj
 0001:000019f0       ??B?$CProcessLocal@V_AFX_WIN_STATE@@@@QAEPAV_AFX_WIN_STATE@@XZ 5f4029f0 f wincore.obj
 0001:00001a10       ?GetData@?$CProcessLocal@V_AFX_WIN_STATE@@@@QAEPAV_AFX_WIN_STATE@@XZ 5f402a10 f wincore.obj
 0001:00001a60       ?CreateObject@?$CProcessLocal@V_AFX_WIN_STATE@@@@SGPAVCNoTrackObject@@XZ 5f402a60 f wincore.obj
 0001:00001ad0       ?GetDataNA@?$CProcessLocal@V_AFX_CTL3D_STATE@@@@QAEPAV_AFX_CTL3D_STATE@@XZ 5f402ad0 f wincore.obj
 0001:00001ae0       ?LookupPermanent@CHandleMap@@QAEPAVCObject@@PAX@Z 5f402ae0 f wincore.obj
 0001:00001b00       ?LookupTemporary@CHandleMap@@QAEPAVCObject@@PAX@Z 5f402b00 f wincore.obj
 0001:00001b20       ??B?$CProcessLocal@V_AFX_CTL3D_STATE@@@@QAEPAV_AFX_CTL3D_STATE@@XZ 5f402b20 f wincore.obj
 0001:00001b40       ?GetData@?$CProcessLocal@V_AFX_CTL3D_STATE@@@@QAEPAV_AFX_CTL3D_STATE@@XZ 5f402b40 f wincore.obj
 0001:00001b90       ?CreateObject@?$CProcessLocal@V_AFX_CTL3D_STATE@@@@SGPAVCNoTrackObject@@XZ 5f402b90 f wincore.obj
 0001:00001c00       ??0_AFX_CTL3D_STATE@@QAE@XZ 5f402c00 f wincore.obj
 0001:00001c20       ??_E_AFX_CTL3D_STATE@@UAEPAXI@Z 5f402c20 f wincore.obj
 0001:00001c20       ??_G_AFX_CTL3D_STATE@@UAEPAXI@Z 5f402c20 f wincore.obj
 0001:00001c50       ?UnlockResource@@YGHPAX@Z  5f402c50 f wincore.obj
 0001:00001c60       ?AddHead@?$CTypedSimpleList@PAVCFrameWnd@@@@QAEXPAVCFrameWnd@@@Z 5f402c60 f winfrm.obj
 0001:00001c80       ?Remove@?$CTypedSimpleList@PAVCFrameWnd@@@@QAEHPAVCFrameWnd@@@Z 5f402c80 f winfrm.obj
 0001:00001ca0       ??B?$CThreadLocal@VAFX_MODULE_THREAD_STATE@@@@QAEPAVAFX_MODULE_THREAD_STATE@@XZ 5f402ca0 f winfrm.obj
 0001:00001cc0       ?GetWindowTask@@YAPAUHTASK__@@PAUHWND__@@@Z 5f402cc0 f winfrmx.obj
 0001:00001ce0       ?_GetBaseMessageMap@CToolTipCtrl@@KGPBUAFX_MSGMAP@@XZ 5f402ce0 f tooltip.obj
 0001:00001cea       ?GetMessageMap@CToolTipCtrl@@MBEPBUAFX_MSGMAP@@XZ 5f402cea f tooltip.obj
 0001:00001cfa       ??0CToolTipCtrl@@QAE@XZ    5f402cfa f tooltip.obj
 0001:00001d53       ?Create@CToolTipCtrl@@QAEHPAVCWnd@@K@Z 5f402d53 f tooltip.obj
 0001:00001db5       ??1CToolTipCtrl@@UAE@XZ    5f402db5 f tooltip.obj
 0001:00001e15       ?DestroyToolTipCtrl@CToolTipCtrl@@QAEHXZ 5f402e15 f tooltip.obj
 0001:00001e74       ?OnAddTool@CToolTipCtrl@@IAEJIJ@Z 5f402e74 f tooltip.obj
 0001:00001f19       ?OnDisableModal@CToolTipCtrl@@IAEJIJ@Z 5f402f19 f tooltip.obj
 0001:00001f39       ?OnWindowFromPoint@CToolTipCtrl@@IAEJIJ@Z 5f402f39 f tooltip.obj
 0001:00002015       ?AddTool@CToolTipCtrl@@QAEHPAVCWnd@@PBDPBUtagRECT@@I@Z 5f403015 f tooltip.obj
 0001:00002105       ?AddTool@CToolTipCtrl@@QAEHPAVCWnd@@IPBUtagRECT@@I@Z 5f403105 f tooltip.obj
 0001:00002241       ?DelTool@CToolTipCtrl@@QAEXPAVCWnd@@I@Z 5f403241 f tooltip.obj
 0001:000022cd       ?GetText@CToolTipCtrl@@QBEXAAVCString@@PAVCWnd@@I@Z 5f4032cd f tooltip.obj
 0001:00002373       ?GetToolInfo@CToolTipCtrl@@QBEHAAVCToolInfo@@PAVCWnd@@I@Z 5f403373 f tooltip.obj
 0001:00002409       ?HitTest@CToolTipCtrl@@QBEHPAVCWnd@@VCPoint@@PAUtagTOOLINFOA@@@Z 5f403409 f tooltip.obj
 0001:000024ee       ?SetToolRect@CToolTipCtrl@@QAEXPAVCWnd@@IPBUtagRECT@@@Z 5f4034ee f tooltip.obj
 0001:000025ac       ?UpdateTipText@CToolTipCtrl@@QAEXPBDPAVCWnd@@I@Z 5f4035ac f tooltip.obj
 0001:0000263e       ?UpdateTipText@CToolTipCtrl@@QAEXIPAVCWnd@@I@Z 5f40363e f tooltip.obj
 0001:000026f3       ?FillInToolInfo@CToolTipCtrl@@QBEXAAUtagTOOLINFOA@@PAVCWnd@@I@Z 5f4036f3 f tooltip.obj
 0001:0000276d       ?EnableToolTips@CWnd@@QAEHH@Z 5f40376d f tooltip.obj
 0001:00002861       ?_FilterToolTipMessage@CWnd@@SGXPAUtagMSG@@PAV1@@Z 5f403861 f tooltip.obj
 0001:00002874       ?FilterToolTipMessage@CWnd@@QAEXPAUtagMSG@@@Z 5f403874 f tooltip.obj
 0001:00002e50       ??_GCToolTipCtrl@@UAEPAXI@Z 5f403e50 f tooltip.obj
 0001:00002e80       ??1CDragListBox@@UAE@XZ    5f403e80 f winctrl2.obj
 0001:00002ed1       ?PreSubclassWindow@CDragListBox@@UAEXXZ 5f403ed1 f winctrl2.obj
 0001:00002f3d       ?BeginDrag@CDragListBox@@UAEHVCPoint@@@Z 5f403f3d f winctrl2.obj
 0001:00002f7a       ?CancelDrag@CDragListBox@@UAEXVCPoint@@@Z 5f403f7a f winctrl2.obj
 0001:00002f97       ?Dragging@CDragListBox@@UAEIVCPoint@@@Z 5f403f97 f winctrl2.obj
 0001:00002fef       ?Dropped@CDragListBox@@UAEXHVCPoint@@@Z 5f403fef f winctrl2.obj
 0001:00003134       ?DrawInsert@CDragListBox@@UAEXH@Z 5f404134 f winctrl2.obj
 0001:00003170       ?DrawSingle@CDragListBox@@QAEXH@Z 5f404170 f winctrl2.obj
 0001:00003276       ?OnChildNotify@CDragListBox@@MAEHIIJPAJ@Z 5f404276 f winctrl2.obj
 0001:000033db       ?_GetBaseMessageMap@CToolBarCtrl@@KGPBUAFX_MSGMAP@@XZ 5f4043db f winctrl2.obj
 0001:000033e5       ?GetMessageMap@CToolBarCtrl@@MBEPBUAFX_MSGMAP@@XZ 5f4043e5 f winctrl2.obj
 0001:000033f5       ?Create@CToolBarCtrl@@QAEHKABUtagRECT@@PAVCWnd@@I@Z 5f4043f5 f winctrl2.obj
 0001:00003477       ??1CToolBarCtrl@@UAE@XZ    5f404477 f winctrl2.obj
 0001:000034c8       ?AddBitmap@CToolBarCtrl@@QAEHHPAVCBitmap@@@Z 5f4044c8 f winctrl2.obj
 0001:00003534       ?AddBitmap@CToolBarCtrl@@QAEHHI@Z 5f404534 f winctrl2.obj
 0001:000035cc       ?SaveState@CToolBarCtrl@@QAEXPAUHKEY__@@PBD1@Z 5f4045cc f winctrl2.obj
 0001:00003636       ?RestoreState@CToolBarCtrl@@QAEXPAUHKEY__@@PBD1@Z 5f404636 f winctrl2.obj
 0001:000036a0       ?AddString@CToolBarCtrl@@QAEHI@Z 5f4046a0 f winctrl2.obj
 0001:0000373d       ?OnCreate@CToolBarCtrl@@IAEHPAUtagCREATESTRUCTA@@@Z 5f40473d f winctrl2.obj
 0001:0000376c       ?Create@CStatusBarCtrl@@QAEHKABUtagRECT@@PAVCWnd@@I@Z 5f40476c f winctrl2.obj
 0001:000037ee       ??1CStatusBarCtrl@@UAE@XZ  5f4047ee f winctrl2.obj
 0001:0000383f       ?GetText@CStatusBarCtrl@@QBEHPBDHPAH@Z 5f40483f f winctrl2.obj
 0001:000038e4       ?GetText@CStatusBarCtrl@@QBE?AVCString@@HPAH@Z 5f4048e4 f winctrl2.obj
 0001:00003a10       ?GetTextLength@CStatusBarCtrl@@QBEHHPAH@Z 5f404a10 f winctrl2.obj
 0001:00003ab3       ?GetBorders@CStatusBarCtrl@@QBEHAAH00@Z 5f404ab3 f winctrl2.obj
 0001:00003b2f       ?DrawItem@CStatusBarCtrl@@UAEXPAUtagDRAWITEMSTRUCT@@@Z 5f404b2f f winctrl2.obj
 0001:00003b65       ?OnChildNotify@CStatusBarCtrl@@MAEHIIJPAJ@Z 5f404b65 f winctrl2.obj
 0001:00003bcf       ?_GetBaseMessageMap@CListCtrl@@KGPBUAFX_MSGMAP@@XZ 5f404bcf f winctrl2.obj
 0001:00003bd9       ?GetMessageMap@CListCtrl@@MBEPBUAFX_MSGMAP@@XZ 5f404bd9 f winctrl2.obj
 0001:00003be9       ?Create@CListCtrl@@QAEHKABUtagRECT@@PAVCWnd@@I@Z 5f404be9 f winctrl2.obj
 0001:00003c6b       ??1CListCtrl@@UAE@XZ       5f404c6b f winctrl2.obj
 0001:00003cbc       ?GetItemRect@CListCtrl@@QBEHHPAUtagRECT@@I@Z 5f404cbc f winctrl2.obj
 0001:00003d1c       ?InsertColumn@CListCtrl@@QAEHHPBDHHH@Z 5f404d1c f winctrl2.obj
 0001:00003d78       ?InsertItem@CListCtrl@@QAEHIHPBDIIHJ@Z 5f404d78 f winctrl2.obj
 0001:00003df5       ?HitTest@CListCtrl@@QBEHVCPoint@@PAI@Z 5f404df5 f winctrl2.obj
 0001:00003e6d       ?SetItem@CListCtrl@@QAEHHHIPBDHIIJ@Z 5f404e6d f winctrl2.obj
 0001:00003ef5       ?GetItemText@CListCtrl@@QBE?AVCString@@HH@Z 5f404ef5 f winctrl2.obj
 0001:00003ffa       ?GetItemText@CListCtrl@@QBEHHHPADH@Z 5f404ffa f winctrl2.obj
 0001:00004076       ?GetItemData@CListCtrl@@QBEKH@Z 5f405076 f winctrl2.obj
 0001:0000410c       ?DrawItem@CListCtrl@@UAEXPAUtagDRAWITEMSTRUCT@@@Z 5f40510c f winctrl2.obj
 0001:00004142       ?OnChildNotify@CListCtrl@@MAEHIIJPAJ@Z 5f405142 f winctrl2.obj
 0001:000041ac       ?RemoveImageList@CListCtrl@@IAEXH@Z 5f4051ac f winctrl2.obj
 0001:000041f1       ?OnNcDestroy@CListCtrl@@IAEXXZ 5f4051f1 f winctrl2.obj
 0001:00004222       ?CreateDragImage@CListCtrl@@QAEPAVCImageList@@HPAUtagPOINT@@@Z 5f405222 f winctrl2.obj
 0001:000042ea       ?_GetBaseMessageMap@CTreeCtrl@@KGPBUAFX_MSGMAP@@XZ 5f4052ea f winctrl2.obj
 0001:000042f4       ?GetMessageMap@CTreeCtrl@@MBEPBUAFX_MSGMAP@@XZ 5f4052f4 f winctrl2.obj
 0001:00004304       ?Create@CTreeCtrl@@QAEHKABUtagRECT@@PAVCWnd@@I@Z 5f405304 f winctrl2.obj
 0001:00004386       ??1CTreeCtrl@@UAE@XZ       5f405386 f winctrl2.obj
 0001:000043d7       ?GetItemRect@CTreeCtrl@@QBEHPAU_TREEITEM@@PAUtagRECT@@H@Z 5f4053d7 f winctrl2.obj
 0001:00004437       ?GetItemText@CTreeCtrl@@QBE?AVCString@@PAU_TREEITEM@@@Z 5f405437 f winctrl2.obj
 0001:0000453b       ?GetItemImage@CTreeCtrl@@QBEHPAU_TREEITEM@@AAH1@Z 5f40553b f winctrl2.obj
 0001:000045bc       ?GetItemState@CTreeCtrl@@QBEIPAU_TREEITEM@@I@Z 5f4055bc f winctrl2.obj
 0001:0000464f       ?GetItemData@CTreeCtrl@@QBEKPAU_TREEITEM@@@Z 5f40564f f winctrl2.obj
 0001:000046d5       ?ItemHasChildren@CTreeCtrl@@QBEHPAU_TREEITEM@@@Z 5f4056d5 f winctrl2.obj
 0001:0000473d       ?SetItem@CTreeCtrl@@QAEHPAU_TREEITEM@@IPBDHHIIJ@Z 5f40573d f winctrl2.obj
 0001:000047c5       ?InsertItem@CTreeCtrl@@QAEPAU_TREEITEM@@IPBDHHIIJPAU2@1@Z 5f4057c5 f winctrl2.obj
 0001:00004853       ?HitTest@CTreeCtrl@@QBEPAU_TREEITEM@@VCPoint@@PAI@Z 5f405853 f winctrl2.obj
 0001:000048cb       ?RemoveImageList@CTreeCtrl@@IAEXH@Z 5f4058cb f winctrl2.obj
 0001:00004910       ?OnDestroy@CTreeCtrl@@QAEXXZ 5f405910 f winctrl2.obj
 0001:00004937       ?CreateDragImage@CTreeCtrl@@QAEPAVCImageList@@PAU_TREEITEM@@@Z 5f405937 f winctrl2.obj
 0001:000049fd       ?Create@CSpinButtonCtrl@@QAEHKABUtagRECT@@PAVCWnd@@I@Z 5f4059fd f winctrl2.obj
 0001:00004a7f       ??1CSpinButtonCtrl@@UAE@XZ 5f405a7f f winctrl2.obj
 0001:00004ad0       ?GetRange@CSpinButtonCtrl@@QBEXAAH0@Z 5f405ad0 f winctrl2.obj
 0001:00004b46       ?Create@CSliderCtrl@@QAEHKABUtagRECT@@PAVCWnd@@I@Z 5f405b46 f winctrl2.obj
 0001:00004bc8       ??1CSliderCtrl@@UAE@XZ     5f405bc8 f winctrl2.obj
 0001:00004c19       ?GetRange@CSliderCtrl@@QBEXAAH0@Z 5f405c19 f winctrl2.obj
 0001:00004c71       ?SetRange@CSliderCtrl@@QAEXHHH@Z 5f405c71 f winctrl2.obj
 0001:00004c9e       ?GetSelection@CSliderCtrl@@QBEXAAH0@Z 5f405c9e f winctrl2.obj
 0001:00004d12       ?SetSelection@CSliderCtrl@@QAEXHH@Z 5f405d12 f winctrl2.obj
 0001:00004d80       ?Create@CProgressCtrl@@QAEHKABUtagRECT@@PAVCWnd@@I@Z 5f405d80 f winctrl2.obj
 0001:00004e02       ??1CProgressCtrl@@UAE@XZ   5f405e02 f winctrl2.obj
 0001:00004e53       ?Create@CHeaderCtrl@@QAEHKABUtagRECT@@PAVCWnd@@I@Z 5f405e53 f winctrl2.obj
 0001:00004ed5       ??1CHeaderCtrl@@UAE@XZ     5f405ed5 f winctrl2.obj
 0001:00004f26       ?DrawItem@CHeaderCtrl@@UAEXPAUtagDRAWITEMSTRUCT@@@Z 5f405f26 f winctrl2.obj
 0001:00004f5c       ?OnChildNotify@CHeaderCtrl@@MAEHIIJPAJ@Z 5f405f5c f winctrl2.obj
 0001:00004fc6       ?Create@CHotKeyCtrl@@QAEHKABUtagRECT@@PAVCWnd@@I@Z 5f405fc6 f winctrl2.obj
 0001:00005048       ??1CHotKeyCtrl@@UAE@XZ     5f406048 f winctrl2.obj
 0001:00005099       ?GetHotKey@CHotKeyCtrl@@QBEXAAG0@Z 5f406099 f winctrl2.obj
 0001:0000511a       ?_GetBaseMessageMap@CTabCtrl@@KGPBUAFX_MSGMAP@@XZ 5f40611a f winctrl2.obj
 0001:00005124       ?GetMessageMap@CTabCtrl@@MBEPBUAFX_MSGMAP@@XZ 5f406124 f winctrl2.obj
 0001:00005134       ?Create@CTabCtrl@@QAEHKABUtagRECT@@PAVCWnd@@I@Z 5f406134 f winctrl2.obj
 0001:000051b6       ??1CTabCtrl@@UAE@XZ        5f4061b6 f winctrl2.obj
 0001:00005207       ?DrawItem@CTabCtrl@@UAEXPAUtagDRAWITEMSTRUCT@@@Z 5f406207 f winctrl2.obj
 0001:0000523d       ?OnChildNotify@CTabCtrl@@MAEHIIJPAJ@Z 5f40623d f winctrl2.obj
 0001:000052a7       ?OnDestroy@CTabCtrl@@IAEXXZ 5f4062a7 f winctrl2.obj
 0001:000052ee       ?Create@CAnimateCtrl@@QAEHKABUtagRECT@@PAVCWnd@@I@Z 5f4062ee f winctrl2.obj
 0001:00005370       ??1CAnimateCtrl@@UAE@XZ    5f406370 f winctrl2.obj
 0001:000053c1       ??1CRichEditCtrl@@UAE@XZ   5f4063c1 f winctrl2.obj
 0001:00005412       ??0CImageList@@QAE@XZ      5f406412 f winctrl2.obj
 0001:0000543b       ??1CImageList@@UAE@XZ      5f40643b f winctrl2.obj
 0001:0000548c       ?Detach@CImageList@@QAEPAU_IMAGELIST@@XZ 5f40648c f winctrl2.obj
 0001:0000556a       ?DeleteImageList@CImageList@@QAEHXZ 5f40656a f winctrl2.obj
 0001:00005591       ?DeleteTempMap@CImageList@@SGXXZ 5f406591 f winctrl2.obj
 0001:000055b4       ?FromHandle@CImageList@@SGPAV1@PAU_IMAGELIST@@@Z 5f4065b4 f winctrl2.obj
 0001:00005630       ?FromHandlePermanent@CImageList@@SGPAV1@PAU_IMAGELIST@@@Z 5f406630 f winctrl2.obj
 0001:00005699       ?Create@CImageList@@QAEHHHIHH@Z 5f406699 f winctrl2.obj
 0001:000056c9       ?Create@CImageList@@QAEHIHHK@Z 5f4066c9 f winctrl2.obj
 0001:00005739       ?Create@CImageList@@QAEHPBDHHK@Z 5f406739 f winctrl2.obj
 0001:00005775       ?Create@CImageList@@QAEHAAV1@H0HHH@Z 5f406775 f winctrl2.obj
 0001:000057af       ?Attach@CImageList@@QAEHPAU_IMAGELIST@@@Z 5f4067af f winctrl2.obj
 0001:00005863       ?Read@CImageList@@QAEHPAVCArchive@@@Z 5f406863 f winctrl2.obj
 0001:00005909       ?Write@CImageList@@QAEHPAVCArchive@@@Z 5f406909 f winctrl2.obj
 0001:000059a4       ?Dump@CImageList@@UBEXAAVCDumpContext@@@Z 5f4069a4 f winctrl2.obj
 0001:000059e5       ?AssertValid@CImageList@@UBEXXZ 5f4069e5 f winctrl2.obj
 0001:00005aa7       ??0CDragListBox@@QAE@XZ    5f406aa7 f winctrl2.obj
 0001:00005ad0       ?ItemFromPt@CDragListBox@@QBEHVCPoint@@H@Z 5f406ad0 f winctrl2.obj
 0001:00005b32       ??0CToolBarCtrl@@QAE@XZ    5f406b32 f winctrl2.obj
 0001:00005b51       ?EnableButton@CToolBarCtrl@@QAEHHH@Z 5f406b51 f winctrl2.obj
 0001:00005bab       ?CheckButton@CToolBarCtrl@@QAEHHH@Z 5f406bab f winctrl2.obj
 0001:00005c05       ?PressButton@CToolBarCtrl@@QAEHHH@Z 5f406c05 f winctrl2.obj
 0001:00005c5f       ?HideButton@CToolBarCtrl@@QAEHHH@Z 5f406c5f f winctrl2.obj
 0001:00005cb9       ?Indeterminate@CToolBarCtrl@@QAEHHH@Z 5f406cb9 f winctrl2.obj
 0001:00005d13       ?IsButtonEnabled@CToolBarCtrl@@QBEHH@Z 5f406d13 f winctrl2.obj
 0001:00005d66       ?IsButtonChecked@CToolBarCtrl@@QBEHH@Z 5f406d66 f winctrl2.obj
 0001:00005db9       ?IsButtonPressed@CToolBarCtrl@@QBEHH@Z 5f406db9 f winctrl2.obj
 0001:00005e0c       ?IsButtonHidden@CToolBarCtrl@@QBEHH@Z 5f406e0c f winctrl2.obj
 0001:00005e5f       ?IsButtonIndeterminate@CToolBarCtrl@@QBEHH@Z 5f406e5f f winctrl2.obj
 0001:00005eb2       ?SetState@CToolBarCtrl@@QAEHHI@Z 5f406eb2 f winctrl2.obj
 0001:00005f0c       ?GetState@CToolBarCtrl@@QBEHH@Z 5f406f0c f winctrl2.obj
 0001:00005f5f       ?AddButtons@CToolBarCtrl@@QAEHHPAU_TBBUTTON@@@Z 5f406f5f f winctrl2.obj
 0001:00005fb4       ?InsertButton@CToolBarCtrl@@QAEHHPAU_TBBUTTON@@@Z 5f406fb4 f winctrl2.obj
 0001:00006009       ?DeleteButton@CToolBarCtrl@@QAEHH@Z 5f407009 f winctrl2.obj
 0001:0000605c       ?GetButton@CToolBarCtrl@@QBEHHPAU_TBBUTTON@@@Z 5f40705c f winctrl2.obj
 0001:000060b1       ?GetButtonCount@CToolBarCtrl@@QBEHXZ 5f4070b1 f winctrl2.obj
 0001:00006100       ?CommandToIndex@CToolBarCtrl@@QBEII@Z 5f407100 f winctrl2.obj
 0001:00006153       ?Customize@CToolBarCtrl@@QAEXXZ 5f407153 f winctrl2.obj
 0001:000061a2       ?AddStrings@CToolBarCtrl@@QAEHPBD@Z 5f4071a2 f winctrl2.obj
 0001:000061f5       ?GetItemRect@CToolBarCtrl@@QBEHHPAUtagRECT@@@Z 5f4071f5 f winctrl2.obj
 0001:0000624a       ?SetButtonStructSize@CToolBarCtrl@@QAEXH@Z 5f40724a f winctrl2.obj
 0001:0000629d       ?SetButtonSize@CToolBarCtrl@@QAEHVCSize@@@Z 5f40729d f winctrl2.obj
 0001:00006303       ?SetBitmapSize@CToolBarCtrl@@QAEHVCSize@@@Z 5f407303 f winctrl2.obj
 0001:00006369       ?AutoSize@CToolBarCtrl@@QAEXXZ 5f407369 f winctrl2.obj
 0001:000063b8       ?GetToolTips@CToolBarCtrl@@QBEPAVCToolTipCtrl@@XZ 5f4073b8 f winctrl2.obj
 0001:0000640d       ?SetToolTips@CToolBarCtrl@@QAEXPAVCToolTipCtrl@@@Z 5f40740d f winctrl2.obj
 0001:00006463       ?SetOwner@CToolBarCtrl@@QAEXPAVCWnd@@@Z 5f407463 f winctrl2.obj
 0001:000064b9       ?SetRows@CToolBarCtrl@@QAEXHHPAUtagRECT@@@Z 5f4074b9 f winctrl2.obj
 0001:00006522       ?GetRows@CToolBarCtrl@@QBEHXZ 5f407522 f winctrl2.obj
 0001:00006571       ?SetCmdID@CToolBarCtrl@@QAEHHI@Z 5f407571 f winctrl2.obj
 0001:000065c6       ?GetBitmapFlags@CToolBarCtrl@@QBEIXZ 5f4075c6 f winctrl2.obj
 0001:00006615       ??0CStatusBarCtrl@@QAE@XZ  5f407615 f winctrl2.obj
 0001:00006634       ?SetText@CStatusBarCtrl@@QAEHPBDHH@Z 5f407634 f winctrl2.obj
 0001:000066ac       ?SetParts@CStatusBarCtrl@@QAEHHPAH@Z 5f4076ac f winctrl2.obj
 0001:00006701       ?GetParts@CStatusBarCtrl@@QBEHHPAH@Z 5f407701 f winctrl2.obj
 0001:00006756       ?GetBorders@CStatusBarCtrl@@QBEHPAH@Z 5f407756 f winctrl2.obj
 0001:000067a9       ?SetMinHeight@CStatusBarCtrl@@QAEXH@Z 5f4077a9 f winctrl2.obj
 0001:000067fc       ?SetSimple@CStatusBarCtrl@@QAEHH@Z 5f4077fc f winctrl2.obj
 0001:0000684f       ?GetRect@CStatusBarCtrl@@QBEHHPAUtagRECT@@@Z 5f40784f f winctrl2.obj
 0001:000068a4       ??0CListCtrl@@QAE@XZ       5f4078a4 f winctrl2.obj
 0001:000068c3       ?GetBkColor@CListCtrl@@QBEKXZ 5f4078c3 f winctrl2.obj
 0001:00006912       ?SetBkColor@CListCtrl@@QAEHK@Z 5f407912 f winctrl2.obj
 0001:00006965       ?GetImageList@CListCtrl@@QBEPAVCImageList@@H@Z 5f407965 f winctrl2.obj
 0001:000069be       ?SetImageList@CListCtrl@@QAEPAVCImageList@@PAV2@H@Z 5f4079be f winctrl2.obj
 0001:00006a1e       ?GetItemCount@CListCtrl@@QBEHXZ 5f407a1e f winctrl2.obj
 0001:00006a6d       ?GetItem@CListCtrl@@QBEHPAUtagLVITEMA@@@Z 5f407a6d f winctrl2.obj
 0001:00006ac0       ?SetItem@CListCtrl@@QAEHPBUtagLVITEMA@@@Z 5f407ac0 f winctrl2.obj
 0001:00006b13       ?SetItemState@CListCtrl@@QAEHHII@Z 5f407b13 f winctrl2.obj
 0001:00006b6f       ?SetItemText@CListCtrl@@QAEHHHPBD@Z 5f407b6f f winctrl2.obj
 0001:00006bcb       ?SetItemData@CListCtrl@@QAEHHK@Z 5f407bcb f winctrl2.obj
 0001:00006c25       ?InsertItem@CListCtrl@@QAEHPBUtagLVITEMA@@@Z 5f407c25 f winctrl2.obj
 0001:00006c7b       ?InsertItem@CListCtrl@@QAEHHPBD@Z 5f407c7b f winctrl2.obj
 0001:00006cd3       ?InsertItem@CListCtrl@@QAEHHPBDH@Z 5f407cd3 f winctrl2.obj
 0001:00006d2d       ?DeleteItem@CListCtrl@@QAEHH@Z 5f407d2d f winctrl2.obj
 0001:00006d83       ?DeleteAllItems@CListCtrl@@QAEHXZ 5f407d83 f winctrl2.obj
 0001:00006dd5       ?GetCallbackMask@CListCtrl@@QBEIXZ 5f407dd5 f winctrl2.obj
 0001:00006e27       ?SetCallbackMask@CListCtrl@@QAEHI@Z 5f407e27 f winctrl2.obj
 0001:00006e7d       ?GetNextItem@CListCtrl@@QBEHHH@Z 5f407e7d f winctrl2.obj
 0001:00006eda       ?FindItem@CListCtrl@@QBEHPAUtagLVFINDINFOA@@H@Z 5f407eda f winctrl2.obj
 0001:00006f32       ?HitTest@CListCtrl@@QBEHPAUtagLVHITTESTINFO@@@Z 5f407f32 f winctrl2.obj
 0001:00006f88       ?SetItemPosition@CListCtrl@@QAEHHUtagPOINT@@@Z 5f407f88 f winctrl2.obj
 0001:00006fe0       ?GetItemPosition@CListCtrl@@QBEHHPAUtagPOINT@@@Z 5f407fe0 f winctrl2.obj
 0001:00007038       ?GetStringWidth@CListCtrl@@QBEHPBD@Z 5f408038 f winctrl2.obj
 0001:0000708e       ?EnsureVisible@CListCtrl@@QAEHHH@Z 5f40808e f winctrl2.obj
 0001:000070eb       ?Scroll@CListCtrl@@QAEHVCSize@@@Z 5f4080eb f winctrl2.obj
 0001:00007143       ?RedrawItems@CListCtrl@@QAEHHH@Z 5f408143 f winctrl2.obj
 0001:0000719b       ?Arrange@CListCtrl@@QAEHI@Z 5f40819b f winctrl2.obj
 0001:000071f1       ?EditLabel@CListCtrl@@QAEPAVCEdit@@H@Z 5f4081f1 f winctrl2.obj
 0001:0000724d       ?GetEditControl@CListCtrl@@QBEPAVCEdit@@XZ 5f40824d f winctrl2.obj
 0001:000072a5       ?GetColumn@CListCtrl@@QBEHHPAUtagLVCOLUMNA@@@Z 5f4082a5 f winctrl2.obj
 0001:000072fd       ?SetColumn@CListCtrl@@QAEHHPBUtagLVCOLUMNA@@@Z 5f4082fd f winctrl2.obj
 0001:00007355       ?InsertColumn@CListCtrl@@QAEHHPBUtagLVCOLUMNA@@@Z 5f408355 f winctrl2.obj
 0001:000073ad       ?DeleteColumn@CListCtrl@@QAEHH@Z 5f4083ad f winctrl2.obj
 0001:00007403       ?GetColumnWidth@CListCtrl@@QBEHH@Z 5f408403 f winctrl2.obj
 0001:00007459       ?SetColumnWidth@CListCtrl@@QAEHHH@Z 5f408459 f winctrl2.obj
 0001:000074b6       ?GetViewRect@CListCtrl@@QBEHPAUtagRECT@@@Z 5f4084b6 f winctrl2.obj
 0001:0000750c       ?GetTextColor@CListCtrl@@QBEKXZ 5f40850c f winctrl2.obj
 0001:0000755e       ?SetTextColor@CListCtrl@@QAEHK@Z 5f40855e f winctrl2.obj
 0001:000075b4       ?GetTextBkColor@CListCtrl@@QBEKXZ 5f4085b4 f winctrl2.obj
 0001:00007606       ?SetTextBkColor@CListCtrl@@QAEHK@Z 5f408606 f winctrl2.obj
 0001:0000765c       ?GetTopIndex@CListCtrl@@QBEHXZ 5f40865c f winctrl2.obj
 0001:000076ae       ?GetCountPerPage@CListCtrl@@QBEHXZ 5f4086ae f winctrl2.obj
 0001:00007700       ?GetOrigin@CListCtrl@@QBEHPAUtagPOINT@@@Z 5f408700 f winctrl2.obj
 0001:00007756       ?Update@CListCtrl@@QAEHH@Z 5f408756 f winctrl2.obj
 0001:000077ac       ?SetItemState@CListCtrl@@QAEHHPAUtagLVITEMA@@@Z 5f4087ac f winctrl2.obj
 0001:00007804       ?GetItemState@CListCtrl@@QBEIHI@Z 5f408804 f winctrl2.obj
 0001:0000785c       ?SetItemCount@CListCtrl@@QAEXH@Z 5f40885c f winctrl2.obj
 0001:000078b2       ?SortItems@CListCtrl@@QAEHP6GHJJJ@ZK@Z 5f4088b2 f winctrl2.obj
 0001:0000790a       ?GetSelectedCount@CListCtrl@@QBEIXZ 5f40890a f winctrl2.obj
 0001:0000795c       ??0CTreeCtrl@@QAE@XZ       5f40895c f winctrl2.obj
 0001:0000797b       ?InsertItem@CTreeCtrl@@QAEPAU_TREEITEM@@PAUtagTVINSERTSTRUCTA@@@Z 5f40897b f winctrl2.obj
 0001:000079d1       ?InsertItem@CTreeCtrl@@QAEPAU_TREEITEM@@PBDHHPAU2@1@Z 5f4089d1 f winctrl2.obj
 0001:00007a33       ?InsertItem@CTreeCtrl@@QAEPAU_TREEITEM@@PBDPAU2@1@Z 5f408a33 f winctrl2.obj
 0001:00007a91       ?DeleteItem@CTreeCtrl@@QAEHPAU_TREEITEM@@@Z 5f408a91 f winctrl2.obj
 0001:00007ae7       ?DeleteAllItems@CTreeCtrl@@QAEHXZ 5f408ae7 f winctrl2.obj
 0001:00007b3c       ?Expand@CTreeCtrl@@QAEHPAU_TREEITEM@@I@Z 5f408b3c f winctrl2.obj
 0001:00007b94       ?GetCount@CTreeCtrl@@QBEIXZ 5f408b94 f winctrl2.obj
 0001:00007be6       ?GetIndent@CTreeCtrl@@QBEIXZ 5f408be6 f winctrl2.obj
 0001:00007c38       ?SetIndent@CTreeCtrl@@QAEXI@Z 5f408c38 f winctrl2.obj
 0001:00007c8e       ?GetImageList@CTreeCtrl@@QBEPAVCImageList@@I@Z 5f408c8e f winctrl2.obj
 0001:00007cea       ?SetImageList@CTreeCtrl@@QAEPAVCImageList@@PAV2@H@Z 5f408cea f winctrl2.obj
 0001:00007d4d       ?GetNextItem@CTreeCtrl@@QBEPAU_TREEITEM@@PAU2@I@Z 5f408d4d f winctrl2.obj
 0001:00007da5       ?GetChildItem@CTreeCtrl@@QBEPAU_TREEITEM@@PAU2@@Z 5f408da5 f winctrl2.obj
 0001:00007dfb       ?GetNextSiblingItem@CTreeCtrl@@QBEPAU_TREEITEM@@PAU2@@Z 5f408dfb f winctrl2.obj
 0001:00007e51       ?GetPrevSiblingItem@CTreeCtrl@@QBEPAU_TREEITEM@@PAU2@@Z 5f408e51 f winctrl2.obj
 0001:00007ea7       ?GetParentItem@CTreeCtrl@@QBEPAU_TREEITEM@@PAU2@@Z 5f408ea7 f winctrl2.obj
 0001:00007efd       ?GetFirstVisibleItem@CTreeCtrl@@QBEPAU_TREEITEM@@XZ 5f408efd f winctrl2.obj
 0001:00007f4f       ?GetNextVisibleItem@CTreeCtrl@@QBEPAU_TREEITEM@@PAU2@@Z 5f408f4f f winctrl2.obj
 0001:00007fa5       ?GetPrevVisibleItem@CTreeCtrl@@QBEPAU_TREEITEM@@PAU2@@Z 5f408fa5 f winctrl2.obj
 0001:00007ffb       ?GetSelectedItem@CTreeCtrl@@QBEPAU_TREEITEM@@XZ 5f408ffb f winctrl2.obj
 0001:0000804d       ?GetDropHilightItem@CTreeCtrl@@QBEPAU_TREEITEM@@XZ 5f40904d f winctrl2.obj
 0001:0000809f       ?GetRootItem@CTreeCtrl@@QBEPAU_TREEITEM@@XZ 5f40909f f winctrl2.obj
 0001:000080f1       ?Select@CTreeCtrl@@QAEHPAU_TREEITEM@@I@Z 5f4090f1 f winctrl2.obj
 0001:00008149       ?SelectItem@CTreeCtrl@@QAEHPAU_TREEITEM@@@Z 5f409149 f winctrl2.obj
 0001:0000819f       ?SelectDropTarget@CTreeCtrl@@QAEHPAU_TREEITEM@@@Z 5f40919f f winctrl2.obj
 0001:000081f5       ?SelectSetFirstVisible@CTreeCtrl@@QAEHPAU_TREEITEM@@@Z 5f4091f5 f winctrl2.obj
 0001:0000824b       ?GetItem@CTreeCtrl@@QBEHPAUtagTVITEMA@@@Z 5f40924b f winctrl2.obj
 0001:000082a1       ?SetItem@CTreeCtrl@@QAEHPAUtagTVITEMA@@@Z 5f4092a1 f winctrl2.obj
 0001:000082f7       ?SetItemText@CTreeCtrl@@QAEHPAU_TREEITEM@@PBD@Z 5f4092f7 f winctrl2.obj
 0001:00008351       ?SetItemImage@CTreeCtrl@@QAEHPAU_TREEITEM@@HH@Z 5f409351 f winctrl2.obj
 0001:000083ad       ?SetItemState@CTreeCtrl@@QAEHPAU_TREEITEM@@II@Z 5f4093ad f winctrl2.obj
 0001:00008409       ?SetItemData@CTreeCtrl@@QAEHPAU_TREEITEM@@K@Z 5f409409 f winctrl2.obj
 0001:00008463       ?EditLabel@CTreeCtrl@@QAEPAVCEdit@@PAU_TREEITEM@@@Z 5f409463 f winctrl2.obj
 0001:000084bf       ?HitTest@CTreeCtrl@@QBEPAU_TREEITEM@@PAUtagTVHITTESTINFO@@@Z 5f4094bf f winctrl2.obj
 0001:00008515       ?GetEditControl@CTreeCtrl@@QBEPAVCEdit@@XZ 5f409515 f winctrl2.obj
 0001:0000856d       ?GetVisibleCount@CTreeCtrl@@QBEIXZ 5f40956d f winctrl2.obj
 0001:000085bf       ?SortChildren@CTreeCtrl@@QAEHPAU_TREEITEM@@@Z 5f4095bf f winctrl2.obj
 0001:00008615       ?EnsureVisible@CTreeCtrl@@QAEHPAU_TREEITEM@@@Z 5f409615 f winctrl2.obj
 0001:0000866b       ?SortChildrenCB@CTreeCtrl@@QAEHPAUtagTVSORTCB@@@Z 5f40966b f winctrl2.obj
 0001:000086c1       ??0CHotKeyCtrl@@QAE@XZ     5f4096c1 f winctrl2.obj
 0001:000086e0       ?SetHotKey@CHotKeyCtrl@@QAEXGG@Z 5f4096e0 f winctrl2.obj
 0001:0000874e       ?GetHotKey@CHotKeyCtrl@@QBEKXZ 5f40974e f winctrl2.obj
 0001:000087a0       ?SetRules@CHotKeyCtrl@@QAEXGG@Z 5f4097a0 f winctrl2.obj
 0001:00008803       ?Activate@CToolTipCtrl@@QAEXH@Z 5f409803 f winctrl2.obj
 0001:00008859       ?SetToolInfo@CToolTipCtrl@@QAEXPAUtagTOOLINFOA@@@Z 5f409859 f winctrl2.obj
 0001:000088af       ?RelayEvent@CToolTipCtrl@@QAEXPAUtagMSG@@@Z 5f4098af f winctrl2.obj
 0001:00008905       ?SetDelayTime@CToolTipCtrl@@QAEXI@Z 5f409905 f winctrl2.obj
 0001:0000895b       ?GetToolCount@CToolTipCtrl@@QBEHXZ 5f40995b f winctrl2.obj
 0001:000089ad       ??0CSpinButtonCtrl@@QAE@XZ 5f4099ad f winctrl2.obj
 0001:000089cc       ?GetAccel@CSpinButtonCtrl@@QBEIHPAU_UDACCEL@@@Z 5f4099cc f winctrl2.obj
 0001:00008a29       ?GetBase@CSpinButtonCtrl@@QBEIXZ 5f409a29 f winctrl2.obj
 0001:00008a80       ?GetBuddy@CSpinButtonCtrl@@QBEPAVCWnd@@XZ 5f409a80 f winctrl2.obj
 0001:00008ad8       ?GetPos@CSpinButtonCtrl@@QBEHXZ 5f409ad8 f winctrl2.obj
 0001:00008b2a       ?GetRange@CSpinButtonCtrl@@QBEKXZ 5f409b2a f winctrl2.obj
 0001:00008b7c       ?SetAccel@CSpinButtonCtrl@@QAEHHPAU_UDACCEL@@@Z 5f409b7c f winctrl2.obj
 0001:00008bd9       ?SetBase@CSpinButtonCtrl@@QAEHH@Z 5f409bd9 f winctrl2.obj
 0001:00008c2f       ?SetBuddy@CSpinButtonCtrl@@QAEPAVCWnd@@PAV2@@Z 5f409c2f f winctrl2.obj
 0001:00008c8e       ?SetPos@CSpinButtonCtrl@@QAEHH@Z 5f409c8e f winctrl2.obj
 0001:00008cec       ?SetRange@CSpinButtonCtrl@@QAEXHH@Z 5f409cec f winctrl2.obj
 0001:00008d55       ??0CSliderCtrl@@QAE@XZ     5f409d55 f winctrl2.obj
 0001:00008d74       ?GetLineSize@CSliderCtrl@@QBEHXZ 5f409d74 f winctrl2.obj
 0001:00008dc6       ?SetLineSize@CSliderCtrl@@QAEHH@Z 5f409dc6 f winctrl2.obj
 0001:00008e1c       ?GetPageSize@CSliderCtrl@@QBEHXZ 5f409e1c f winctrl2.obj
 0001:00008e6e       ?SetPageSize@CSliderCtrl@@QAEHH@Z 5f409e6e f winctrl2.obj
 0001:00008ec4       ?GetRangeMax@CSliderCtrl@@QBEHXZ 5f409ec4 f winctrl2.obj
 0001:00008f16       ?GetRangeMin@CSliderCtrl@@QBEHXZ 5f409f16 f winctrl2.obj
 0001:00008f68       ?SetRangeMin@CSliderCtrl@@QAEXHH@Z 5f409f68 f winctrl2.obj
 0001:00008fc0       ?SetRangeMax@CSliderCtrl@@QAEXHH@Z 5f409fc0 f winctrl2.obj
 0001:00009018       ?ClearSel@CSliderCtrl@@QAEXH@Z 5f40a018 f winctrl2.obj
 0001:0000906e       ?GetChannelRect@CSliderCtrl@@QBEXPAUtagRECT@@@Z 5f40a06e f winctrl2.obj
 0001:000090c4       ?GetThumbRect@CSliderCtrl@@QBEXPAUtagRECT@@@Z 5f40a0c4 f winctrl2.obj
 0001:0000911a       ?GetPos@CSliderCtrl@@QBEHXZ 5f40a11a f winctrl2.obj
 0001:0000916c       ?SetPos@CSliderCtrl@@QAEXH@Z 5f40a16c f winctrl2.obj
 0001:000091c2       ?VerifyPos@CSliderCtrl@@QAEXXZ 5f40a1c2 f winctrl2.obj
 0001:00009214       ?ClearTics@CSliderCtrl@@QAEXH@Z 5f40a214 f winctrl2.obj
 0001:0000926a       ?GetNumTics@CSliderCtrl@@QBEIXZ 5f40a26a f winctrl2.obj
 0001:000092bc       ?GetTicArray@CSliderCtrl@@QBEPAKXZ 5f40a2bc f winctrl2.obj
 0001:0000930e       ?GetTic@CSliderCtrl@@QBEHH@Z 5f40a30e f winctrl2.obj
 0001:00009364       ?GetTicPos@CSliderCtrl@@QBEHH@Z 5f40a364 f winctrl2.obj
 0001:000093ba       ?SetTic@CSliderCtrl@@QAEHH@Z 5f40a3ba f winctrl2.obj
 0001:00009410       ?SetTicFreq@CSliderCtrl@@QAEXH@Z 5f40a410 f winctrl2.obj
 0001:00009466       ??0CProgressCtrl@@QAE@XZ   5f40a466 f winctrl2.obj
 0001:00009485       ?SetRange@CProgressCtrl@@QAEXHH@Z 5f40a485 f winctrl2.obj
 0001:000094ee       ?SetPos@CProgressCtrl@@QAEHH@Z 5f40a4ee f winctrl2.obj
 0001:00009549       ?OffsetPos@CProgressCtrl@@QAEHH@Z 5f40a549 f winctrl2.obj
 0001:000095a4       ?SetStep@CProgressCtrl@@QAEHH@Z 5f40a5a4 f winctrl2.obj
 0001:000095ff       ?StepIt@CProgressCtrl@@QAEHXZ 5f40a5ff f winctrl2.obj
 0001:00009656       ??0CHeaderCtrl@@QAE@XZ     5f40a656 f winctrl2.obj
 0001:00009675       ?GetItemCount@CHeaderCtrl@@QBEHXZ 5f40a675 f winctrl2.obj
 0001:000096c7       ?InsertItem@CHeaderCtrl@@QAEHHPAU_HD_ITEMA@@@Z 5f40a6c7 f winctrl2.obj
 0001:0000971f       ?DeleteItem@CHeaderCtrl@@QAEHH@Z 5f40a71f f winctrl2.obj
 0001:00009775       ?GetItem@CHeaderCtrl@@QBEHHPAU_HD_ITEMA@@@Z 5f40a775 f winctrl2.obj
 0001:000097cd       ?SetItem@CHeaderCtrl@@QAEHHPAU_HD_ITEMA@@@Z 5f40a7cd f winctrl2.obj
 0001:00009825       ?Layout@CHeaderCtrl@@QAEHPAU_HD_LAYOUT@@@Z 5f40a825 f winctrl2.obj
 0001:0000987b       ??BCImageList@@QBEPAU_IMAGELIST@@XZ 5f40a87b f winctrl2.obj
 0001:0000988c       ?GetSafeHandle@CImageList@@QBEPAU_IMAGELIST@@XZ 5f40a88c f winctrl2.obj
 0001:000098b4       ?GetImageCount@CImageList@@QBEHXZ 5f40a8b4 f winctrl2.obj
 0001:000098f5       ?Add@CImageList@@QAEHPAVCBitmap@@0@Z 5f40a8f5 f winctrl2.obj
 0001:0000994a       ?Add@CImageList@@QAEHPAVCBitmap@@K@Z 5f40a94a f winctrl2.obj
 0001:0000999a       ?Remove@CImageList@@QAEHH@Z 5f40a99a f winctrl2.obj
 0001:000099e1       ?Replace@CImageList@@QAEHHPAVCBitmap@@0@Z 5f40a9e1 f winctrl2.obj
 0001:00009a3a       ?Add@CImageList@@QAEHPAUHICON__@@@Z 5f40aa3a f winctrl2.obj
 0001:00009a83       ?Replace@CImageList@@QAEHHPAUHICON__@@@Z 5f40aa83 f winctrl2.obj
 0001:00009ace       ?ExtractIconA@CImageList@@QAEPAUHICON__@@H@Z 5f40aace f winctrl2.obj
 0001:00009b17       ?Draw@CImageList@@QAEHPAVCDC@@HUtagPOINT@@I@Z 5f40ab17 f winctrl2.obj
 0001:00009b93       ?SetBkColor@CImageList@@QAEKK@Z 5f40ab93 f winctrl2.obj
 0001:00009bda       ?GetBkColor@CImageList@@QBEKXZ 5f40abda f winctrl2.obj
 0001:00009c1b       ?SetOverlayImage@CImageList@@QAEHHH@Z 5f40ac1b f winctrl2.obj
 0001:00009c66       ?GetImageInfo@CImageList@@QBEHHPAU_IMAGEINFO@@@Z 5f40ac66 f winctrl2.obj
 0001:00009cb1       ?BeginDrag@CImageList@@QAEHHVCPoint@@@Z 5f40acb1 f winctrl2.obj
 0001:00009d00       ?EndDrag@CImageList@@SGXXZ 5f40ad00 f winctrl2.obj
 0001:00009d0b       ?DragMove@CImageList@@SGHVCPoint@@@Z 5f40ad0b f winctrl2.obj
 0001:00009d20       ?SetDragCursorImage@CImageList@@QAEHHVCPoint@@@Z 5f40ad20 f winctrl2.obj
 0001:00009d6f       ?DragShowNolock@CImageList@@SGHH@Z 5f40ad6f f winctrl2.obj
 0001:00009d80       ?GetDragImage@CImageList@@SGPAV1@PAUtagPOINT@@0@Z 5f40ad80 f winctrl2.obj
 0001:00009d9b       ?DragEnter@CImageList@@SGHPAVCWnd@@VCPoint@@@Z 5f40ad9b f winctrl2.obj
 0001:00009db9       ?DragLeave@CImageList@@SGHPAVCWnd@@@Z 5f40adb9 f winctrl2.obj
 0001:00009dcf       ??0CTabCtrl@@QAE@XZ        5f40adcf f winctrl2.obj
 0001:00009dee       ?GetImageList@CTabCtrl@@QBEPAVCImageList@@XZ 5f40adee f winctrl2.obj
 0001:00009e46       ?SetImageList@CTabCtrl@@QAEPAVCImageList@@PAV2@@Z 5f40ae46 f winctrl2.obj
 0001:00009ea7       ?GetItemCount@CTabCtrl@@QBEHXZ 5f40aea7 f winctrl2.obj
 0001:00009ef9       ?GetItem@CTabCtrl@@QBEHHPAUtagTCITEMA@@@Z 5f40aef9 f winctrl2.obj
 0001:00009f51       ?SetItem@CTabCtrl@@QAEHHPAUtagTCITEMA@@@Z 5f40af51 f winctrl2.obj
 0001:00009fa9       ?InsertItem@CTabCtrl@@QAEHHPAUtagTCITEMA@@@Z 5f40afa9 f winctrl2.obj
 0001:0000a001       ?DeleteItem@CTabCtrl@@QAEHH@Z 5f40b001 f winctrl2.obj
 0001:0000a057       ?DeleteAllItems@CTabCtrl@@QAEHXZ 5f40b057 f winctrl2.obj
 0001:0000a0a9       ?GetItemRect@CTabCtrl@@QBEHHPAUtagRECT@@@Z 5f40b0a9 f winctrl2.obj
 0001:0000a101       ?GetCurSel@CTabCtrl@@QBEHXZ 5f40b101 f winctrl2.obj
 0001:0000a153       ?SetCurSel@CTabCtrl@@QAEHH@Z 5f40b153 f winctrl2.obj
 0001:0000a1a9       ?HitTest@CTabCtrl@@QBEHPAUtagTCHITTESTINFO@@@Z 5f40b1a9 f winctrl2.obj
 0001:0000a1ff       ?AdjustRect@CTabCtrl@@QAEXHPAUtagRECT@@@Z 5f40b1ff f winctrl2.obj
 0001:0000a257       ?SetItemSize@CTabCtrl@@QAE?AVCSize@@V2@@Z 5f40b257 f winctrl2.obj
 0001:0000a2cc       ?RemoveImage@CTabCtrl@@QAEXH@Z 5f40b2cc f winctrl2.obj
 0001:0000a322       ?SetPadding@CTabCtrl@@QAEXVCSize@@@Z 5f40b322 f winctrl2.obj
 0001:0000a38b       ?GetRowCount@CTabCtrl@@QBEHXZ 5f40b38b f winctrl2.obj
 0001:0000a3dd       ?GetTooltips@CTabCtrl@@QBEPAVCToolTipCtrl@@XZ 5f40b3dd f winctrl2.obj
 0001:0000a435       ?SetTooltips@CTabCtrl@@QAEXPAVCToolTipCtrl@@@Z 5f40b435 f winctrl2.obj
 0001:0000a48e       ?GetCurFocus@CTabCtrl@@QBEHXZ 5f40b48e f winctrl2.obj
 0001:0000a4e0       ??0CAnimateCtrl@@QAE@XZ    5f40b4e0 f winctrl2.obj
 0001:0000a4ff       ?Open@CAnimateCtrl@@QAEHPBD@Z 5f40b4ff f winctrl2.obj
 0001:0000a555       ?Open@CAnimateCtrl@@QAEHI@Z 5f40b555 f winctrl2.obj
 0001:0000a5ab       ?Play@CAnimateCtrl@@QAEHIII@Z 5f40b5ab f winctrl2.obj
 0001:0000a616       ?Stop@CAnimateCtrl@@QAEHXZ 5f40b616 f winctrl2.obj
 0001:0000a668       ?Close@CAnimateCtrl@@QAEHXZ 5f40b668 f winctrl2.obj
 0001:0000a6ba       ?Seek@CAnimateCtrl@@QAEHI@Z 5f40b6ba f winctrl2.obj
 0001:0000a723       ??0CRichEditCtrl@@QAE@XZ   5f40b723 f winctrl2.obj
 0001:0000a742       ?CanUndo@CRichEditCtrl@@QBEHXZ 5f40b742 f winctrl2.obj
 0001:0000a794       ?GetLineCount@CRichEditCtrl@@QBEHXZ 5f40b794 f winctrl2.obj
 0001:0000a7e6       ?GetModify@CRichEditCtrl@@QBEHXZ 5f40b7e6 f winctrl2.obj
 0001:0000a838       ?SetModify@CRichEditCtrl@@QAEXH@Z 5f40b838 f winctrl2.obj
 0001:0000a88e       ?GetRect@CRichEditCtrl@@QBEXPAUtagRECT@@@Z 5f40b88e f winctrl2.obj
 0001:0000a8e4       ?GetCharPos@CRichEditCtrl@@QBE?AVCPoint@@J@Z 5f40b8e4 f winctrl2.obj
 0001:0000a957       ?SetOptions@CRichEditCtrl@@QAEXGK@Z 5f40b957 f winctrl2.obj
 0001:0000a9b5       ?EmptyUndoBuffer@CRichEditCtrl@@QAEXXZ 5f40b9b5 f winctrl2.obj
 0001:0000aa07       ?ReplaceSel@CRichEditCtrl@@QAEXPBDH@Z 5f40ba07 f winctrl2.obj
 0001:0000aa5f       ?SetRect@CRichEditCtrl@@QAEXPBUtagRECT@@@Z 5f40ba5f f winctrl2.obj
 0001:0000aab5       ?Undo@CRichEditCtrl@@QAEHXZ 5f40bab5 f winctrl2.obj
 0001:0000ab07       ?Clear@CRichEditCtrl@@QAEXXZ 5f40bb07 f winctrl2.obj
 0001:0000ab59       ?Copy@CRichEditCtrl@@QAEXXZ 5f40bb59 f winctrl2.obj
 0001:0000abab       ?Cut@CRichEditCtrl@@QAEXXZ 5f40bbab f winctrl2.obj
 0001:0000abfd       ?Paste@CRichEditCtrl@@QAEXXZ 5f40bbfd f winctrl2.obj
 0001:0000ac4f       ?SetReadOnly@CRichEditCtrl@@QAEHH@Z 5f40bc4f f winctrl2.obj
 0001:0000aca5       ?GetFirstVisibleLine@CRichEditCtrl@@QBEHXZ 5f40bca5 f winctrl2.obj
 0001:0000acf7       ?DisplayBand@CRichEditCtrl@@QAEHPAUtagRECT@@@Z 5f40bcf7 f winctrl2.obj
 0001:0000ad4d       ?GetSel@CRichEditCtrl@@QBEXAAU_charrange@@@Z 5f40bd4d f winctrl2.obj
 0001:0000ada3       ?LimitText@CRichEditCtrl@@QAEXJ@Z 5f40bda3 f winctrl2.obj
 0001:0000adf9       ?LineFromChar@CRichEditCtrl@@QBEJJ@Z 5f40bdf9 f winctrl2.obj
 0001:0000ae4f       ?SetSel@CRichEditCtrl@@QAEXAAU_charrange@@@Z 5f40be4f f winctrl2.obj
 0001:0000aea5       ?FindTextA@CRichEditCtrl@@QBEJKPAU_findtextexa@@@Z 5f40bea5 f winctrl2.obj
 0001:0000aefd       ?FormatRange@CRichEditCtrl@@QAEJPAU_formatrange@@H@Z 5f40befd f winctrl2.obj
 0001:0000af55       ?GetEventMask@CRichEditCtrl@@QBEJXZ 5f40bf55 f winctrl2.obj
 0001:0000afa7       ?GetLimitText@CRichEditCtrl@@QBEJXZ 5f40bfa7 f winctrl2.obj
 0001:0000aff9       ?GetSelText@CRichEditCtrl@@QBEJPAD@Z 5f40bff9 f winctrl2.obj
 0001:0000b04f       ?HideSelection@CRichEditCtrl@@QAEXHH@Z 5f40c04f f winctrl2.obj
 0001:0000b0a7       ?RequestResize@CRichEditCtrl@@QAEXXZ 5f40c0a7 f winctrl2.obj
 0001:0000b0f9       ?GetSelectionType@CRichEditCtrl@@QBEGXZ 5f40c0f9 f winctrl2.obj
 0001:0000b14b       ?SetBackgroundColor@CRichEditCtrl@@QAEKHK@Z 5f40c14b f winctrl2.obj
 0001:0000b1a3       ?SetEventMask@CRichEditCtrl@@QAEKK@Z 5f40c1a3 f winctrl2.obj
 0001:0000b1f9       ?SetOLECallback@CRichEditCtrl@@QAEHPAUIRichEditOleCallback@@@Z 5f40c1f9 f winctrl2.obj
 0001:0000b24f       ?SetTargetDevice@CRichEditCtrl@@QAEHPAUHDC__@@J@Z 5f40c24f f winctrl2.obj
 0001:0000b2a7       ?SetTargetDevice@CRichEditCtrl@@QAEHAAVCDC@@J@Z 5f40c2a7 f winctrl2.obj
 0001:0000b302       ?StreamIn@CRichEditCtrl@@QAEJHAAU_editstream@@@Z 5f40c302 f winctrl2.obj
 0001:0000b35a       ?StreamOut@CRichEditCtrl@@QAEJHAAU_editstream@@@Z 5f40c35a f winctrl2.obj
 0001:0000b3b2       ?GetTextLength@CRichEditCtrl@@QBEJXZ 5f40c3b2 f winctrl2.obj
 0001:0000b410       ??_GCDragListBox@@UAEPAXI@Z 5f40c410 f winctrl2.obj
 0001:0000b440       ??_GCToolBarCtrl@@UAEPAXI@Z 5f40c440 f winctrl2.obj
 0001:0000b470       ??_GCStatusBarCtrl@@UAEPAXI@Z 5f40c470 f winctrl2.obj
 0001:0000b4a0       ??_GCListCtrl@@UAEPAXI@Z   5f40c4a0 f winctrl2.obj
 0001:0000b4d0       ??_GCTreeCtrl@@UAEPAXI@Z   5f40c4d0 f winctrl2.obj
 0001:0000b500       ??_GCSpinButtonCtrl@@UAEPAXI@Z 5f40c500 f winctrl2.obj
 0001:0000b530       ??_GCSliderCtrl@@UAEPAXI@Z 5f40c530 f winctrl2.obj
 0001:0000b560       ??_GCProgressCtrl@@UAEPAXI@Z 5f40c560 f winctrl2.obj
 0001:0000b590       ??_GCHeaderCtrl@@UAEPAXI@Z 5f40c590 f winctrl2.obj
 0001:0000b5c0       ??_GCHotKeyCtrl@@UAEPAXI@Z 5f40c5c0 f winctrl2.obj
 0001:0000b5f0       ??_GCTabCtrl@@UAEPAXI@Z    5f40c5f0 f winctrl2.obj
 0001:0000b620       ??_GCAnimateCtrl@@UAEPAXI@Z 5f40c620 f winctrl2.obj
 0001:0000b650       ??_GCRichEditCtrl@@UAEPAXI@Z 5f40c650 f winctrl2.obj
 0001:0000b680       ??_GCImageList@@UAEPAXI@Z  5f40c680 f winctrl2.obj
 0001:0000b6b0       ??1_AFX_RICHEDIT_STATE@@UAE@XZ 5f40c6b0 f winctrl4.obj
 0001:0000b70f       ?AfxGetRichEditState@@YAPAV_AFX_RICHEDIT_STATE@@XZ 5f40c70f f winctrl4.obj
 0001:0000b71e       ?AfxInitRichEdit@@YGHXZ    5f40c71e f winctrl4.obj
 0001:0000b7ba       ?Create@CRichEditCtrl@@QAEHKABUtagRECT@@PAVCWnd@@I@Z 5f40c7ba f winctrl4.obj
 0001:0000b800       ?GetLine@CRichEditCtrl@@QBEHHPAD@Z 5f40c800 f winctrl4.obj
 0001:0000b855       ?LineIndex@CRichEditCtrl@@QBEHH@Z 5f40c855 f winctrl4.obj
 0001:0000b8a8       ?LineLength@CRichEditCtrl@@QBEHH@Z 5f40c8a8 f winctrl4.obj
 0001:0000b8fb       ?LineScroll@CRichEditCtrl@@QAEXHH@Z 5f40c8fb f winctrl4.obj
 0001:0000b950       ?SetSel@CRichEditCtrl@@QAEXJJ@Z 5f40c950 f winctrl4.obj
 0001:0000b9b1       ?CanPaste@CRichEditCtrl@@QBEHI@Z 5f40c9b1 f winctrl4.obj
 0001:0000ba36       ?PasteSpecial@CRichEditCtrl@@QAEXIKPAUHMETAFILE__@@@Z 5f40ca36 f winctrl4.obj
 0001:0000ba9c       ?GetLine@CRichEditCtrl@@QBEHHPADH@Z 5f40ca9c f winctrl4.obj
 0001:0000bafc       ?GetSel@CRichEditCtrl@@QBEXAAJ0@Z 5f40cafc f winctrl4.obj
 0001:0000bb64       ?GetSelText@CRichEditCtrl@@QBE?AVCString@@XZ 5f40cb64 f winctrl4.obj
 0001:0000bc26       ?GetIRichEditOle@CRichEditCtrl@@QBEPAUIRichEditOle@@XZ 5f40cc26 f winctrl4.obj
 0001:0000bc86       ?SetDefaultCharFormat@CRichEditCtrl@@QAEHAAU_charformat@@@Z 5f40cc86 f winctrl4.obj
 0001:0000bce5       ?SetSelectionCharFormat@CRichEditCtrl@@QAEHAAU_charformat@@@Z 5f40cce5 f winctrl4.obj
 0001:0000bd44       ?SetWordCharFormat@CRichEditCtrl@@QAEHAAU_charformat@@@Z 5f40cd44 f winctrl4.obj
 0001:0000bda3       ?GetDefaultCharFormat@CRichEditCtrl@@QBEKAAU_charformat@@@Z 5f40cda3 f winctrl4.obj
 0001:0000be02       ?GetSelectionCharFormat@CRichEditCtrl@@QBEKAAU_charformat@@@Z 5f40ce02 f winctrl4.obj
 0001:0000be61       ?GetParaFormat@CRichEditCtrl@@QBEKAAU_paraformat@@@Z 5f40ce61 f winctrl4.obj
 0001:0000bec0       ?SetParaFormat@CRichEditCtrl@@QAEHAAU_paraformat@@@Z 5f40cec0 f winctrl4.obj
 0001:0000bf60       ??1?$CProcessLocal@V_AFX_RICHEDIT_STATE@@@@QAE@XZ 5f40cf60 f winctrl4.obj
 0001:0000bf80       ?GetData@?$CProcessLocal@V_AFX_RICHEDIT_STATE@@@@QAEPAV_AFX_RICHEDIT_STATE@@XZ 5f40cf80 f winctrl4.obj
 0001:0000bfd0       ??B?$CProcessLocal@V_AFX_RICHEDIT_STATE@@@@QAEPAV_AFX_RICHEDIT_STATE@@XZ 5f40cfd0 f winctrl4.obj
 0001:0000bff0       ?CreateObject@?$CProcessLocal@V_AFX_RICHEDIT_STATE@@@@SGPAVCNoTrackObject@@XZ 5f40cff0 f winctrl4.obj
 0001:0000c060       ??0_AFX_RICHEDIT_STATE@@QAE@XZ 5f40d060 f winctrl4.obj
 0001:0000c080       ??_E_AFX_RICHEDIT_STATE@@UAEPAXI@Z 5f40d080 f winctrl4.obj
 0001:0000c080       ??_G_AFX_RICHEDIT_STATE@@UAEPAXI@Z 5f40d080 f winctrl4.obj
 0001:0000c0b0       ??_9@$BNA@AE               5f40d0b0 f dlgcore.obj
 0001:0000c0c0       ??_9@$BMM@AE               5f40d0c0 f dlgcore.obj
 0001:0000c0d0       ?T2A@@YAPADPAD@Z           5f40d0d0 f dlgfnt.obj
 0001:0000c0e0       ?A2T@@YAPADPAD@Z           5f40d0e0 f dlgfnt.obj
 0001:0000c0f0       _FindTextA@4               5f40d0f0 f dlgfr.obj
 0001:0000c110       ??C?$CProcessLocal@V_AFX_EXTDLL_STATE@@@@QAEPAV_AFX_EXTDLL_STATE@@XZ 5f40d110 f ccdata.obj
 0001:0000c130       ?GetData@?$CProcessLocal@V_AFX_EXTDLL_STATE@@@@QAEPAV_AFX_EXTDLL_STATE@@XZ 5f40d130 f ccdata.obj
 0001:0000c180       ?CreateObject@?$CProcessLocal@V_AFX_EXTDLL_STATE@@@@SGPAVCNoTrackObject@@XZ 5f40d180 f ccdata.obj
 0001:0000c1f0       ??0_AFX_EXTDLL_STATE@@QAE@XZ 5f40d1f0 f ccdata.obj
 0001:0000c210       ??_E_AFX_EXTDLL_STATE@@UAEPAXI@Z 5f40d210 f ccdata.obj
 0001:0000c210       ??_G_AFX_EXTDLL_STATE@@UAEPAXI@Z 5f40d210 f ccdata.obj
 0001:0000c240       ?IsEqualGUID@@YAHABU_GUID@@0@Z 5f40d240 f cmdtarg.obj
 0001:0000c260       ??_9@$BOI@AE               5f40d260 f viewcore.obj
 0001:0000c270       ??C?$CProcessLocal@V_AFX_WIN_STATE@@@@QAEPAV_AFX_WIN_STATE@@XZ 5f40d270 f viewprnt.obj
 0001:0000c290       __tcsdec                   5f40d290 f viewedit.obj
 0001:0000c2b0       ??B?$CTypedSimpleList@PAVCFrameWnd@@@@QAEPAVCFrameWnd@@XZ 5f40d2b0 f thrdcore.obj
 0001:0000c2d0       ?GetDataNA@?$CThreadLocal@V_AFX_THREAD_STATE@@@@QAEPAV_AFX_THREAD_STATE@@XZ 5f40d2d0 f thrdcore.obj
 0001:0000c2f0       ??B?$CThreadLocal@V_AFX_CTL3D_THREAD@@@@QAEPAV_AFX_CTL3D_THREAD@@XZ 5f40d2f0 f thrdcore.obj
 0001:0000c310       ?GetData@?$CThreadLocal@V_AFX_CTL3D_THREAD@@@@QAEPAV_AFX_CTL3D_THREAD@@XZ 5f40d310 f thrdcore.obj
 0001:0000c360       ?CreateObject@?$CThreadLocal@V_AFX_CTL3D_THREAD@@@@SGPAVCNoTrackObject@@XZ 5f40d360 f thrdcore.obj
 0001:0000c3d0       ??0_AFX_CTL3D_THREAD@@QAE@XZ 5f40d3d0 f thrdcore.obj
 0001:0000c3f0       ??_G_AFX_CTL3D_THREAD@@UAEPAXI@Z 5f40d3f0 f thrdcore.obj
 0001:0000c3f0       ??_E_AFX_CTL3D_THREAD@@UAEPAXI@Z 5f40d3f0 f thrdcore.obj
 0001:0000c420       ?GetSize@CRecentFileList@@QBEHXZ 5f40d420 f appcore.obj
 0001:0000c440       ??ACRecentFileList@@QAEAAVCString@@H@Z 5f40d440 f appcore.obj
 0001:0000c490       ?T2CA@@YAPBDPBD@Z          5f40d490 f appcore.obj
 0001:0000c4a0       ?AfxParseURLEx@@YGHPBDAAKAAVCString@@2AAG22K@Z 5f40d4a0 f inet.obj
 0001:0000c879       ?AfxParseURL@@YGHPBDAAKAAVCString@@2AAG@Z 5f40d879 f inet.obj
 0001:0000c937       ?AfxGetInternetHandleType@@YGKPAX@Z 5f40d937 f inet.obj
 0001:0000c972       ?AfxInternetStatusCallbackDebug@@YGXPAXKK0K@Z 5f40d972 f inet.obj
 0001:0000cba7       ?AfxInternetStatusCallback@@YGXPAXKK0K@Z 5f40dba7 f inet.obj
 0001:0000cc07       ??1CInternetSession@@UAE@XZ 5f40dc07 f inet.obj
 0001:0000cc58       ??0CInternetSession@@QAE@PBDKK00K@Z 5f40dc58 f inet.obj
 0001:0000cd1f       ?Close@CInternetSession@@UAEXXZ 5f40dd1f f inet.obj
 0001:0000cd6e       ?GetGopherConnection@CInternetSession@@QAEPAVCGopherConnection@@PBD00G@Z 5f40dd6e f inet.obj
 0001:0000ce1f       ?GetFtpConnection@CInternetSession@@QAEPAVCFtpConnection@@PBD00GH@Z 5f40de1f f inet.obj
 0001:0000ced4       ?GetHttpConnection@CInternetSession@@QAEPAVCHttpConnection@@PBDG00@Z 5f40ded4 f inet.obj
 0001:0000cf85       ?GetHttpConnection@CInternetSession@@QAEPAVCHttpConnection@@PBDKG00@Z 5f40df85 f inet.obj
 0001:0000d03a       ?OpenURL@CInternetSession@@QAEPAVCStdioFile@@PBDKK0K@Z 5f40e03a f inet.obj
 0001:0000d3e9       ?SetOption@CInternetSession@@QAEHKPAXKK@Z 5f40e3e9 f inet.obj
 0001:0000d4aa       ?QueryOption@CInternetSession@@QBEHKPAXPAK@Z 5f40e4aa f inet.obj
 0001:0000d55e       ?QueryOption@CInternetSession@@QBEHKAAK@Z 5f40e55e f inet.obj
 0001:0000d58d       ?QueryOption@CInternetSession@@QBEHKAAVCString@@@Z 5f40e58d f inet.obj
 0001:0000d65c       ?OnStatusCallback@CInternetSession@@UAEXKKPAXK@Z 5f40e65c f inet.obj
 0001:0000d6b8       ?EnableStatusCallback@CInternetSession@@QAEHH@Z 5f40e6b8 f inet.obj
 0001:0000d7c7       ?Dump@CInternetSession@@UBEXAAVCDumpContext@@@Z 5f40e7c7 f inet.obj
 0001:0000d816       ??0CInternetFile@@IAE@PAX0PBD1KH@Z 5f40e816 f inet.obj
 0001:0000d958       ??0CInternetFile@@IAE@PAXPBDPAVCInternetConnection@@H@Z 5f40e958 f inet.obj
 0001:0000daf0       ?QueryOption@CInternetFile@@QBEHKPAXPAK@Z 5f40eaf0 f inet.obj
 0001:0000dbc7       ?QueryOption@CInternetFile@@QBEHKAAK@Z 5f40ebc7 f inet.obj
 0001:0000dc1f       ?QueryOption@CInternetFile@@QBEHKAAVCString@@@Z 5f40ec1f f inet.obj
 0001:0000dc92       ?SetOption@CInternetFile@@QAEHKPAXKK@Z 5f40ec92 f inet.obj
 0001:0000dd53       ?SetReadBufferSize@CInternetFile@@QAEHI@Z 5f40ed53 f inet.obj
 0001:0000de92       ?SetWriteBufferSize@CInternetFile@@QAEHI@Z 5f40ee92 f inet.obj
 0001:0000df81       ?Seek@CInternetFile@@UAEJJI@Z 5f40ef81 f inet.obj
 0001:0000e0d0       ??1CInternetFile@@UAE@XZ   5f40f0d0 f inet.obj
 0001:0000e1ac       ?Abort@CInternetFile@@UAEXXZ 5f40f1ac f inet.obj
 0001:0000e1e9       ?Flush@CInternetFile@@UAEXXZ 5f40f1e9 f inet.obj
 0001:0000e25c       ?Close@CInternetFile@@UAEXXZ 5f40f25c f inet.obj
 0001:0000e2f9       ?Read@CInternetFile@@UAEIPAXI@Z 5f40f2f9 f inet.obj
 0001:0000e593       ?Write@CInternetFile@@UAEXPBXI@Z 5f40f593 f inet.obj
 0001:0000e720       ?WriteString@CInternetFile@@UAEXPBD@Z 5f40f720 f inet.obj
 0001:0000e7dd       ?ReadString@CInternetFile@@UAEPADPADI@Z 5f40f7dd f inet.obj
 0001:0000e981       ?ReadString@CInternetFile@@UAEHAAVCString@@@Z 5f40f981 f inet.obj
 0001:0000eabd       ?GetLength@CInternetFile@@UBEKXZ 5f40fabd f inet.obj
 0001:0000eb39       ?LockRange@CInternetFile@@UAEXKK@Z 5f40fb39 f inet.obj
 0001:0000eb87       ?UnlockRange@CInternetFile@@UAEXKK@Z 5f40fb87 f inet.obj
 0001:0000ebd5       ?SetLength@CInternetFile@@UAEXK@Z 5f40fbd5 f inet.obj
 0001:0000ec23       ?Duplicate@CInternetFile@@UBEPAVCFile@@XZ 5f40fc23 f inet.obj
 0001:0000ec71       ?AssertValid@CInternetFile@@MBEXXZ 5f40fc71 f inet.obj
 0001:0000edae       ?Dump@CInternetFile@@MBEXAAVCDumpContext@@@Z 5f40fdae f inet.obj
 0001:0000ee03       ??0CInternetConnection@@QAE@PAVCInternetSession@@PBDGK@Z 5f40fe03 f inet.obj
 0001:0000eef5       ??1CInternetConnection@@UAE@XZ 5f40fef5 f inet.obj
 0001:0000ef9c       ?SetOption@CInternetConnection@@QAEHKPAXKK@Z 5f40ff9c f inet.obj
 0001:0000f05d       ?QueryOption@CInternetConnection@@QBEHKPAXPAK@Z 5f41005d f inet.obj
 0001:0000f111       ?QueryOption@CInternetConnection@@QBEHKAAK@Z 5f410111 f inet.obj
 0001:0000f140       ?QueryOption@CInternetConnection@@QBEHKAAVCString@@@Z 5f410140 f inet.obj
 0001:0000f190       ?Close@CInternetConnection@@MAEXXZ 5f410190 f inet.obj
 0001:0000f1cc       ?Dump@CInternetConnection@@UBEXAAVCDumpContext@@@Z 5f4101cc f inet.obj
 0001:0000f200       ?AssertValid@CInternetConnection@@UBEXXZ 5f410200 f inet.obj
 0001:0000f213       ??1CFtpConnection@@UAE@XZ  5f410213 f inet.obj
 0001:0000f267       ??0CFtpConnection@@QAE@PAVCInternetSession@@PAXPBDK@Z 5f410267 f inet.obj
 0001:0000f388       ??0CFtpConnection@@QAE@PAVCInternetSession@@PBD11KGH@Z 5f410388 f inet.obj
 0001:0000f4c9       ?Close@CFtpConnection@@UAEXXZ 5f4104c9 f inet.obj
 0001:0000f4dc       ?Remove@CFtpConnection@@QAEHPBD@Z 5f4104dc f inet.obj
 0001:0000f536       ?Rename@CFtpConnection@@QAEHPBD0@Z 5f410536 f inet.obj
 0001:0000f594       ?CreateDirectoryA@CFtpConnection@@QAEHPBD@Z 5f410594 f inet.obj
 0001:0000f5ee       ?RemoveDirectoryA@CFtpConnection@@QAEHPBD@Z 5f4105ee f inet.obj
 0001:0000f648       ?SetCurrentDirectoryA@CFtpConnection@@QAEHPBD@Z 5f410648 f inet.obj
 0001:0000f6a2       ?GetCurrentDirectoryA@CFtpConnection@@QBEHPADPAK@Z 5f4106a2 f inet.obj
 0001:0000f720       ?GetCurrentDirectoryAsURL@CFtpConnection@@QBEHAAVCString@@@Z 5f410720 f inet.obj
 0001:0000f807       ?GetCurrentDirectoryAsURL@CFtpConnection@@QBEHPADPAK@Z 5f410807 f inet.obj
 0001:0000f900       ?GetCurrentDirectoryA@CFtpConnection@@QBEHAAVCString@@@Z 5f410900 f inet.obj
 0001:0000f99a       ?OpenFile@CFtpConnection@@QAEPAVCInternetFile@@PBDKKK@Z 5f41099a f inet.obj
 0001:0000faed       ?PutFile@CFtpConnection@@QAEHPBD0KK@Z 5f410aed f inet.obj
 0001:0000fba2       ?GetFile@CFtpConnection@@QAEHPBD0HKKK@Z 5f410ba2 f inet.obj
 0001:0000fc83       ?Dump@CFtpConnection@@UBEXAAVCDumpContext@@@Z 5f410c83 f inet.obj
 0001:0000fcb6       ?AssertValid@CFtpConnection@@UBEXXZ 5f410cb6 f inet.obj
 0001:0000fd1e       ??1CGopherConnection@@UAE@XZ 5f410d1e f inet.obj
 0001:0000fd3a       ??0CGopherConnection@@QAE@PAVCInternetSession@@PBD11KG@Z 5f410d3a f inet.obj
 0001:0000fe6c       ??0CGopherConnection@@QAE@PAVCInternetSession@@PAXPBDK@Z 5f410e6c f inet.obj
 0001:0000ff8f       ?CreateLocator@CGopherConnection@@SA?AVCGopherLocator@@PBD@Z 5f410f8f f inet.obj
 0001:00010002       ?CreateLocator@CGopherConnection@@SA?AVCGopherLocator@@PBD00KG@Z 5f411002 f inet.obj
 0001:000100b6       ?CreateLocator@CGopherConnection@@QAE?AVCGopherLocator@@PBD0K@Z 5f4110b6 f inet.obj
 0001:0001018a       ?GetAttribute@CGopherConnection@@QAEHAAVCGopherLocator@@VCString@@AAV3@@Z 5f41118a f inet.obj
 0001:00010244       ?OpenFile@CGopherConnection@@QAEPAVCGopherFile@@AAVCGopherLocator@@KPBDK@Z 5f411244 f inet.obj
 0001:00010340       ?Close@CGopherConnection@@UAEXXZ 5f411340 f inet.obj
 0001:00010353       ?Dump@CGopherConnection@@UBEXAAVCDumpContext@@@Z 5f411353 f inet.obj
 0001:00010386       ?AssertValid@CGopherConnection@@UBEXXZ 5f411386 f inet.obj
 0001:000103ee       ??1CHttpConnection@@UAE@XZ 5f4113ee f inet.obj
 0001:00010442       ??0CHttpConnection@@QAE@PAVCInternetSession@@PAXPBDK@Z 5f411442 f inet.obj
 0001:00010574       ??0CHttpConnection@@QAE@PAVCInternetSession@@PBDG11K@Z 5f411574 f inet.obj
 0001:00010695       ??0CHttpConnection@@QAE@PAVCInternetSession@@PBDKG11K@Z 5f411695 f inet.obj
 0001:000107b8       ?Close@CHttpConnection@@UAEXXZ 5f4117b8 f inet.obj
 0001:000107cb       ?OpenRequest@CHttpConnection@@QAEPAVCHttpFile@@PBD00KPAPBD0K@Z 5f4117cb f inet.obj
 0001:000108d7       ?OpenRequest@CHttpConnection@@QAEPAVCHttpFile@@HPBD0KPAPBD0K@Z 5f4118d7 f inet.obj
 0001:0001098e       ?Dump@CHttpConnection@@UBEXAAVCDumpContext@@@Z 5f41198e f inet.obj
 0001:000109c1       ?AssertValid@CHttpConnection@@UBEXXZ 5f4119c1 f inet.obj
 0001:00010a29       ??0CHttpFile@@IAE@PAX0PBD11K@Z 5f411a29 f inet.obj
 0001:00010ad9       ??0CHttpFile@@IAE@PAXPBD1PAVCHttpConnection@@@Z 5f411ad9 f inet.obj
 0001:00010bd4       ??1CHttpFile@@UAE@XZ       5f411bd4 f inet.obj
 0001:00010c37       ?Close@CHttpFile@@UAEXXZ   5f411c37 f inet.obj
 0001:00010c4a       ?ErrorDlg@CHttpFile@@QAEKPAVCWnd@@KKPAPAX@Z 5f411c4a f inet.obj
 0001:00010cb4       ?GetVerb@CHttpFile@@QBE?AVCString@@XZ 5f411cb4 f inet.obj
 0001:00010d21       ?GetObjectA@CHttpFile@@QBE?AVCString@@XZ 5f411d21 f inet.obj
 0001:00010d8e       ?GetFileURL@CHttpFile@@UBE?AVCString@@XZ 5f411d8e f inet.obj
 0001:00010ea5       ?AddRequestHeaders@CHttpFile@@QAEHPBDKH@Z 5f411ea5 f inet.obj
 0001:00010f51       ?AddRequestHeaders@CHttpFile@@QAEHAAVCString@@K@Z 5f411f51 f inet.obj
 0001:00010f7c       ?SendRequest@CHttpFile@@QAEHPBDKPAXK@Z 5f411f7c f inet.obj
 0001:0001104a       ?SendRequest@CHttpFile@@QAEHAAVCString@@PAXK@Z 5f41204a f inet.obj
 0001:000110db       ?QueryInfo@CHttpFile@@QBEHKPAXPAK1@Z 5f4120db f inet.obj
 0001:00011196       ?QueryInfo@CHttpFile@@QBEHKAAKPAK@Z 5f412196 f inet.obj
 0001:000111c4       ?QueryInfo@CHttpFile@@QBEHKPAU_SYSTEMTIME@@PAK@Z 5f4121c4 f inet.obj
 0001:000111fd       ?QueryInfoStatusCode@CHttpFile@@QBEHAAK@Z 5f4121fd f inet.obj
 0001:00011286       ?QueryInfo@CHttpFile@@QBEHKAAVCString@@PAK@Z 5f412286 f inet.obj
 0001:0001137c       ?Dump@CHttpFile@@MBEXAAVCDumpContext@@@Z 5f41237c f inet.obj
 0001:000113bd       ?AssertValid@CHttpFile@@MBEXXZ 5f4123bd f inet.obj
 0001:000113d0       ??0CGopherFile@@IAE@PAXAAVCGopherLocator@@PAVCGopherConnection@@@Z 5f4123d0 f inet.obj
 0001:00011479       ??0CGopherFile@@IAE@PAX0PBDKK@Z 5f412479 f inet.obj
 0001:000114f2       ??1CGopherFile@@UAE@XZ     5f4124f2 f inet.obj
 0001:00011546       ?Close@CGopherFile@@UAEXXZ 5f412546 f inet.obj
 0001:00011559       ?Write@CGopherFile@@UAEXPBXI@Z 5f412559 f inet.obj
 0001:00011594       ?WriteString@CGopherFile@@UAEXPBD@Z 5f412594 f inet.obj
 0001:000115cf       ?Dump@CGopherFile@@UBEXAAVCDumpContext@@@Z 5f4125cf f inet.obj
 0001:000115e8       ?AssertValid@CGopherFile@@UBEXXZ 5f4125e8 f inet.obj
 0001:000115fb       ??0CFtpFileFind@@QAE@PAVCFtpConnection@@K@Z 5f4125fb f inet.obj
 0001:000116c4       ??1CFtpFileFind@@UAE@XZ    5f4126c4 f inet.obj
 0001:000116e0       ?FindFile@CFtpFileFind@@UAEHPBDK@Z 5f4126e0 f inet.obj
 0001:0001193a       ?FindNextFileA@CFtpFileFind@@UAEHXZ 5f41293a f inet.obj
 0001:000119de       ?CloseContext@CFtpFileFind@@MAEXXZ 5f4129de f inet.obj
 0001:00011a12       ?GetFileURL@CFtpFileFind@@UBE?AVCString@@XZ 5f412a12 f inet.obj
 0001:00011b33       ?Dump@CFtpFileFind@@UBEXAAVCDumpContext@@@Z 5f412b33 f inet.obj
 0001:00011b67       ?AssertValid@CFtpFileFind@@UBEXXZ 5f412b67 f inet.obj
 0001:00011b7a       ??0CGopherFileFind@@QAE@PAVCGopherConnection@@K@Z 5f412b7a f inet.obj
 0001:00011c3c       ??1CGopherFileFind@@UAE@XZ 5f412c3c f inet.obj
 0001:00011c58       ?FindFile@CGopherFileFind@@UAEHPBDK@Z 5f412c58 f inet.obj
 0001:00011cd9       ?FindFile@CGopherFileFind@@UAEHAAVCGopherLocator@@PBDK@Z 5f412cd9 f inet.obj
 0001:00011d72       ?FindNextFileA@CGopherFileFind@@UAEHXZ 5f412d72 f inet.obj
 0001:00011e16       ?CloseContext@CGopherFileFind@@MAEXXZ 5f412e16 f inet.obj
 0001:00011e4a       ?GetFileName@CGopherFileFind@@UBE?AVCString@@XZ 5f412e4a f inet.obj
 0001:00011e78       ?GetFilePath@CGopherFileFind@@UBE?AVCString@@XZ 5f412e78 f inet.obj
 0001:00011ea6       ?GetFileTitle@CGopherFileFind@@UBE?AVCString@@XZ 5f412ea6 f inet.obj
 0001:00011ed4       ?IsDots@CGopherFileFind@@UBEHXZ 5f412ed4 f inet.obj
 0001:00011ee1       ?GetLastWriteTime@CGopherFileFind@@UBEHPAU_FILETIME@@@Z 5f412ee1 f inet.obj
 0001:00011f7c       ?GetLastAccessTime@CGopherFileFind@@UBEHPAU_FILETIME@@@Z 5f412f7c f inet.obj
 0001:00011f98       ?GetCreationTime@CGopherFileFind@@UBEHPAU_FILETIME@@@Z 5f412f98 f inet.obj
 0001:00011fb4       ?GetLastWriteTime@CGopherFileFind@@UBEHAAVCTime@@@Z 5f412fb4 f inet.obj
 0001:00012031       ?GetCreationTime@CGopherFileFind@@UBEHAAVCTime@@@Z 5f413031 f inet.obj
 0001:0001204d       ?GetLastAccessTime@CGopherFileFind@@UBEHAAVCTime@@@Z 5f41304d f inet.obj
 0001:00012069       ?GetFileURL@CGopherFileFind@@UBE?AVCString@@XZ 5f413069 f inet.obj
 0001:00012097       ?GetRoot@CGopherFileFind@@UBE?AVCString@@XZ 5f413097 f inet.obj
 0001:000120c5       ?GetLocator@CGopherFileFind@@QBE?AVCGopherLocator@@XZ 5f4130c5 f inet.obj
 0001:00012145       ?GetScreenName@CGopherFileFind@@QBE?AVCString@@XZ 5f413145 f inet.obj
 0001:00012201       ?GetLength@CGopherFileFind@@UBEKXZ 5f413201 f inet.obj
 0001:00012238       ?GetLength64@CGopherFileFind@@UBE_JXZ 5f413238 f inet.obj
 0001:00012286       ?Dump@CGopherFileFind@@UBEXAAVCDumpContext@@@Z 5f413286 f inet.obj
 0001:000122ba       ?AssertValid@CGopherFileFind@@UBEXXZ 5f4132ba f inet.obj
 0001:000122cd       ??0CGopherLocator@@AAE@PBDK@Z 5f4132cd f inet.obj
 0001:0001236a       ??1CGopherLocator@@UAE@XZ  5f41336a f inet.obj
 0001:000123be       ?AfxThrowInternetException@@YGXKK@Z 5f4133be f inet.obj
 0001:00012468       ?GetErrorMessage@CInternetException@@UAEHPADIPAI@Z 5f413468 f inet.obj
 0001:0001260b       ??0CInternetException@@QAE@K@Z 5f41360b f inet.obj
 0001:00012635       ??1CInternetException@@UAE@XZ 5f413635 f inet.obj
 0001:00012651       ?Dump@CInternetException@@UBEXAAVCDumpContext@@@Z 5f413651 f inet.obj
 0001:000126a0       ?GetContext@CInternetSession@@QBEKXZ 5f4136a0 f inet.obj
 0001:000126b1       ?GetServerName@CInternetConnection@@QBE?AVCString@@XZ 5f4136b1 f inet.obj
 0001:000126e2       ?GetSession@CInternetConnection@@QBEPAVCInternetSession@@XZ 5f4136e2 f inet.obj
 0001:000126f3       ??BCInternetSession@@QBEPAXXZ 5f4136f3 f inet.obj
 0001:00012704       ?SetOption@CInternetSession@@QAEHKKK@Z 5f413704 f inet.obj
 0001:00012727       ??BCGopherLocator@@QBEPBDXZ 5f413727 f inet.obj
 0001:0001273d       ?GetLocatorType@CGopherLocator@@QBEHAAK@Z 5f41373d f inet.obj
 0001:00012760       ??0CGopherLocator@@QAE@ABV0@@Z 5f413760 f inet.obj
 0001:000127db       ??BCInternetConnection@@QBEPAXXZ 5f4137db f inet.obj
 0001:000127ec       ?GetContext@CInternetConnection@@QBEKXZ 5f4137ec f inet.obj
 0001:000127fd       ?SetOption@CInternetConnection@@QAEHKKK@Z 5f4137fd f inet.obj
 0001:00012820       ?GetContext@CInternetFile@@QBEKXZ 5f413820 f inet.obj
 0001:00012831       ??BCInternetFile@@QBEPAXXZ 5f413831 f inet.obj
 0001:00012842       ?SetOption@CInternetFile@@QAEHKKK@Z 5f413842 f inet.obj
 0001:00012870       ?Lookup@CSessionMapPtrToPtr@@QAEHPAXAAPAVCInternetSession@@@Z 5f413870 f inet.obj
 0001:000128b0       ??_GCInternetSession@@UAEPAXI@Z 5f4138b0 f inet.obj
 0001:000128e0       ?SetAt@CSessionMapPtrToPtr@@QAEXPAXPAVCInternetSession@@@Z 5f4138e0 f inet.obj
 0001:00012920       ?RemoveKey@CSessionMapPtrToPtr@@QAEXPAX@Z 5f413920 f inet.obj
 0001:00012960       ??_GCInternetFile@@UAEPAXI@Z 5f413960 f inet.obj
 0001:00012960       ??_ECInternetFile@@UAEPAXI@Z 5f413960 f inet.obj
 0001:00012990       ??_ECInternetConnection@@UAEPAXI@Z 5f413990 f inet.obj
 0001:00012990       ??_GCInternetConnection@@UAEPAXI@Z 5f413990 f inet.obj
 0001:000129c0       ??_ECFtpConnection@@UAEPAXI@Z 5f4139c0 f inet.obj
 0001:000129c0       ??_GCFtpConnection@@UAEPAXI@Z 5f4139c0 f inet.obj
 0001:000129f0       ??_ECGopherConnection@@UAEPAXI@Z 5f4139f0 f inet.obj
 0001:000129f0       ??_GCGopherConnection@@UAEPAXI@Z 5f4139f0 f inet.obj
 0001:00012a20       ?A2CT@@YAPBDPBD@Z          5f413a20 f inet.obj
 0001:00012a30       ??_ECHttpConnection@@UAEPAXI@Z 5f413a30 f inet.obj
 0001:00012a30       ??_GCHttpConnection@@UAEPAXI@Z 5f413a30 f inet.obj
 0001:00012a60       ??_GCHttpFile@@UAEPAXI@Z   5f413a60 f inet.obj
 0001:00012a60       ??_ECHttpFile@@UAEPAXI@Z   5f413a60 f inet.obj
 0001:00012a90       ??_ECGopherFile@@UAEPAXI@Z 5f413a90 f inet.obj
 0001:00012a90       ??_GCGopherFile@@UAEPAXI@Z 5f413a90 f inet.obj
 0001:00012ac0       ??_GCFtpFileFind@@UAEPAXI@Z 5f413ac0 f inet.obj
 0001:00012ac0       ??_ECFtpFileFind@@UAEPAXI@Z 5f413ac0 f inet.obj
 0001:00012af0       ??_GCGopherFileFind@@UAEPAXI@Z 5f413af0 f inet.obj
 0001:00012af0       ??_ECGopherFileFind@@UAEPAXI@Z 5f413af0 f inet.obj
 0001:00012b20       ??_GCGopherLocator@@UAEPAXI@Z 5f413b20 f inet.obj
 0001:00012b20       ??_ECGopherLocator@@UAEPAXI@Z 5f413b20 f inet.obj
 0001:00012b50       ??_GCInternetException@@UAEPAXI@Z 5f413b50 f inet.obj
 0001:00012b50       ??_ECInternetException@@UAEPAXI@Z 5f413b50 f inet.obj
 0001:00012b80       ??0CSessionMapPtrToPtr@@QAE@XZ 5f413b80 f inet.obj
 0001:00012be0       ??_GCSessionMapPtrToPtr@@UAEPAXI@Z 5f413be0 f inet.obj
 0001:00012be0       ??_ECSessionMapPtrToPtr@@UAEPAXI@Z 5f413be0 f inet.obj
 0001:00012c10       ??1CSessionMapPtrToPtr@@UAE@XZ 5f413c10 f inet.obj
 0001:00012c70       ??0CFileFind@@QAE@XZ       5f413c70 f filefind.obj
 0001:00012cec       ??1CFileFind@@UAE@XZ       5f413cec f filefind.obj
 0001:00012d4c       ?Close@CFileFind@@QAEXXZ   5f413d4c f filefind.obj
 0001:00012dd0       ?CloseContext@CFileFind@@MAEXXZ 5f413dd0 f filefind.obj
 0001:00012de8       ?FindFile@CFileFind@@UAEHPBDK@Z 5f413de8 f filefind.obj
 0001:00012f65       ?MatchesMask@CFileFind@@UBEHK@Z 5f413f65 f filefind.obj
 0001:00012fc6       ?GetLastAccessTime@CFileFind@@UBEHPAU_FILETIME@@@Z 5f413fc6 f filefind.obj
 0001:0001305b       ?GetLastWriteTime@CFileFind@@UBEHPAU_FILETIME@@@Z 5f41405b f filefind.obj
 0001:000130f0       ?GetCreationTime@CFileFind@@UBEHPAU_FILETIME@@@Z 5f4140f0 f filefind.obj
 0001:00013165       ?GetLastAccessTime@CFileFind@@UBEHAAVCTime@@@Z 5f414165 f filefind.obj
 0001:000131df       ?GetLastWriteTime@CFileFind@@UBEHAAVCTime@@@Z 5f4141df f filefind.obj
 0001:00013259       ?GetCreationTime@CFileFind@@UBEHAAVCTime@@@Z 5f414259 f filefind.obj
 0001:000132d3       ?IsDots@CFileFind@@UBEHXZ  5f4142d3 f filefind.obj
 0001:00013379       ?FindNextFileA@CFileFind@@UAEHXZ 5f414379 f filefind.obj
 0001:0001341d       ?GetFileURL@CFileFind@@UBE?AVCString@@XZ 5f41441d f filefind.obj
 0001:000134f9       ?GetRoot@CFileFind@@UBE?AVCString@@XZ 5f4144f9 f filefind.obj
 0001:00013566       ?GetFilePath@CFileFind@@UBE?AVCString@@XZ 5f414566 f filefind.obj
 0001:0001368b       ?GetFileTitle@CFileFind@@UBE?AVCString@@XZ 5f41468b f filefind.obj
 0001:0001377e       ?GetFileName@CFileFind@@UBE?AVCString@@XZ 5f41477e f filefind.obj
 0001:0001383d       ?GetLength@CFileFind@@QBEKXZ 5f41483d f filefind.obj
 0001:0001389a       ?GetLength64@CFileFind@@QBE_JXZ 5f41489a f filefind.obj
 0001:00013909       ?Dump@CFileFind@@MBEXAAVCDumpContext@@@Z 5f414909 f filefind.obj
 0001:0001393d       ?AssertValid@CFileFind@@MBEXXZ 5f41493d f filefind.obj
 0001:000139c0       ??_GCFileFind@@UAEPAXI@Z   5f4149c0 f filefind.obj
 0001:000139f0       ??6CHttpServerContext@@QAEAAV0@ABVCLongBinary@@@Z 5f4149f0 f isapimix.obj
 0001:00013a3e       ??6CHttpServerContext@@QAEAAV0@ABVCByteArray@@@Z 5f414a3e f isapimix.obj
 0001:00013a8c       ??6CHtmlStream@@QAEAAV0@ABVCByteArray@@@Z 5f414a8c f isapimix.obj
 0001:00013ad3       ??6CHtmlStream@@QAEAAV0@ABVCLongBinary@@@Z 5f414ad3 f isapimix.obj
 0001:00013b30       ?IsEmpty@CSimpleList@@QBEHXZ 5f414b30 f dllinit.obj
 0001:00013b50       ?GetHead@?$CTypedSimpleList@PAUCRuntimeClass@@@@QAEPAUCRuntimeClass@@XZ 5f414b50 f dllinit.obj
 0001:00013b70       ?GetHead@?$CTypedSimpleList@PAVCOleObjectFactory@@@@QAEPAVCOleObjectFactory@@XZ 5f414b70 f dllinit.obj
 0001:00013b90       ?AddHead@?$CTypedSimpleList@PAVCDynLinkLibrary@@@@QAEXPAVCDynLinkLibrary@@@Z 5f414b90 f dllinit.obj
 0001:00013bb0       ?Remove@?$CTypedSimpleList@PAVCDynLinkLibrary@@@@QAEHPAVCDynLinkLibrary@@@Z 5f414bb0 f dllinit.obj
 0001:00013bd0       ??0type_info@@AAE@ABV0@@Z  5f414bd0 f msvcrtd:ti_inst.obj
 0001:00013bf0       ??_Etype_info@@UAEPAXI@Z   5f414bf0 f msvcrtd:ti_inst.obj
 0001:00013bf0       ??_Gtype_info@@UAEPAXI@Z   5f414bf0 f msvcrtd:ti_inst.obj
 0001:00013c20       ??4type_info@@AAEAAV0@ABV0@@Z 5f414c20 f msvcrtd:ti_inst.obj
 0001:00013c30       ___CxxFrameHandler         5f414c30 f msvcrtd:MSVCRTD.dll
 0001:00013c40       __onexit                   5f414c40 f msvcrtd:atonexit.obj
 0001:00013c80       _atexit                    5f414c80 f msvcrtd:atonexit.obj
 0001:00013c98       __CxxThrowException@8      5f414c98 f msvcrtd:MSVCRTD.dll
 0001:00013c9e       __CrtDbgReport             5f414c9e f msvcrtd:MSVCRTD.dll
 0001:00013ca4       __gcvt                     5f414ca4 f msvcrtd:MSVCRTD.dll
 0001:00013caa       _memcpy                    5f414caa f msvcrtd:MSVCRTD.dll
 0001:00013cb0       _memmove                   5f414cb0 f msvcrtd:MSVCRTD.dll
 0001:00013cb6       __purecall                 5f414cb6 f msvcrtd:MSVCRTD.dll
 0001:00013cbc       _memcmp                    5f414cbc f msvcrtd:MSVCRTD.dll
 0001:00013cc2       __except_handler3          5f414cc2 f msvcrtd:MSVCRTD.dll
 0001:00013cc8       __CrtSetReportMode         5f414cc8 f msvcrtd:MSVCRTD.dll
 0001:00013cce       __CrtSetReportHook         5f414cce f msvcrtd:MSVCRTD.dll
 0001:00013cd4       __CrtSetDumpClient         5f414cd4 f msvcrtd:MSVCRTD.dll
 0001:00013cda       __CrtSetDbgFlag            5f414cda f msvcrtd:MSVCRTD.dll
 0001:00013ce0       __CrtDumpMemoryLeaks       5f414ce0 f msvcrtd:MSVCRTD.dll
 0001:00013ce6       __vsnprintf                5f414ce6 f msvcrtd:MSVCRTD.dll
 0001:00013cec       __free_dbg                 5f414cec f msvcrtd:MSVCRTD.dll
 0001:00013cf2       __malloc_dbg               5f414cf2 f msvcrtd:MSVCRTD.dll
 0001:00013cf8       __CrtSetAllocHook          5f414cf8 f msvcrtd:MSVCRTD.dll
 0001:00013cfe       __CrtSetBreakAlloc         5f414cfe f msvcrtd:MSVCRTD.dll
 0001:00013d04       __CrtCheckMemory           5f414d04 f msvcrtd:MSVCRTD.dll
 0001:00013d0a       __CrtIsMemoryBlock         5f414d0a f msvcrtd:MSVCRTD.dll
 0001:00013d10       _memset                    5f414d10 f msvcrtd:MSVCRTD.dll
 0001:00013d16       __CrtMemDifference         5f414d16 f msvcrtd:MSVCRTD.dll
 0001:00013d1c       __CrtMemDumpStatistics     5f414d1c f msvcrtd:MSVCRTD.dll
 0001:00013d22       __CrtMemCheckpoint         5f414d22 f msvcrtd:MSVCRTD.dll
 0001:00013d28       __CrtMemDumpAllObjectsSince 5f414d28 f msvcrtd:MSVCRTD.dll
 0001:00013d2e       __CrtDoForAllClientObjects 5f414d2e f msvcrtd:MSVCRTD.dll
 0001:00013d34       _abort                     5f414d34 f msvcrtd:MSVCRTD.dll
 0001:00013d3a       __mbscmp                   5f414d3a f msvcrtd:MSVCRTD.dll
 0001:00013d40       __mbsicmp                  5f414d40 f msvcrtd:MSVCRTD.dll
 0001:00013d46       __mbscoll                  5f414d46 f msvcrtd:MSVCRTD.dll
 0001:00013d50       __alloca_probe             5f414d50   msvcrtd:chkstk.obj
 0001:00013d50       __chkstk                   5f414d50   msvcrtd:chkstk.obj
 0001:00013d80       __mbsinc                   5f414d80 f msvcrtd:MSVCRTD.dll
 0001:00013d86       __get_osfhandle            5f414d86 f msvcrtd:MSVCRTD.dll
 0001:00013d8c       ___doserrno                5f414d8c f msvcrtd:MSVCRTD.dll
 0001:00013d92       __fdopen                   5f414d92 f msvcrtd:MSVCRTD.dll
 0001:00013d98       __open_osfhandle           5f414d98 f msvcrtd:MSVCRTD.dll
 0001:00013d9e       _clearerr                  5f414d9e f msvcrtd:MSVCRTD.dll
 0001:00013da4       _fread                     5f414da4 f msvcrtd:MSVCRTD.dll
 0001:00013daa       _fwrite                    5f414daa f msvcrtd:MSVCRTD.dll
 0001:00013db0       _fputs                     5f414db0 f msvcrtd:MSVCRTD.dll
 0001:00013db6       _fgets                     5f414db6 f msvcrtd:MSVCRTD.dll
 0001:00013dbc       _ftell                     5f414dbc f msvcrtd:MSVCRTD.dll
 0001:00013dc2       _fseek                     5f414dc2 f msvcrtd:MSVCRTD.dll
 0001:00013dc8       _fflush                    5f414dc8 f msvcrtd:MSVCRTD.dll
 0001:00013dce       _fclose                    5f414dce f msvcrtd:MSVCRTD.dll
 0001:00013dd4       _malloc                    5f414dd4 f msvcrtd:MSVCRTD.dll
 0001:00013dda       _realloc                   5f414dda f msvcrtd:MSVCRTD.dll
 0001:00013de0       _free                      5f414de0 f msvcrtd:MSVCRTD.dll
 0001:00013de6       _wcslen                    5f414de6 f msvcrtd:MSVCRTD.dll
 0001:00013dec       __mbschr                   5f414dec f msvcrtd:MSVCRTD.dll
 0001:00013df2       __mbspbrk                  5f414df2 f msvcrtd:MSVCRTD.dll
 0001:00013df8       __mbsupr                   5f414df8 f msvcrtd:MSVCRTD.dll
 0001:00013dfe       __mbslwr                   5f414dfe f msvcrtd:MSVCRTD.dll
 0001:00013e04       __mbsrev                   5f414e04 f msvcrtd:MSVCRTD.dll
 0001:00013e0a       ___p__mbctype              5f414e0a f msvcrtd:MSVCRTD.dll
 0001:00013e10       __mbsspn                   5f414e10 f msvcrtd:MSVCRTD.dll
 0001:00013e16       __mbscspn                  5f414e16 f msvcrtd:MSVCRTD.dll
 0001:00013e1c       __mbsrchr                  5f414e1c f msvcrtd:MSVCRTD.dll
 0001:00013e22       __mbsstr                   5f414e22 f msvcrtd:MSVCRTD.dll
 0001:00013e28       _vsprintf                  5f414e28 f msvcrtd:MSVCRTD.dll
 0001:00013e2e       __ismbcdigit               5f414e2e f msvcrtd:MSVCRTD.dll
 0001:00013e34       _atoi                      5f414e34 f msvcrtd:MSVCRTD.dll
 0001:00013e3a       __mbclen                   5f414e3a f msvcrtd:MSVCRTD.dll
 0001:00013e40       __ismbcspace               5f414e40 f msvcrtd:MSVCRTD.dll
 0001:00013e46       _mktime                    5f414e46 f msvcrtd:MSVCRTD.dll
 0001:00013e4c       _time                      5f414e4c f msvcrtd:MSVCRTD.dll
 0001:00013e52       _gmtime                    5f414e52 f msvcrtd:MSVCRTD.dll
[...]
FIXUPS: 3928d 2c 35 1f 20 3b 1f 20 41 22 23 6578d 8 9 9 b 8 9 b 8 b b b
FIXUPS: 9ec2c b 9 b 8 9 9 b 8 9 9 b fffa63b6 13 32 12 59c02 b fffa642c
FIXUPS: 450ee fffffc7d 10 13 34 13 44 6f 33 5d 14 6 14 6 14 7 14 7 8 3b
FIXUPS: 44fcc f 17 39 59b29 c c c b 8 c c c fffa5d6d 1d 20 21 26 15 13
FIXUPS: 44a23 13 13 15 22 f 38 f 40 f 18 8 16 93 18 1c 13 1a 18 45 1a 1c
FIXUPS: 44cee 30 27 fffff64d c 6 8 c 6 f 36 18 34 87 13 82 19 62 11 67
FIXUPS: 4469f 20 30 26 15 13 6c 13 13 15 22 f 38 f 4f fffff6ab 22 2c e
FIXUPS: 43fb8 f 70 19 b 21 13 17 31 6e 25 12 e 1e c 1a 3c 68 45 1f 18 17
FIXUPS: 44327 b f 6 31 f fffff85d 11 13 1c 1b c 6 a 8 c f f 6 2a f 2d f
FIXUPS: 43d29 1e f 69 24 d 13 12 46 19 14 13 d 18 8e fffff9d3 18 1a 12
FIXUPS: 4397c d 15 8 21 e 17 17 c 25 7 1a 10 c 29 6 f 13 1a b 26 f 15 1f
FIXUPS: 43b5f 58 12 13 fffff856 59 20 13 c 25 5b 20 13 c 27 48 2e 39 8
FIXUPS: 43683 55 15 e 13 2e 18 30 6 30 7b 1b 39 16 22 41 f 5b409 8 b fffa726e
FIXUPS: 45fae ffffd13f 12 f 11 40 10 5d 13 b b 10 3e 1a f f f 28 29 f 13
FIXUPS: 4330a 10 34 31 74 20 13 27d1 22 16 1c 3c 2a e0 d 13 3c 4a 21 14
FIXUPS: 45e73 14 6 1f 7 f 8 11 37 7 f d 17 39 58d5f c b 8 c fffa6ab3 1a
FIXUPS: 45830 46 7 6 20 28 e 17 16 14 25 1b 3a 1b 1a 1c 14 13 49 18 13
FIXUPS: 45ab3 1b 1d 1c 17 13 20 36 27 fffff601 1e 10 1e 10 1e 10 d5 13
FIXUPS: 4534d 11 23 14 31 16 15 26 5a 5a 60 2c 1e 10 1e 10 6b f0 f 26 a
FIXUPS: 45770 18 b4a 4f 78 28 48 66 19 25 5 71 24 11 13 13 1b 26 1d 7 f
FIXUPS: 465ff 15 1f 18 13 586e6 b 8 b 8 b fffa6400 12 1bac 39 58018 c b
FIXUPS: 9eda3 c b 8 b 8 b fffa7fab 13 fffff23d 60 12 53 48 1b c 33 1b c
FIXUPS: 461ed 15 18 10 1b 22 26 1e 6a2 47 11 17 44 45 46 34 29 24 25 53
FIXUPS: 46ba8 2f f 13 13 1b 28 14 7 14 7 17 7 10 e 7 7 37 7 f 382 22 45
FIXUPS: 4711d 514f8 1e 1d 3c f fffae008 14 18 10 3d 2e 23 51 3e f b 3e
FIXUPS: 46863 20 1a 20 c 11 10 1a 20 c 11 1400d 18 16 1b 8 11 b 18 14 7
FIXUPS: 5a9fd d 28 42 17 13 fffec32e 41 43 2e 18 6 3a 18 13 23 c5 b 36
FIXUPS: 47032 27 13 13616 f 8 6 22 1a 8 5 1d f 8 5 1e f 43 13 11 10 10
FIXUPS: 5a7e9 f 20 11 15 18 13 54 37 a 6 20 1f fffffa2d 13 25 f 16 22 15
FIXUPS: 5a428 13 25 f a 28 25 f 8 13 25 f 16 22 15 24 13 25 f a 28 25 f
FIXUPS: 5a64a 13 fffffa95 c 8 10 25 c 13 e 7 e 10 18 b 1a 20 e 8 6 1f b
FIXUPS: 5a235 2c 22 15 23 13 25 f a 28 25 f fffffa73 1b f 42 16 1e 22 f
FIXUPS: 59ec8 10 25 c 18 22 f 1c 10 25 c 18 22 f 1b 10 25 c 15 f 12 1c
FIXUPS: 5a0b5 18 fffffa85 d 10 d 1a 11 13 11 18 18 f f f 12 4a d 13 13
FIXUPS: 59cc6 25 29 12 17 19 c 8 21 8 13 15 a c fffff981 13 31 18 6c 11
FIXUPS: 5983e 25 1b 1a 1d 18 12 13 46 18 12 13 68 12 13 13 25 f 1d 1e 16
FIXUPS: 59ac8 35 17 11 13 333a6 fffcc603 18 13 b 1c 12 13 13 24 c 9 13
FIXUPS: 595cd 18 f d 18 d 12 1c 10 13 15 c 8 27 18 13 21 1c 10 457cd 8
FIXUPS: 9ef1d 9 9 9 9 9 9 9 9 c c c c c c c c c c c c b 8 b 8 b 8 c b fffede86
FIXUPS: 8cdd1 51 75 11f5d b 8 9 9 9 9 b 8 9 9 9 9 9 9 9 9 9 b 8 b b c c
FIXUPS: 9eedc 9 b 8 9 fffedceb c 1e 12 17 22 9 19 e 11 17 9 6 10 c c c
FIXUPS: 8cd08 c c 13 f 15 6 c c c c c c c 11 fffffc9b 9 6 10 c c c c c
FIXUPS: 8cac4 1c f d 9 6 10 c c c c c c 12 f d 9 6 10 c c c c fffffcbe
FIXUPS: 8c8ba f 12 6 10 c c c c c c 12 f 12 6 10 c c c c c c 12 d d f f
FIXUPS: 8ca27 d d f fffffca0 6 10 c c c c c c 17 f d 9 6 10 c c c c c c
FIXUPS: 8c80a 15 f 12 6 10 c c c c c fffffbf9 c c 11 f 3d 13 13 f d 6 b
FIXUPS: 8c581 11 10 10 10 12 10 6 22 1f f c 8 c c 25 29 a 14 15 fffffbfa
FIXUPS: 8c2e7 d f b 6 d f b 6 d f b 6 d f b 6 19 12 17 22 9 19 e 11 11
FIXUPS: 8c460 b 6 8 6 fffbbbfa 5702b b fffecfcf 47 14 4d 10 13 f d 6 b
FIXUPS: 8c1a4 d c c 25 29 a 14 13 f b 6 1d 15 f b 6 d f fffbbad5 42 12
FIXUPS: 47e1b 47 16 b 1b 18 43 2b 23 17 14 6 14 7 18 b 13 22 13 57056 b
FIXUPS: 9f067 b 8 c b fffa8f8a 13 3c fffff889 7b 1d 11 3f 15 13 5a 16 69
FIXUPS: 47b0a 50 e 5b 20 25 13 2d 11 14 9 19 d 13 3c 8 4c 8 1c 1d 7 f fffff5b1
FIXUPS: 47363 1f 11 11 8 57 17 89 27 25 7e 3c 4e 15 23 3f 2f 13 c 36 1f
FIXUPS: 47732 13 13 5c 90 10 16 11 3a 13 5784d c 9 c 9 c c c b b a b b
FIXUPS: 9f1a4 ffff605c 21 a 9f89 b ffff60a5 17 13 fff77fed 39f1a 5e f 36
FIXUPS: 47251 1b 76 1f 31 4db6d 4a 2f f 20 a 7 7 27 8 f f c c f c f 3d
FIXUPS: 9503d a 1e 3b 15 d 106 9efc 9 c c c c c ffff5b2e f 10 7 27 8 e
FIXUPS: 94ca9 f c c f c f d b b d b d b d b d 54 13 68 28 a b d c fffffb6e
FIXUPS: 94a10 12 10 18 e c 1d 25 f 14 18 9 6 12 16 30 7 7 12 f f 11 f 21
FIXUPS: 94bd8 f 8 14 b 11 d fffffbb6 13 28 14 14 14 11 e c e f 11 14 f
FIXUPS: 948e4 f f c f 17 25 f f f f f f b f 11 c 14 fffff9ce 27 36 9 a
FIXUPS: 94444 15 f 25 22 48 52 28 24 13 14 16 14 1a 23 28 3c 13 48 1c 10
FIXUPS: 94725 25 c c 2a f fffcc046 14 7 14 7 14 7 14 7 14 7 27 7 16 6 2a
FIXUPS: 608e2 16 6 23 6 d 3e8a0 b 8 b a a 8 b fffc1732 13 fffffacc 28 2b
FIXUPS: 6053c 1e c 16 e 11 b 22 f 16 8 e 1d 26 18 23 2c 23 23 28 28 27
FIXUPS: 60789 7 14 7 14 7 14 fffff7ea 10 13 22 45 14 34 30 21 3a 3c 10
FIXUPS: 6017d 13 22 1d 28 14 1a 3c 10 10 13 22 1d 28 14 33 25 1f 23 58
FIXUPS: 5fb8a 13 58 7 e b 14 1f 2f 45 23 13 58 7 e b 14 1f 2d 14 30 21
FIXUPS: 5fe67 3c 10 10 13 22 52 14 1a 3c fffff161 2c 31 22 17 4a d2 8a
FIXUPS: 5f3e3 5b b5 18 200 b1 8b 78 6c 1e 12 1d 20 7 21 1d 7 72 11 42 1c
FIXUPS: 5faec 36 45 ffffedc1 c 7 c c 11 25 8 8 9 8e 9 9e 9 f4 95 f f f
FIXUPS: 5ecb6 8 62 65 68 9 b 15f 4a 19 bd 46 1b fffff048 c 2b 6d 18 6c
FIXUPS: 5e2d7 18 6f df 34 67 46 20 20 b5 53 40 64 40 2a 63 32 23 5f 1e
FIXUPS: 5e8c4 1b 16 1a 8 8 fffff556 8 9 e 11 16 8 14 8 9 8 9 8 9 8 1b 7
FIXUPS: 5df6b 27 13 8 c 20 8 2a 1a 12 1d 76 18 16 23 fffff7ca c 1a 8 61
FIXUPS: 5d97b 5d 7 16 76 87 83 8 13 13 18 13 8 34 9 16 23 25 9f e 16 78
FIXUPS: 5ddb8 26 c 51 22 fffff11f 8c 18 19 c 12 7 4c 68 44 18 19 c 12 7
FIXUPS: 5d1ef 5f 41 94 12 217 25 8 c 1a 8 b 79 72 1cc 1b 59 fffff0d4 9
FIXUPS: 5c9e3 1b 60 8 16 23 25 7b 7c 18 1e 9 29 1b 5e 8 9 20 25 64 13c
FIXUPS: 5cea8 10 14 46 17 8 16 1c 8 fffff316 45 46 57 46 45 72 46 22 25
FIXUPS: 5c511 30 22 33 8 16 23 28 42 46 5a 46 45 6c 46 8 16 23 25 7b 7c
FIXUPS: 5c993 fffff5aa f 39 10 10 13 64 9 18 4c 21 9 c 15 9 1d 2e 9 c 15
FIXUPS: 5c15b c 21 9 c 1a 20 9 38 8 16 23 fffff70f 9 18 36 13 21 77 2d
FIXUPS: 5baef 20 60 20 20 20 5c 20 5a 20 20 20 95 62 2b 11 19 30 2c 12
FIXUPS: 5bed8 21 2a d fffff5f9 16 1b 4a 2e 19 19 11 1f e f 13 1a 2c 13
FIXUPS: 5b6e0 3b 1b 14 2f 2c 13 22 35 18 12 5d 15 25 20 25 43 fffff69b
FIXUPS: 5b017 2c 43 1f 50 26 27 20 2f 2c 30 1b 3a 21 70 79 f 13 5c 10 16
FIXUPS: 5b401 43 20 2b 20 18 13 18 13 1b 43d48 fffaae83 13 109ef 15 e e
FIXUPS: 5ab2c 1c 66 86 61 15 12 2a 23 1d 1f 24 21 23 23 23 3b 3b 2c 1a
FIXUPS: 5aec2 98 26 26 26 fffeeec8 24 6 24 6 24 6 14 7 14 7 d 33 f f f
FIXUPS: 49fc4 f f f f d 3a 44 23 55176 b 8 b 8 b 8 fffaa543 8 c 34 e 28
FIXUPS: 4987c 6a 21 17 21 44 48 8c a1 26 1c 7f 9e 2c 5a 21 3b 27 13 33
FIXUPS: 49db9 61 18 18 20 24 fffff430 24 f 96 c 23 19 9e c1 13 f 1c 13
FIXUPS: 49587 16 c c 18 1d 1a 8 8 20 3a 1c 28 16 e 28 16 2c 3d fffff772
FIXUPS: 48f0a 25 32 20 1b 3b 8 16 8 9 c 34 26 28 a 1a c 8 15 15 28 36 26
FIXUPS: 4919a 15 13 a 13 2d 8b c fffff90b 1c c 8 10 18 10 49 68 20 15 13
FIXUPS: 48d19 13 1a 28 13 8 8 9 1b 1c 10 9 21 10 9 2d 13 8 9 22 fffff8c7
FIXUPS: 4878b 19 1f 1a 23 12 20 12 20 54 21 90 15 49 14 21 15 16 e f 5d
FIXUPS: 48abf 16 e f a d 4d 29 b 9 fffff909 8 14 1f 7 13 1b 7 1c c 8 10
FIXUPS: 48569 10 2e 10 2d 25 20 17 e c 8 18 13 8 9 c 1f a 45 20 1f50 1a
FIXUPS: 4a6a7 48 3d d 2b 11 d 15 14 13 1d 54a99 b fffa8f06 11f 12 b b b
FIXUPS: 482f0 3d 23 18 12 1b 31 4c 23 21 1d 1e74 43 2e 18 c 8 8 9 16 1d
FIXUPS: 4a3d7 3a 17 28 a 13 b 22 15 1a 1b 73 36 1e 18 17 13 1e 2e 11 23
FIXUPS: 4a675 54cec b 8 b fffd552c 13 1d 13 1d 2a 18 41 18 2a9ef b fffedbe3
FIXUPS: 8cf94 35 5 14 12 17 fffbd12a 56 2b 69 20 22 19 25 1b 15 2a53a 7
FIXUPS: 74824 6 14 6 14 7 14 7 d 2aa0d c b 8 c b 8 b 8 c b a 8 9 b 8 9
FIXUPS: 9f33c 9 9 b fffd5225 16 2c 13 16 30 28 18 7 a 13 17 16 1f 6 1f
FIXUPS: 746f4 a 22 19 14 7 1d 7 1d 7 14 7 d a 20 7 fffff815 50 7 17 13
FIXUPS: 74099 1d 34 47 15 24 13 13 7 31 f 1f 27 a4 38 15 16 100 13 24 7
FIXUPS: 74478 56 32 46 1e 7 fffff80b 3d a c 18 25 13 1b c 9 d 18 1e d 20
FIXUPS: 73ed0 18 9 9 d 15 1b f d 20 13 d 18 d 15 1b f fffffb4a 13 9 7 13
FIXUPS: 73b80 13 22 a 12 f 1b 16 9 13 9 7 11 9 17 22 a 13 7 21 9 f 25 9
FIXUPS: 73d38 9 f fffffb37 8 13 8 13 f 18 11 2d 45 9 10 21 c f d d 18 27
FIXUPS: 73a21 f 2f a 12 25 9 f 22 22 a 12 f fffffaaf 29 10 7 8 14 13 14
FIXUPS: 73676 6 f 8 13 23 a 13 1e a 13 20 a 1c 9 f 22 38 a 26 d 1f 1c 18
FIXUPS: 73279 22 8 19 20 c 23 18 29 7 29 13 29 2a 2c 23 1e a 7 10 7 18
FIXUPS: 734bc 1e 29 18 1e 7 18 3b 18 13 fffffa97 22 a 21 20 8 7 13 1e 8
FIXUPS: 73111 13 1e 8 7 13 1e 8 7 13 1e 8 7 13 1e e 7 13 1e 8 f 7 fffffadd
FIXUPS: 72d57 1d d 18 23 d 14 13 13 1a 16 2e b 23 2c 10 7 29 20 26 20 8
FIXUPS: 72f8d 22 a b f 35 20 8 7 fffff510 68 9f 14 10e 18 47 c5 3e 16 33
FIXUPS: 7292e 62 13 82 17 1a 13 e7 24 21 2e 33 1d 28 23 46 13 15 23 27
FIXUPS: 72d2f fffff3f6 16 14 29 1b b 20 17 39 15 b 10 f 21 75 29 13 15
FIXUPS: 7234a 18 21 31 13 b 1b 27 34 1a 29 3c 44 17 fffff869 13 13 9 15
FIXUPS: 71de2 32 8 10 a 21 30 5 10 13 1c 2e 13 e 13 1b e 13 26 1c 13 33
FIXUPS: 72035 25 55 28 13 fffff97d 13 26 18 13 c f c e 12 16 13 28 1d 22
FIXUPS: 71bbd 22 5b 12 2a 14 7 18 21 7 a 13 41 8 18 13 1a 260a0 1f 13 ffff51f3
FIXUPS: 8d059 fffe464b 55 12 f 62 f f 39 12 99 29 1d 12 f 2e 19 16 7 f
FIXUPS: 7195f 1b 15 1b 4f e 33 18 26325 7 d 762a c 9 b 8 c b 8 c b 9 b
FIXUPS: 9f432 8 b 8 9 b 8 b 8 b 9 b ffff8930 13 1d b b fffffd25 14 7 17
FIXUPS: 97b6f 17 7 17 7 17 7 2a 6 2a 6 d 2d f f f d 33 f f f f f f f f
FIXUPS: 97d5c 7 fffff942 1e a 16 20 21 10 12 3c 4b 13 13 32 3e 3f 2d 8f
FIXUPS: 9796b 16 1c 1c 5d 16 1f 34 3c 27 14 7 14 7 17 fffff727 3b 27 1e
FIXUPS: 972fb 1e 3c e 15 10 2e 16 f b 16 14 75 a 58 1b 1b 10 2a 19 17 19
FIXUPS: 975cb 49 39 19 d 13 fffff735 30 2f 9 15 9 15 10 24 15 10 24 19
FIXUPS: 96f05 10 58 27 35 25 22 1e 5 19 14 25 1b 1b 5a 20 1b 1b a9 fffff6bd
FIXUPS: 9694e 7 38 10 19 c c 20 1c 22 1c 4f 4d 66 48 8 34 1d 8 2a 27 f
FIXUPS: 96c7a 2b 27 16 e 6e 8 c f fffff772 18 1d 18 1a 17 23 7 1d 23 1c
FIXUPS: 96618 37 11 13 b 1c 9 11 c 16 4d 2c 8 1c 8 19 5a 56 45 11 19 fffff53b
FIXUPS: 95e04 87 1d e 15 10 1a f b e 17 7a 4a 1a 27 17 7 58 84 2f 3c b3
FIXUPS: 9626c 8 10 1a 15 10 c9 ed 13 fffff31e 18 32 d 10 13 13 49 12 1b
FIXUPS: 958bb e ec 22 21 70 f 26 3a 1b 13 4b 10 1b 3a 76 12 18 6e 12 1b
FIXUPS: 95d18 fffff66a f 4d 1b 12 18 10 1d 13 11 14 9 16 d 10 13 e 11 18
FIXUPS: 95525 10 35 18 4a 17 c1 28 5e 1b 2d c 15 fffdf2d7 14 47 c 17 17
FIXUPS: 74b09 a 8 31 22 c 17 17 a 8 1d 37 2d 13 1d 20 13 1d 18405 11 41
FIXUPS: 8d123 81e7 1b 39 13 ffffbc18 2d 1c 3e 1b 3a f 13 2a e3f3 b 8 c
FIXUPS: 9f4ce a ffff1c23 13 1d 2a 18 41 18 e31f b ffff1d1b ffffbf59 5 14
FIXUPS: 8d18f 1c fffe785e 25 1c114 36 75 12 24 1c 1e 6 18 1e 10 f 38 1d
FIXUPS: 90d1d 35 20 7 e 11 33 36 13 b 1f 7 29 15 f 2d 99 1a ffffc2a3 3e
FIXUPS: 8d265 25 c1 13 b397 27 fff74b9f 22 1e 2a 18 41 18 921bf b fff6de7b
FIXUPS: d3fb 13 8357f 48 15 13 11 40 f 1d 3d f 1a 23 fffaa9cc 14 7 14 7
FIXUPS: 3b519 7 14 7 13 20 6 d 14 7 14 7 24 6 14 7 d 63efb b 8 b 8 b 8
FIXUPS: 9f548 fffedc98 12 fffadea6 1b f 1e 18 47 38 131 21 33 31 1b 28
FIXUPS: 3b3c7 19 14 7 14 7 14 7 14 7 14 7 14 7 5 19 7 d 14 fffff6c8 8 29
FIXUPS: 3abd6 1e 34 11 7 17 13 30 4d 2e 2b 2c 7b 14 cc 5 f 6 1c b 65 1d
FIXUPS: 3afa9 21 75 11 11 12 15 fffff4d4 b e 8 7 10 84 2a 18 8 4c 70 14
FIXUPS: 3a75c 40 33 a3 25 ce 49 29 6f 5 14 3d 17 13 35 1d 15 11 e fffff69e
FIXUPS: 3a212 1c 19 25 17 22 13 1d 14 33 18 13 13 e 13 20 22 13 1d 14 25
FIXUPS: 3a44b 5 14 43 24 e 1b 31 11 11 53ab4 fff7f462 2ca49 1f 20 20 20
FIXUPS: 39f41 10 16 1a 1d 5 15 1f 16 1b 10 1a b 27 14 15 3e 27 48 21 20
FIXUPS: 3a191 b 16 21 53d0d 43 5 14 12 1d 13 a7e6 f 17 6dea b 8 b 9 c 8
FIXUPS: 9f5bb c c b 8 c c c b 8 b fffee973 13 1d 13 fffff867 80 f f f f
FIXUPS: 8d92e c e c a0 26 30 2c 13 16 13 16 13 16 13 29 ec a9 1b 126 28
FIXUPS: 8de5f 19 2e 11 11 fffade59 14 7 14 7 14 7 13 20 6 d d 515b6 39
FIXUPS: 8d406 8 10 19 11 28 12 19 11 1ca 1b 18 2d 50 e0 12 f f fffae2cc
FIXUPS: 3bb19 7 17 7 17 7 17 7 17 7 17 7 17 7 19 e 2f 7 16 e 6 40 7 17
FIXUPS: 3bcc0 17 7 d 14 7 14 fffff968 16 1e 49 40 27 40 5e 13 2f 13 62
FIXUPS: 3b91b 2e 5f 32 5 17 10 1a 10 2c 1c 14 7 14 7 14 7 14 7 17 525b2
FIXUPS: 8e0d2 17 10 12 61 19 1e 25 2c 13 21 2e 16 1c 50 17 15 33 2e 31
FIXUPS: 8e3c4 26 13 16 13 22 3a fffad1c9 13 a 8 2588c 7d 92 1b 23 19 19
FIXUPS: 610a3 7 13 1d 7 12 15 7 3e525 b ffff918b a 1e 18 16 24 5 21 1d
FIXUPS: 9889d ffff578a 24 1a 35 5 fffd297b 74 1a 2a 10 54 a b 25 8 13 2d
FIXUPS: 60c34 8 1d 2e 29 49 13 12 1b 27 6 23 2a 8 17 70 15 16 13 2a 2dab5
FIXUPS: 8e9aa 1d 24 31 64 66 54 50 19 10ab2 b b c c b b b 9 b fffab1a9
FIXUPS: 6117d 18 a7 fffe95cf 1c 1615f d d 1a 2e 20 b17 23 52 7d 1f 12 2cecf
FIXUPS: 8e52b 20 41 16 32 3f 8 20 10 1a 18 a6 21 5b 1b 1f 25 29 f 17 12
FIXUPS: 8e8b3 26 26 12 9d4 20 40 50 16 4e 26 2e 21 f 1a 10 1f 13 1b 31
FIXUPS: 8f53a 2f 1015b b 8 b fffc1bab 20 23 5b 67 29 42 39 67 31 2d80e
FIXUPS: 8ecec 1d 2d 23 dd 1a 64 1d 27 5c 20 30 52 28 20 2d 15 1f 3f 1b
FIXUPS: 8f11b 25 17 1e 14 1d 26 64 1a 5b 20 492 11d a1 1b a 5 14 12 a 5
FIXUPS: 8f988 12 fd5a b 8 b ffff0299 20 fffd1ce1 4b 2dea3 e 36 a f 27 fffff5b2
FIXUPS: 8ebed 23 12 64 36 954f 12 21 21 3c 29 a2 1a 49 1a 9f 19 12 44 3b
FIXUPS: 98563 11 c 13 7194 c c c c b b b fffeff16 46 27 1f 15 fffd2485
FIXUPS: 61bd4 fffffb89 17 18 25 128 9f a7 e 1c 29 36409 c5 33 12 2a 12
FIXUPS: 97ff8 21 2f 21 31 21 21 31 40 31 12 3b 15 12 fffa4b3d 1f 62a39
FIXUPS: 9f793 c a c b c c b b c c c b 8 b fff9d57b 13 36 c d 13 24ca1 13
FIXUPS: 61aee a 79 13 d 10 fffdad74 12 9 2f 1f 15 10 9 11 43 16 13 16 13
FIXUPS: 3ca68 9 b 32 22 d 25 f 14 3d 85 1f 27 1f 1a 1f 27 59 fffff6d8 50
FIXUPS: 3c44f 25 e 12 12 71 3f 41 12 5d 14 11 e d1 4b 29 21 55 f f 1f 1f
FIXUPS: 3c862 37 16 13 16 13 16 9 fffff64b 1b f 12 38 1d 16 10 1b 4d 6
FIXUPS: 3c0b1 28 36 17 27 22 1c 3e 19 1c 2e 10 23 25 1f 18 17 24 6a 3c
FIXUPS: 3c3d0 639bf fff73e5c 13 45 f 8c152 b fffd4f26 d 5 13 14 1c 10 d
FIXUPS: 74d65 20 18 21 12 8 26 13 1b fffc6fcc 12 f 1f 21 34 46 f fffd7a4c
FIXUPS: 1393a 31 13 1d 13 1d 13 1d 13 2d 13 1d 13 1d 13 1d 13 1d 13 1d
FIXUPS: 13b3e 1d 13 7bf94 5 f f 12 fff8406b 12 8c1d0 fffffed0 8 b 8 b 8
FIXUPS: 9fc8b b 8 9 9 17 b 8 b 8 17 b 8 c b 8 b 9 b 8 c b fff73b47 13 20
FIXUPS: 138fe 8c201 8 b 8 c b 8 c b 8 c b 9 b 8 c c b 8 c c b 8 c b 8 17
FIXUPS: 9fc22 8 c b 8 fffffd51 8 b 8 c b 8 c b 8 9 b 8 b 9 b 8 b 8 b 8
FIXUPS: 9fa73 b 8 1a b 8 1a b 8 b 9 fffffd63 b 9 b 9 b 9 b 9 b 8 9 a a
FIXUPS: 9f8e1 a b 8 c b 8 c 9 b 8 c b 8 c b 8 c fff739a2 12 5a f 3f 1c
FIXUPS: 1343d 17 2f 13 2b 10b 4a 33 17 14 7 14 7 36 51 18 1a 31 12 1f 65
FIXUPS: 1385b 25 10 8bfb4 b fff73642 26 8 40 20 1e 97 1e 20 9 5f 8 26 8
FIXUPS: 130e7 21 21 53 18 13 1f c 15 30 37 47 14 7 15 2a 12 1c fffff79c
FIXUPS: 12ac5 28 c c 14 29 14 7 15 2b 25 18 13 22 41 13 a 36 1e 23 a 13
FIXUPS: 12d32 c 1e 36 2b 1c 82 8 26 fffff807 48 3d 21 18 a 33 24 1e 15
FIXUPS: 127f0 16 15 16 8 c 11 10 11 58 13 1c c 16 3a 2b 1c a8 18 13 1d
FIXUPS: 12aa0 fffff790 79 1e 18 1a 32 35 c 27 6 14 6 15 3a 16 22 1e 59
FIXUPS: 124cb 5a f 1d 26 10 2b 10 1c 15 2b 25 18 13 fffff7b1 16 15 12 f
FIXUPS: 11e77 14 3b 1e 18 29 37 d 9 2d 26 1e 18 3f 31 1e 18 1b 9 9 35 28
FIXUPS: 12149 18 59 39 25 fffff769 1c 14 6 28 20 14 4f 16 13 22 5d 16 13
FIXUPS: 11b55 20 20 1e 54 f f 1d 94 18 1a 3b 18 1a 50 18 18 1f fffff661
FIXUPS: 11487 22 20 1b 1d 38 1a 55 12 22 18 13 2f 24 1a 55 12 22 18 13
FIXUPS: 11759 24 1a 2c 38 18 5a 28 5d 18 26 fffff696 13 14 73 13 13 1b
FIXUPS: 11117 1c 13 13 1a 4b 22 23 15 15 47 18 2e 22 7 24 44 17 14 6 28
FIXUPS: 113c4 14 49 f fffff6d6 18 20 20 5d 18 20 20 24 5b 14 6 28 20 14
FIXUPS: 10d32 3c 25 18 13 20 2f 24 1a 54 25 20 1b 1d 38 1a 48 fffff71d
FIXUPS: 106f3 4f 13 1a 12 c 19 c a 12 c 16 49 13 19 1a 13 33 21 35 18 1e
FIXUPS: 1097e c 40 18 23 2c 4b 7 31 fffff757 3b f 45 12 22 1b 1d 21 26
FIXUPS: 10367 55 12 22 18 13 1a 30 29 1a 2c 21 18 42 18 46 18 42 18 42
FIXUPS: 10679 42 fffff6dd 25 1a 7 14 7 2d 16 22 1e 15 37 6f 8 22 b f f
FIXUPS: ffbd 20 20 2b 56 20 20 22 81 1f 3a 21 14 7 fffff7be 18 1b 2d 35
FIXUPS: fa5e 12 b 2c 31 18 62 18 10 26 18 10 26 18 10 26 18 10 1d 18 24
FIXUPS: fccd 19 1d 2b 1a 2b fffff571 30 18 23 2b 34 65 40 6b 34 48 31 43
FIXUPS: f5c6 23 2b 34 16 47 40 1c 3d 20 1e 18 22 42 18 21 3c 7a b5 fffff442
FIXUPS: ee16 29 3a 31 44 21 27 20 12 34 18 23 23 2b 4d 19 35 52 8 1b b
FIXUPS: f15b 1e 12 f 28 1f 50 19 4d 25 fffff5da 20 1a f 9e 12 22 20 1e
FIXUPS: ea04 13 f f 8 12 1c c 9a 20 20 22 23 51 59 23 1f 31 20 20 2b 4d
FIXUPS: edba fffff598 14 2e 10 1c f 3b 20 20 2b 56 20 20 22 81 1f 4e 10
FIXUPS: e651 29 64 40 52 1a 4c 14 7 14 7 2d 1b 22 fffff570 6b 12 38 6b
FIXUPS: df18 34 6b 12 38 6b 26 24 25 22 f 1d 3e 19 9 59 f 61 2b 2e c 1b
FIXUPS: e2db 14 2e c 20 fffff5aa 1d d a 5b 3c 16 16 1f 17 17 17 17 17 16
FIXUPS: daa5 13 28 14 13 c5 12 59 f 32 38 3a 17 34 27 44 12 920a2 8 9 17
FIXUPS: 9fe87 8 17 b fff74b1a 13 ffff8ae5 25 1e 17 17 17 1c d a a a 30
FIXUPS: d5fe 29 29 29 86 50 4d 100 22 1e 6e47 14 c 15 c 56 1e 8 22 c 15
FIXUPS: 1485b 1e 3f 1e 42 14 7 3a 2e 8b429 b 8 c b 8 9 17 b 8 9 17 fff744aa
FIXUPS: 14311 18 70 2b 1c 79 1e d 2f c c 14 41 1e f 55 1e f f c 10 c 17
FIXUPS: 14645 c c 14 56 1e 1e 13 fffff6ec 33 34 21 2e 1e 8 17 11 4d 2d
FIXUPS: 13f9b 49 20 1e 57 20 1e 57 1e 59 1e 1d 9 36 1e 1d 9 36 1e 1d 9
FIXUPS: 8ff83 30 34 30 39 3c 24 3c 2c 30 30 30 2c 60 9 12 10 1a 11 1f 1d
FIXUPS: 902ff 11 fbb6 fff73dca 12 7a f f 32 28 64 89165 13 fff77a9b 23
FIXUPS: 14a59 23 1d 11 7b0c4 30 20 34 2c 2c 24 2c 2c 30 28 24 3d 30 2c
FIXUPS: 8fe0b 38 30 24 28 24 24 24 28 ccea 13 34 c d 13 34 c d 13 37 c
FIXUPS: 9cd60 13 1c 35 c d 13 23 31 c d 13 21 33 c d 13 23 31 c fffff9ed
FIXUPS: 9c950 34 c d 13 34 c d 13 34 c d 13 34 c d 13 34 c d 13 34 c d
FIXUPS: 9cb90 34 c d 13 34 c fffffa0d 13 34 c d 13 34 c d 13 34 c d 13
FIXUPS: 9c7a4 c d 13 34 c d 13 34 c d 13 34 c d 13 34 c fffffa03 31 c d
FIXUPS: 9c390 34 c d 13 34 c d 13 34 c d 13 34 c d 13 27 2d c d 13 34 c
FIXUPS: 9c5dd 13 34 c fffffa17 c d 13 31 c d 13 37 c d 13 31 c d 13 34
FIXUPS: 9c1d0 d 13 34 c d 13 1d 37 c d 13 37 c d fffff9fd 13 34 c d 13
FIXUPS: 9bdc4 c d 13 34 c d 13 1d 37 c d 13 34 c d 13 34 c d 13 34 c d
FIXUPS: 9bff0 25 fffff9e8 13 1d 37 c d 13 1d 37 c d 13 20 34 c d 13 34
FIXUPS: 9bbd0 d 13 34 c d 13 34 c d 13 1d 37 c fffff9c0 34 c d 13 34 c
FIXUPS: 9b77d 13 1d 37 c d 13 1d 37 c d 13 1d 37 c d 13 1d 37 c d 13 1d
FIXUPS: 9b9e4 c fffff9e0 34 c d 13 37 c d 13 31 c d 13 34 c d 13 34 c d
FIXUPS: 9b5b0 37 c d 13 31 c d 13 34 c d fffffa13 34 c d 13 34 c d 13 34
FIXUPS: 9b1d0 d 13 34 c d 13 34 c d 13 34 c d 13 34 c d 13 34 c d fffff6ce
FIXUPS: 9aac3 42 35 42 38 42 38 42 38 42 35 42 35 42 38 45 35 42 35 42
FIXUPS: 9af78 42 35 42 fff79b2a 20 24 20 864e5 c d fffff237 35 42 35 42
FIXUPS: 9a41a 42 38 42 38 42 38 42 38 42 38 42 38 42 38 42 38 42 38 42
FIXUPS: 9a8de 42 38 42 35 42 38 fffff14e 38 42 35 42 38 45 38 42 38 45
FIXUPS: 99e31 42 35 42 35 42 35 42 35 42 35 2e 32 2e 35 45 35 42 38 42
FIXUPS: 9a2b2 fffff172 35 42 35 42 35 42 35 42 35 42 35 42 35 42 35 42
FIXUPS: 99811 42 35 42 35 42 35 42 35 42 35 42 38 42 35 fffff20d 2f 36
FIXUPS: 98df6 36 32 36 2f 36 2f 36 32 36 32 39 32 36 2f 36 2f 36 32 39
FIXUPS: 99200 42 38 42 38 42 35 42 35 fffb150c 28 e 46 14 41 25 e 46 11
FIXUPS: 4aa4e 21 13 21 14 45 e 66 11 5e 45 e 66 e 4df3f 12 36 32 36 2f
FIXUPS: 98cfa 32 762e ffff05c1 13 8001 15 7 f 2d 30 17 7 17 7 3c 7 f d
FIXUPS: 98a86 10 a e 60 e 5 25 12 14 17 14 fffb1d13 20 10 558c2 e e e e
FIXUPS: a01e2 e e e e e e e e e e e e e e e e e e e e e e e e e e fffffc8e
FIXUPS: 9ffea e e e e e e e e e e e e e e e e e e e e e e e e e e e e e
FIXUPS: a018e ffff069f 7 13 12 1f 34 1a 8 f606 b 8 b c b 9 b 9 b b b b
FIXUPS: 9ff5d b b b b b b b b b e ffff039f 14 d 16 d 15 55 15 7 35 28 22
FIXUPS: 904c4 1d 4e 29 15 17 44 13 12 28 43 75 26 49 68 13 17 c 9 f
