 MFCO42UD

 Timestamp is 32f24958 (Fri Jan 31 11:34:48 1997)

 Preferred load address is 5f500000

 Start         Length     Name                   Class
 0001:00000000 0003f2f2H .text                   CODE
 0001:0003f300 0000004cH .text$AFX_CORE1         CODE
 0001:0003f350 00005463H .text$AFX_CORE4         CODE
 0001:000447c0 000033eaH .text$AFX_INIT          CODE
 0001:00047bb0 0000ff41H .text$AFX_OLE1          CODE
 0001:00057b00 000085c1H .text$AFX_OLE2          CODE
 0001:000600d0 000071e2H .text$AFX_OLE3          CODE
 0001:000672c0 0000d088H .text$AFX_OLE4          CODE
 0001:00074350 00003851H .text$AFX_OLE5          CODE
 0001:00077bb0 00000285H .text$AFX_TERM          CODE
 0001:00077e40 00000eabH .text$AFX_VDEL          CODE
 0001:00078cf0 0000379cH .text$x                 CODE
 0002:00000000 00010940H .rdata                  DATA
 0002:00010940 000044dcH .rdata$r                DATA
 0002:00014e20 00008950H .xdata$x                DATA
 0002:0001d770 000035a1H .edata                  DATA
 0003:00000000 00000004H .CRT$XCA                DATA
 0003:00000004 0000000cH .CRT$XCL                DATA
 0003:00000010 00000028H .CRT$XCU                DATA
 0003:00000038 00000004H .CRT$XCZ                DATA
 0003:0000003c 00000004H .CRT$XIA                DATA
 0003:00000040 00000004H .CRT$XIZ                DATA
 0003:00000050 000029e0H .data                   DATA
 0003:00002a30 00002534H .bss                    DATA
 0004:00000000 00000064H .idata$2                DATA
 0004:00000064 00000014H .idata$3                DATA
 0004:00000078 000010d0H .idata$4                DATA
 0004:00001148 000010d0H .idata$5                DATA
 0004:00002218 00000b16H .idata$6                DATA
 0005:00000000 00000448H .rsrc$01                DATA
 0005:00000450 000021c0H .rsrc$02                DATA

  Address         Publics by Value              Rva+Base   Lib:Object

 0001:00000000       ?GetInterfacePtr@?$_CIP@UIUnknown@@$1?IID_IUnknown@@3U_GUID@@B@@QBEPAUIUnknown@@XZ 5f501000 f dllole.obj
 0001:00000000       ?GetInterfacePtr@?$_CIP@UIBinding@@$1?IID_IBinding@@3U_GUID@@B@@QBEPAUIBinding@@XZ 5f501000 f dllole.obj
 0001:00000000       ??B?$_CIP@UIBinding@@$1?IID_IBinding@@3U_GUID@@B@@QBEPAUIBinding@@XZ 5f501000 f dllole.obj
 0001:00000000       ?GetInterfacePtr@?$_CIP@UIMoniker@@$1?IID_IMoniker@@3U_GUID@@B@@QBEPAUIMoniker@@XZ 5f501000 f dllole.obj
 0001:00000000       ?GetHead@CSimpleList@@QBEPAXXZ 5f501000 f dllole.obj
 0001:00000000       ??B?$_CIP@UIMoniker@@$1?IID_IMoniker@@3U_GUID@@B@@QBEPAUIMoniker@@XZ 5f501000 f dllole.obj
 0001:00000010       ?DEVMODEOLE2T@@YAPAU_devicemodeW@@PAU1@@Z 5f501010 f olecli1.obj
 0001:00000010       ?TASKSTRINGOLE2T@@YAPAGPAG@Z 5f501010 f olecli1.obj
 0001:00000010       ?T2OLE@@YAPAGPAG@Z         5f501010 f olecli1.obj
 0001:00000010       ?OLE2T@@YAPAGPAG@Z         5f501010 f olecli1.obj
 0001:00000010       ?DEVMODET2OLE@@YAPAU_devicemodeW@@PAU1@@Z 5f501010 f olecli1.obj
 0001:00000010       ?OLE2CT@@YAPBGPBG@Z        5f501010 f olecli1.obj
 0001:00000010       ?T2COLE@@YAPBGPBG@Z        5f501010 f olecli1.obj
 0001:00000020       ?GetData@?$CProcessLocal@V_AFX_OLE_STATE@@@@QAEPAV_AFX_OLE_STATE@@XZ 5f501020 f olecli2.obj
 0001:00000070       ?CreateObject@?$CProcessLocal@V_AFX_OLE_STATE@@@@SGPAVCNoTrackObject@@XZ 5f501070 f olecli2.obj
 0001:000000e0       ??C?$CProcessLocal@V_AFX_OLE_STATE@@@@QAEPAV_AFX_OLE_STATE@@XZ 5f5010e0 f oledobj2.obj
 0001:000000e0       ??B?$CProcessLocal@V_AFX_OLE_STATE@@@@QAEPAV_AFX_OLE_STATE@@XZ 5f5010e0 f oledobj2.obj
 0001:00000100       ??9@YAHABU_GUID@@0@Z       5f501100 f oledisp1.obj
 0001:00000120       ?wcschr@@YAPAGPAGG@Z       5f501120 f oledlgs1.obj
 0001:00000140       ??1CNoTrackObject@@UAE@XZ  5f501140 f oledata.obj
 0001:00000160       ??_ECNoTrackObject@@UAEPAXI@Z 5f501160 f oledata.obj
 0001:00000160       ??_GCNoTrackObject@@UAEPAXI@Z 5f501160 f oledata.obj
 0001:00000190       ??0CNoTrackObject@@QAE@XZ  5f501190 f oledata.obj
 0001:000001b0       ??0?$CIP@UIMoniker@@$1?IID_IMoniker@@3U_GUID@@B@@QAE@XZ 5f5011b0 f oledoc1.obj
 0001:000001d0       ?_AddRef@?$_CIP@UIMoniker@@$1?IID_IMoniker@@3U_GUID@@B@@AAEXXZ 5f5011d0 f oledoc1.obj
 0001:000001d0       ?_AddRef@?$_CIP@UIUnknown@@$1?IID_IUnknown@@3U_GUID@@B@@AAEXXZ 5f5011d0 f oledoc1.obj
 0001:000001d0       ?_AddRef@?$_CIP@UIBinding@@$1?IID_IBinding@@3U_GUID@@B@@AAEXXZ 5f5011d0 f oledoc1.obj
 0001:00000200       ?AddHead@?$CTypedSimpleList@PAVCOleObjectFactory@@@@QAEXPAVCOleObjectFactory@@@Z 5f501200 f olefact.obj
 0001:00000200       ?AddHead@?$CTypedSimpleList@PAVCOleControlLock@@@@QAEXPAVCOleControlLock@@@Z 5f501200 f olefact.obj
 0001:00000220       ?Remove@?$CTypedSimpleList@PAVCOleControlLock@@@@QAEHPAVCOleControlLock@@@Z 5f501220 f olefact.obj
 0001:00000220       ?Remove@?$CTypedSimpleList@PAVCOleObjectFactory@@@@QAEHPAVCOleObjectFactory@@@Z 5f501220 f olefact.obj
 0001:00000240       ??_9@$BBAI@AE              5f501240 f oleipfrm.obj
 0001:00000250       ?ocslen@@YAIPBG@Z          5f501250 f olemisc.obj
 0001:00000260       ?ocscpy@@YAPAGPAGPBG@Z     5f501260 f olemisc.obj
 0001:00000280       ?_GetBaseInterfaceMap@CEnumOleVerb@@KGPBUAFX_INTERFACEMAP@@XZ 5f501280 f oleverb.obj
 0001:0000028a       ?GetInterfaceMap@CEnumOleVerb@@MBEPBUAFX_INTERFACEMAP@@XZ 5f50128a f oleverb.obj
 0001:0000029a       ??1CEnumOleVerb@@UAE@XZ    5f50129a f oleverb.obj
 0001:0000032a       ?OnNext@CEnumOleVerb@@MAEHPAX@Z 5f50132a f oleverb.obj
 0001:00000381       ?EnumOleVerbs@CCmdTarget@@QAEHPAPAUIEnumOLEVERB@@@Z 5f501381 f oleverb.obj
 0001:000005d1       ?DoOleVerb@CCmdTarget@@QAEHJPAUtagMSG@@PAUHWND__@@PBUtagRECT@@@Z 5f5015d1 f oleverb.obj
 0001:00000720       ??_GCEnumOleVerb@@UAEPAXI@Z 5f501720 f oleverb.obj
 0001:00000720       ??_ECEnumOleVerb@@UAEPAXI@Z 5f501720 f oleverb.obj
 0001:00000750       ??0CEnumOleVerb@@QAE@PBXI@Z 5f501750 f oleverb.obj
 0001:00000780       ??0COleVariant@@QAE@ABUtagVARIANT@@@Z 5f501780 f olevar.obj
 0001:000007ad       ??0COleVariant@@QAE@PBUtagVARIANT@@@Z 5f5017ad f olevar.obj
 0001:000007da       ??0COleVariant@@QAE@ABV0@@Z 5f5017da f olevar.obj
 0001:00000807       ??0COleVariant@@QAE@PBGG@Z 5f501807 f olevar.obj
 0001:00000897       ?SetString@COleVariant@@QAEXPBGG@Z 5f501897 f olevar.obj
 0001:0000092c       ??0COleVariant@@QAE@FG@Z   5f50192c f olevar.obj
 0001:000009ba       ??0COleVariant@@QAE@JG@Z   5f5019ba f olevar.obj
 0001:00000a77       ?Clear@COleVariant@@QAEXXZ 5f501a77 f olevar.obj
 0001:00000ab0       ?ChangeType@COleVariant@@QAEXGPAUtagVARIANT@@@Z 5f501ab0 f olevar.obj
 0001:00000b01       ?Attach@COleVariant@@QAEXAAUtagVARIANT@@@Z 5f501b01 f olevar.obj
 0001:00000b30       ?Detach@COleVariant@@QAE?AUtagVARIANT@@XZ 5f501b30 f olevar.obj
 0001:00000b7e       ??8COleVariant@@QBEHABUtagVARIANT@@@Z 5f501b7e f olevar.obj
 0001:00000e3b       ??4COleVariant@@QAEABV0@ABUtagVARIANT@@@Z 5f501e3b f olevar.obj
 0001:00000e5f       ??4COleVariant@@QAEABV0@PBUtagVARIANT@@@Z 5f501e5f f olevar.obj
 0001:00000e83       ??4COleVariant@@QAEABV0@ABV0@@Z 5f501e83 f olevar.obj
 0001:00000ea7       ??4COleVariant@@QAEABV0@QBG@Z 5f501ea7 f olevar.obj
 0001:00000f09       ??4COleVariant@@QAEABV0@ABVCString@@@Z 5f501f09 f olevar.obj
 0001:00000f5e       ??4COleVariant@@QAEABV0@E@Z 5f501f5e f olevar.obj
 0001:00000f94       ??4COleVariant@@QAEABV0@F@Z 5f501f94 f olevar.obj
 0001:00001004       ??4COleVariant@@QAEABV0@J@Z 5f502004 f olevar.obj
 0001:00001086       ??4COleVariant@@QAEABV0@ABVCOleCurrency@@@Z 5f502086 f olevar.obj
 0001:000010c4       ??4COleVariant@@QAEABV0@M@Z 5f5020c4 f olevar.obj
 0001:000010fa       ??4COleVariant@@QAEABV0@N@Z 5f5020fa f olevar.obj
 0001:00001136       ??4COleVariant@@QAEABV0@ABVCOleDateTime@@@Z 5f502136 f olevar.obj
 0001:00001174       ??4COleVariant@@QAEABV0@ABVCByteArray@@@Z 5f502174 f olevar.obj
 0001:000011b7       ??4COleVariant@@QAEABV0@ABVCLongBinary@@@Z 5f5021b7 f olevar.obj
 0001:0000120d       ?AfxVariantInit@@YGXPAUtagVARIANT@@@Z 5f50220d f olevar.obj
 0001:00001224       ??6@YGAAVCDumpContext@@AAV0@VCOleVariant@@@Z 5f502224 f olevar.obj
 0001:0000161f       ??6@YGAAVCArchive@@AAV0@VCOleVariant@@@Z 5f50261f f olevar.obj
 0001:00001a7f       ??5@YGAAVCArchive@@AAV0@AAVCOleVariant@@@Z 5f502a7f f olevar.obj
 0001:00001e6a       ?ConstructElements@@YGXPAVCOleVariant@@H@Z 5f502e6a f olevar.obj
 0001:00001efa       ?DestructElements@@YGXPAVCOleVariant@@H@Z 5f502efa f olevar.obj
 0001:00001f64       ?CopyElements@@YGXPAVCOleVariant@@PBV1@H@Z 5f502f64 f olevar.obj
 0001:0000200f       ?SerializeElements@@YGXAAVCArchive@@PAVCOleVariant@@H@Z 5f50300f f olevar.obj
 0001:000020c9       ?DumpElements@@YGXAAVCDumpContext@@PBVCOleVariant@@H@Z 5f5030c9 f olevar.obj
 0001:0000210f       ?HashKey@@YGIABUtagVARIANT@@@Z 5f50310f f olevar.obj
 0001:000027c7       ??0COleCurrency@@QAE@JJ@Z  5f5037c7 f olevar.obj
 0001:000027f1       ??4COleCurrency@@QAEABV0@TtagCY@@@Z 5f5037f1 f olevar.obj
 0001:00002819       ??4COleCurrency@@QAEABV0@ABV0@@Z 5f503819 f olevar.obj
 0001:00002845       ??4COleCurrency@@QAEABV0@ABUtagVARIANT@@@Z 5f503845 f olevar.obj
 0001:0000295a       ??MCOleCurrency@@QBEHABV0@@Z 5f50395a f olevar.obj
 0001:000029f3       ??OCOleCurrency@@QBEHABV0@@Z 5f5039f3 f olevar.obj
 0001:00002a8c       ??NCOleCurrency@@QBEHABV0@@Z 5f503a8c f olevar.obj
 0001:00002b24       ??PCOleCurrency@@QBEHABV0@@Z 5f503b24 f olevar.obj
 0001:00002bbc       ??HCOleCurrency@@QBE?AV0@ABV0@@Z 5f503bbc f olevar.obj
 0001:00002cb0       ??GCOleCurrency@@QBE?AV0@ABV0@@Z 5f503cb0 f olevar.obj
 0001:00002da4       ??GCOleCurrency@@QBE?AV0@XZ 5f503da4 f olevar.obj
 0001:00002e2e       ??DCOleCurrency@@QBE?AV0@J@Z 5f503e2e f olevar.obj
 0001:0000317c       ??KCOleCurrency@@QBE?AV0@J@Z 5f50417c f olevar.obj
 0001:000034df       ?SetCurrency@COleCurrency@@QAEXJJ@Z 5f5044df f olevar.obj
 0001:0000358f       ?ParseCurrency@COleCurrency@@QAEHPBGKK@Z 5f50458f f olevar.obj
 0001:000036db       ?Format@COleCurrency@@QBE?AVCString@@KK@Z 5f5046db f olevar.obj
 0001:0000382c       ??6@YGAAVCDumpContext@@AAV0@VCOleCurrency@@@Z 5f50482c f olevar.obj
 0001:000038c8       ??6@YGAAVCArchive@@AAV0@VCOleCurrency@@@Z 5f5048c8 f olevar.obj
 0001:000038f3       ??5@YGAAVCArchive@@AAV0@AAVCOleCurrency@@@Z 5f5048f3 f olevar.obj
 0001:00003924       ?GetTickCount@COleDateTime@@SG?AV1@XZ 5f504924 f olevar.obj
 0001:00003942       ?GetYear@COleDateTime@@QBEHXZ 5f504942 f olevar.obj
 0001:0000397d       ?GetMonth@COleDateTime@@QBEHXZ 5f50497d f olevar.obj
 0001:000039b8       ?GetDay@COleDateTime@@QBEHXZ 5f5049b8 f olevar.obj
 0001:000039f3       ?GetHour@COleDateTime@@QBEHXZ 5f5049f3 f olevar.obj
 0001:00003a2e       ?GetMinute@COleDateTime@@QBEHXZ 5f504a2e f olevar.obj
 0001:00003a69       ?GetSecond@COleDateTime@@QBEHXZ 5f504a69 f olevar.obj
 0001:00003aa4       ?GetDayOfWeek@COleDateTime@@QBEHXZ 5f504aa4 f olevar.obj
 0001:00003adf       ?GetDayOfYear@COleDateTime@@QBEHXZ 5f504adf f olevar.obj
 0001:00003b1a       ??4COleDateTime@@QAEABV0@ABUtagVARIANT@@@Z 5f504b1a f olevar.obj
 0001:00003c2c       ??4COleDateTime@@QAEABV0@N@Z 5f504c2c f olevar.obj
 0001:00003c54       ??4COleDateTime@@QAEABV0@ABJ@Z 5f504c54 f olevar.obj
 0001:00003cfe       ??4COleDateTime@@QAEABV0@ABU_SYSTEMTIME@@@Z 5f504cfe f olevar.obj
 0001:00003d54       ??4COleDateTime@@QAEABV0@ABU_FILETIME@@@Z 5f504d54 f olevar.obj
 0001:00003df8       ??MCOleDateTime@@QBEHABV0@@Z 5f504df8 f olevar.obj
 0001:00003e9d       ??OCOleDateTime@@QBEHABV0@@Z 5f504e9d f olevar.obj
 0001:00003f42       ??NCOleDateTime@@QBEHABV0@@Z 5f504f42 f olevar.obj
 0001:00003fe7       ??PCOleDateTime@@QBEHABV0@@Z 5f504fe7 f olevar.obj
 0001:0000408c       ??HCOleDateTime@@QBE?AV0@ABVCOleDateTimeSpan@@@Z 5f50508c f olevar.obj
 0001:00004151       ??GCOleDateTime@@QBE?AV0@ABVCOleDateTimeSpan@@@Z 5f505151 f olevar.obj
 0001:00004216       ??GCOleDateTime@@QBE?AVCOleDateTimeSpan@@ABV0@@Z 5f505216 f olevar.obj
 0001:000042d2       ?SetDateTime@COleDateTime@@QAEHHHHHHH@Z 5f5052d2 f olevar.obj
 0001:0000431a       ?ParseDateTime@COleDateTime@@QAEHPBGKK@Z 5f50531a f olevar.obj
 0001:00004460       ?Format@COleDateTime@@QBE?AVCString@@KK@Z 5f505460 f olevar.obj
 0001:000045b1       ?Format@COleDateTime@@QBE?AVCString@@PBG@Z 5f5055b1 f olevar.obj
 0001:00004711       ?Format@COleDateTime@@QBE?AVCString@@I@Z 5f505711 f olevar.obj
 0001:000047b1       ?CheckRange@COleDateTime@@IAEXXZ 5f5057b1 f olevar.obj
 0001:000047ea       ??6@YGAAVCDumpContext@@AAV0@VCOleDateTime@@@Z 5f5057ea f olevar.obj
 0001:00004886       ??6@YGAAVCArchive@@AAV0@VCOleDateTime@@@Z 5f505886 f olevar.obj
 0001:000048a9       ??5@YGAAVCArchive@@AAV0@AAVCOleDateTime@@@Z 5f5058a9 f olevar.obj
 0001:000048cb       ?GetHours@COleDateTimeSpan@@QBEJXZ 5f5058cb f olevar.obj
 0001:00004929       ?GetMinutes@COleDateTimeSpan@@QBEJXZ 5f505929 f olevar.obj
 0001:0000498e       ?GetSeconds@COleDateTimeSpan@@QBEJXZ 5f50598e f olevar.obj
 0001:000049f9       ??4COleDateTimeSpan@@QAEABV0@N@Z 5f5059f9 f olevar.obj
 0001:00004a21       ??4COleDateTimeSpan@@QAEABV0@ABV0@@Z 5f505a21 f olevar.obj
 0001:00004a4d       ??HCOleDateTimeSpan@@QBE?AV0@ABV0@@Z 5f505a4d f olevar.obj
 0001:00004af2       ??GCOleDateTimeSpan@@QBE?AV0@ABV0@@Z 5f505af2 f olevar.obj
 0001:00004b97       ?SetDateTimeSpan@COleDateTimeSpan@@QAEXJHHH@Z 5f505b97 f olevar.obj
 0001:00004bd7       ?Format@COleDateTimeSpan@@QBE?AVCString@@PBG@Z 5f505bd7 f olevar.obj
 0001:00004d37       ?Format@COleDateTimeSpan@@QBE?AVCString@@I@Z 5f505d37 f olevar.obj
 0001:00004dd7       ?CheckRange@COleDateTimeSpan@@QAEXXZ 5f505dd7 f olevar.obj
 0001:00004e10       ??6@YGAAVCDumpContext@@AAV0@VCOleDateTimeSpan@@@Z 5f505e10 f olevar.obj
 0001:00004eb0       ??6@YGAAVCArchive@@AAV0@VCOleDateTimeSpan@@@Z 5f505eb0 f olevar.obj
 0001:00004ed3       ??5@YGAAVCArchive@@AAV0@AAVCOleDateTimeSpan@@@Z 5f505ed3 f olevar.obj
 0001:000054b2       ??0COleSafeArray@@QAE@ABUtagSAFEARRAY@@G@Z 5f5064b2 f olevar.obj
 0001:00005510       ??0COleSafeArray@@QAE@PBUtagSAFEARRAY@@G@Z 5f506510 f olevar.obj
 0001:0000556e       ??0COleSafeArray@@QAE@ABV0@@Z 5f50656e f olevar.obj
 0001:000055af       ??0COleSafeArray@@QAE@ABUtagVARIANT@@@Z 5f5065af f olevar.obj
 0001:000055f0       ??0COleSafeArray@@QAE@PBUtagVARIANT@@@Z 5f5065f0 f olevar.obj
 0001:00005631       ?Attach@COleSafeArray@@QAEXAAUtagVARIANT@@@Z 5f506631 f olevar.obj
 0001:00005692       ?Detach@COleSafeArray@@QAE?AUtagVARIANT@@XZ 5f506692 f olevar.obj
 0001:000056e0       ??4COleSafeArray@@QAEAAV0@ABV0@@Z 5f5066e0 f olevar.obj
 0001:00005736       ??4COleSafeArray@@QAEAAV0@ABUtagVARIANT@@@Z 5f506736 f olevar.obj
 0001:0000578c       ??4COleSafeArray@@QAEAAV0@PBUtagVARIANT@@@Z 5f50678c f olevar.obj
 0001:000057e2       ??4COleSafeArray@@QAEAAV0@ABVCOleVariant@@@Z 5f5067e2 f olevar.obj
 0001:00005838       ??8COleSafeArray@@QBEHABUtagSAFEARRAY@@@Z 5f506838 f olevar.obj
 0001:00005855       ??8COleSafeArray@@QBEHPBUtagSAFEARRAY@@@Z 5f506855 f olevar.obj
 0001:00005872       ??8COleSafeArray@@QBEHABV0@@Z 5f506872 f olevar.obj
 0001:000058aa       ??8COleSafeArray@@QBEHABUtagVARIANT@@@Z 5f5068aa f olevar.obj
 0001:000058e2       ??8COleSafeArray@@QBEHPBUtagVARIANT@@@Z 5f5068e2 f olevar.obj
 0001:0000591a       ??8COleSafeArray@@QBEHABVCOleVariant@@@Z 5f50691a f olevar.obj
 0001:00005952       ?CreateOneDim@COleSafeArray@@QAEXGKPAXJ@Z 5f506952 f olevar.obj
 0001:000059dd       ?GetOneDimSize@COleSafeArray@@QAEKXZ 5f5069dd f olevar.obj
 0001:00005a3c       ?ResizeOneDim@COleSafeArray@@QAEXK@Z 5f506a3c f olevar.obj
 0001:00005a91       ?Create@COleSafeArray@@QAEXGKPAK@Z 5f506a91 f olevar.obj
 0001:00005bbb       ?Create@COleSafeArray@@QAEXGKPAUtagSAFEARRAYBOUND@@@Z 5f506bbb f olevar.obj
 0001:00005d39       ?AccessData@COleSafeArray@@QAEXPAPAX@Z 5f506d39 f olevar.obj
 0001:00005d5d       ?UnaccessData@COleSafeArray@@QAEXXZ 5f506d5d f olevar.obj
 0001:00005d7b       ?AllocData@COleSafeArray@@QAEXXZ 5f506d7b f olevar.obj
 0001:00005d99       ?AllocDescriptor@COleSafeArray@@QAEXK@Z 5f506d99 f olevar.obj
 0001:00005dbd       ?Copy@COleSafeArray@@QAEXPAPAUtagSAFEARRAY@@@Z 5f506dbd f olevar.obj
 0001:00005de1       ?GetLBound@COleSafeArray@@QAEXKPAJ@Z 5f506de1 f olevar.obj
 0001:00005e09       ?GetUBound@COleSafeArray@@QAEXKPAJ@Z 5f506e09 f olevar.obj
 0001:00005e31       ?GetElement@COleSafeArray@@QAEXPAJPAX@Z 5f506e31 f olevar.obj
 0001:00005e59       ?PtrOfIndex@COleSafeArray@@QAEXPAJPAPAX@Z 5f506e59 f olevar.obj
 0001:00005e81       ?PutElement@COleSafeArray@@QAEXPAJPAX@Z 5f506e81 f olevar.obj
 0001:00005ea9       ?Redim@COleSafeArray@@QAEXPAUtagSAFEARRAYBOUND@@@Z 5f506ea9 f olevar.obj
 0001:00005ecd       ?Lock@COleSafeArray@@QAEXXZ 5f506ecd f olevar.obj
 0001:00005eeb       ?Unlock@COleSafeArray@@QAEXXZ 5f506eeb f olevar.obj
 0001:00005f09       ?Destroy@COleSafeArray@@QAEXXZ 5f506f09 f olevar.obj
 0001:00005f27       ?DestroyData@COleSafeArray@@QAEXXZ 5f506f27 f olevar.obj
 0001:00005f45       ?DestroyDescriptor@COleSafeArray@@QAEXXZ 5f506f45 f olevar.obj
 0001:00005f63       ?AfxSafeArrayInit@@YGXPAVCOleSafeArray@@@Z 5f506f63 f olevar.obj
 0001:00005f7a       ?DDX_Text@@YGXPAVCDataExchange@@HAAVCOleDateTime@@@Z 5f506f7a f olevar.obj
 0001:00006082       ?DDX_Text@@YGXPAVCDataExchange@@HAAVCOleCurrency@@@Z 5f507082 f olevar.obj
 0001:00006190       ??_GCOleVariant@@QAEPAXI@Z 5f507190 f olevar.obj
 0001:000061c0       ??2@YAPAXIPAX@Z            5f5071c0 f olevar.obj
 0001:000061d0       ?HashKey@@YGIK@Z           5f5071d0 f olevar.obj
 0001:000061e0       ??B?$CProcessLocal@V_AFX_RICHEDIT_STATE@@@@QAEPAV_AFX_RICHEDIT_STATE@@XZ 5f5071e0 f viewrich.obj
 0001:00006200       ?GetData@?$CProcessLocal@V_AFX_RICHEDIT_STATE@@@@QAEPAV_AFX_RICHEDIT_STATE@@XZ 5f507200 f viewrich.obj
 0001:00006250       ?CreateObject@?$CProcessLocal@V_AFX_RICHEDIT_STATE@@@@SGPAVCNoTrackObject@@XZ 5f507250 f viewrich.obj
 0001:000062c0       ??0_AFX_RICHEDIT_STATE@@QAE@XZ 5f5072c0 f viewrich.obj
 0001:000062e0       ??_G_AFX_RICHEDIT_STATE@@UAEPAXI@Z 5f5072e0 f viewrich.obj
 0001:000062e0       ??_E_AFX_RICHEDIT_STATE@@UAEPAXI@Z 5f5072e0 f viewrich.obj
 0001:00006310       ?EnableTypeLib@CCmdTarget@@QAEXXZ 5f507310 f oletyplb.obj
 0001:0000636a       ?GetTypeInfoOfGuid@CCmdTarget@@QAEJKABU_GUID@@PAPAUITypeInfo@@@Z 5f50736a f oletyplb.obj
 0001:000064eb       ?AfxGetTypeLibCache@@YGPAVCTypeLibCache@@PBU_GUID@@@Z 5f5074eb f oletyplb.obj
 0001:000066a8       ?Lock@CTypeLibCache@@QAEXXZ 5f5076a8 f oletyplb.obj
 0001:000066fc       ?Lookup@CTypeLibCache@@QAEHKPAPAUITypeLib@@@Z 5f5076fc f oletyplb.obj
 0001:00006775       ?Cache@CTypeLibCache@@QAEXKPAUITypeLib@@@Z 5f507775 f oletyplb.obj
 0001:0000682d       ?LookupTypeInfo@CTypeLibCache@@QAEHKABU_GUID@@PAPAUITypeInfo@@@Z 5f50782d f oletyplb.obj
 0001:000068f5       ?CacheTypeInfo@CTypeLibCache@@QAEXKABU_GUID@@PAUITypeInfo@@@Z 5f5078f5 f oletyplb.obj
 0001:00006980       ??0CTypeLibCache@@QAE@XZ   5f507980 f oletyplb.obj
 0001:000069c0       ?IsEqualGUID@@YAHABU_GUID@@0@Z 5f5079c0 f oletyplb.obj
 0001:000069c0       ??8@YAHABU_GUID@@0@Z       5f5079c0 f oletyplb.obj
 0001:000069e0       ??I?$_CIP@UIMoniker@@$1?IID_IMoniker@@3U_GUID@@B@@QAEPAPAUIMoniker@@XZ 5f5079e0 f olemon.obj
 0001:00006a00       ?IsEmpty@CSimpleList@@QBEHXZ 5f507a00 f olemon.obj
 0001:00006a00       ??7?$_CIP@UIMoniker@@$1?IID_IMoniker@@3U_GUID@@B@@QAEHXZ 5f507a00 f olemon.obj
 0001:00006a20       ??4?$CIP@UIMoniker@@$1?IID_IMoniker@@3U_GUID@@B@@QAEAAV0@PAUIMoniker@@@Z 5f507a20 f olemon.obj
 0001:00006a20       ??4?$CIP@UIBinding@@$1?IID_IBinding@@3U_GUID@@B@@QAEAAV0@PAUIBinding@@@Z 5f507a20 f olemon.obj
 0001:00006a40       ??4?$_CIP@UIMoniker@@$1?IID_IMoniker@@3U_GUID@@B@@QAEAAV0@PAUIMoniker@@@Z 5f507a40 f olemon.obj
 0001:00006a40       ??4?$_CIP@UIBinding@@$1?IID_IBinding@@3U_GUID@@B@@QAEAAV0@PAUIBinding@@@Z 5f507a40 f olemon.obj
 0001:00006a90       ?Release@?$_CIP@UIMoniker@@$1?IID_IMoniker@@3U_GUID@@B@@QAEXXZ 5f507a90 f olemon.obj
 0001:00006a90       ?Release@?$_CIP@UIBinding@@$1?IID_IBinding@@3U_GUID@@B@@QAEXXZ 5f507a90 f olemon.obj
 0001:00006b15       ?AfxEnableControlContainer@@YAXPAVCOccManager@@@Z 5f507b15 f occmgr.obj
 0001:00006b49       ?OnEvent@COccManager@@UAEHPAVCCmdTarget@@IPAUAFX_EVENT@@PAUAFX_CMDHANDLERINFO@@@Z 5f507b49 f occmgr.obj
 0001:00006b6a       ?CreateContainer@COccManager@@UAEPAVCOleControlContainer@@PAVCWnd@@@Z 5f507b6a f occmgr.obj
 0001:00006bae       ?CreateSite@COccManager@@UAEPAVCOleControlSite@@PAVCOleControlContainer@@@Z 5f507bae f occmgr.obj
 0001:00006bf5       ?PreCreateDialog@COccManager@@UAEPBUDLGTEMPLATE@@PAU_AFX_OCC_DIALOG_INFO@@PBU2@@Z 5f507bf5 f occmgr.obj
 0001:00006cd3       ?PostCreateDialog@COccManager@@UAEXPAU_AFX_OCC_DIALOG_INFO@@@Z 5f507cd3 f occmgr.obj
 0001:00006d0d       ?SplitDialogTemplate@COccManager@@UAEPAUDLGTEMPLATE@@PBU2@PAPAUDLGITEMTEMPLATE@@@Z 5f507d0d f occmgr.obj
 0001:00007125       ?CreateDlgControls@COccManager@@UAEHPAVCWnd@@PBGPAU_AFX_OCC_DIALOG_INFO@@@Z 5f508125 f occmgr.obj
 0001:0000727f       ?CreateDlgControls@COccManager@@UAEHPAVCWnd@@PAXPAU_AFX_OCC_DIALOG_INFO@@@Z 5f50827f f occmgr.obj
 0001:00007625       ?BindControls@COccManager@@IAEXPAVCWnd@@@Z 5f508625 f occmgr.obj
 0001:00007861       ?CreateDlgControl@COccManager@@IAEPAUHWND__@@PAVCWnd@@PAU2@HPAUDLGITEMTEMPLATE@@GPAEK@Z 5f508861 f occmgr.obj
 0001:00007eda       ?PrepareOleCtrl@CDataExchange@@QAEPAVCWnd@@H@Z 5f508eda f occmgr.obj
 0001:00007fb0       ??1?$CProcessLocal@VCOccManager@@@@QAE@XZ 5f508fb0 f occmgr.obj
 0001:00007fd0       ?GetData@?$CProcessLocal@VCOccManager@@@@QAEPAVCOccManager@@XZ 5f508fd0 f occmgr.obj
 0001:00008020       ?CreateObject@?$CProcessLocal@VCOccManager@@@@SGPAVCNoTrackObject@@XZ 5f509020 f occmgr.obj
 0001:00008090       ??0COccManager@@QAE@XZ     5f509090 f occmgr.obj
 0001:000080b0       ?UnlockResource@@YGHPAX@Z  5f5090b0 f occmgr.obj
 0001:000080c0       ?OnEvent@CCmdTarget@@QAEHIPAUAFX_EVENT@@PAUAFX_CMDHANDLERINFO@@@Z 5f5090c0 f occevent.obj
 0001:0000849f       ?GetEventSinkEntry@CCmdTarget@@IAGPBUAFX_EVENTSINKMAP_ENTRY@@IPAUAFX_EVENT@@@Z 5f50949f f occevent.obj
 0001:00008560       ?CreateControl@CWnd@@QAEHPBG0KABUtagRECT@@PAV1@IPAVCFile@@HPAG@Z 5f509560 f occcont.obj
 0001:000085d8       ?CreateControl@CWnd@@QAEHABU_GUID@@PBGKABUtagRECT@@PAV1@IPAVCFile@@HPAG@Z 5f5095d8 f occcont.obj
 0001:00008681       ?InitControlContainer@CWnd@@IAEHXZ 5f509681 f occcont.obj
 0001:00008794       ?_GetBaseInterfaceMap@COleControlContainer@@KGPBUAFX_INTERFACEMAP@@XZ 5f509794 f occcont.obj
 0001:0000879e       ?GetInterfaceMap@COleControlContainer@@MBEPBUAFX_INTERFACEMAP@@XZ 5f50979e f occcont.obj
 0001:000087ae       ?_GetBaseDispatchMap@COleControlContainer@@KGPBUAFX_DISPMAP@@XZ 5f5097ae f occcont.obj
 0001:000087b8       ?GetDispatchMap@COleControlContainer@@MBEPBUAFX_DISPMAP@@XZ 5f5097b8 f occcont.obj
 0001:000087c8       ??0COleControlContainer@@QAE@PAVCWnd@@@Z 5f5097c8 f occcont.obj
 0001:0000886e       ??1COleControlContainer@@UAE@XZ 5f50986e f occcont.obj
 0001:000089c9       ?CreateControl@COleControlContainer@@QAEHPAVCWnd@@ABU_GUID@@PBGKABUtagRECT@@IPAVCFile@@HPAGPAPAVCOleControlSite@@@Z 5f5099c9 f occcont.obj
 0001:00008b33       ?FindItem@COleControlContainer@@UBEPAVCOleControlSite@@I@Z 5f509b33 f occcont.obj
 0001:00008b83       ?GetAmbientProp@COleControlContainer@@UAEHPAVCOleControlSite@@JPAUtagVARIANT@@@Z 5f509b83 f occcont.obj
 0001:00008e78       ?CreateOleFont@COleControlContainer@@QAEXPAVCFont@@@Z 5f509e78 f occcont.obj
 0001:00009050       ?FreezeAllEvents@COleControlContainer@@QAEXH@Z 5f50a050 f occcont.obj
 0001:00009098       ?ScrollChildren@COleControlContainer@@UAEXHH@Z 5f50a098 f occcont.obj
 0001:00009164       ?OnUIActivate@COleControlContainer@@UAEXPAVCOleControlSite@@@Z 5f50a164 f occcont.obj
 0001:000091c4       ?OnUIDeactivate@COleControlContainer@@UAEXPAVCOleControlSite@@@Z 5f50a1c4 f occcont.obj
 0001:00009206       ?CheckDlgButton@COleControlContainer@@UAEXHI@Z 5f50a206 f occcont.obj
 0001:0000926a       ?CheckRadioButton@COleControlContainer@@UAEXHHH@Z 5f50a26a f occcont.obj
 0001:000092f9       ?GetDlgItem@COleControlContainer@@UBEPAVCWnd@@H@Z 5f50a2f9 f occcont.obj
 0001:00009324       ?GetDlgItem@COleControlContainer@@UBEXHPAPAUHWND__@@@Z 5f50a324 f occcont.obj
 0001:0000937b       ?GetDlgItemInt@COleControlContainer@@UBEIHPAHH@Z 5f50a37b f occcont.obj
 0001:0000947c       ?GetDlgItemTextW@COleControlContainer@@UBEHHPAGH@Z 5f50a47c f occcont.obj
 0001:000094b7       ?SendDlgItemMessageW@COleControlContainer@@UAEJHIIJ@Z 5f50a4b7 f occcont.obj
 0001:000094f6       ?SetDlgItemInt@COleControlContainer@@UAEXHIH@Z 5f50a4f6 f occcont.obj
 0001:00009549       ?SetDlgItemTextW@COleControlContainer@@UAEXHPBG@Z 5f50a549 f occcont.obj
 0001:0000957e       ?IsDlgButtonChecked@COleControlContainer@@UBEIH@Z 5f50a57e f occcont.obj
 0001:0000966c       ?QueryInterface@XOleIPFrame@COleControlContainer@@UAGJABU_GUID@@PAPAX@Z 5f50a66c f occcont.obj
 0001:0000968f       ?AddRef@XOleIPFrame@COleControlContainer@@UAGKXZ 5f50a68f f occcont.obj
 0001:000096aa       ?Release@XOleIPFrame@COleControlContainer@@UAGKXZ 5f50a6aa f occcont.obj
 0001:000096c5       ?GetWindow@XOleIPFrame@COleControlContainer@@UAGJPAPAUHWND__@@@Z 5f50a6c5 f occcont.obj
 0001:000096e8       ?ContextSensitiveHelp@XOleIPFrame@COleControlContainer@@UAGJH@Z 5f50a6e8 f occcont.obj
 0001:000096f4       ?GetBorder@XOleIPFrame@COleControlContainer@@UAGJPAUtagRECT@@@Z 5f50a6f4 f occcont.obj
 0001:00009700       ?RequestBorderSpace@XOleIPFrame@COleControlContainer@@UAGJPBUtagRECT@@@Z 5f50a700 f occcont.obj
 0001:0000970c       ?SetBorderSpace@XOleIPFrame@COleControlContainer@@UAGJPBUtagRECT@@@Z 5f50a70c f occcont.obj
 0001:00009718       ?SetActiveObject@XOleIPFrame@COleControlContainer@@UAGJPAUIOleInPlaceActiveObject@@PBG@Z 5f50a718 f occcont.obj
 0001:00009774       ?InsertMenus@XOleIPFrame@COleControlContainer@@UAGJPAUHMENU__@@PAUtagOleMenuGroupWidths@@@Z 5f50a774 f occcont.obj
 0001:00009780       ?SetMenu@XOleIPFrame@COleControlContainer@@UAGJPAUHMENU__@@PAXPAUHWND__@@@Z 5f50a780 f occcont.obj
 0001:0000978c       ?RemoveMenus@XOleIPFrame@COleControlContainer@@UAGJPAUHMENU__@@@Z 5f50a78c f occcont.obj
 0001:00009798       ?SetStatusText@XOleIPFrame@COleControlContainer@@UAGJPBG@Z 5f50a798 f occcont.obj
 0001:000097a4       ?EnableModeless@XOleIPFrame@COleControlContainer@@UAGJH@Z 5f50a7a4 f occcont.obj
 0001:000097b0       ?TranslateAcceleratorW@XOleIPFrame@COleControlContainer@@UAGJPAUtagMSG@@G@Z 5f50a7b0 f occcont.obj
 0001:000097bc       ?_GetBaseInterfaceMap@CEnumUnknown@@KGPBUAFX_INTERFACEMAP@@XZ 5f50a7bc f occcont.obj
 0001:000097c6       ?GetInterfaceMap@CEnumUnknown@@MBEPBUAFX_INTERFACEMAP@@XZ 5f50a7c6 f occcont.obj
 0001:000097d6       ??1CEnumUnknown@@UAE@XZ    5f50a7d6 f occcont.obj
 0001:00009896       ?OnNext@CEnumUnknown@@MAEHPAX@Z 5f50a896 f occcont.obj
 0001:000098f4       ?QueryInterface@XOleContainer@COleControlContainer@@UAGJABU_GUID@@PAPAX@Z 5f50a8f4 f occcont.obj
 0001:00009917       ?Release@XOleContainer@COleControlContainer@@UAGKXZ 5f50a917 f occcont.obj
 0001:00009932       ?AddRef@XOleContainer@COleControlContainer@@UAGKXZ 5f50a932 f occcont.obj
 0001:0000994d       ?ParseDisplayName@XOleContainer@COleControlContainer@@UAGJPAUIBindCtx@@PAGPAKPAPAUIMoniker@@@Z 5f50a94d f occcont.obj
 0001:00009959       ?EnumObjects@XOleContainer@COleControlContainer@@UAGJKPAPAUIEnumUnknown@@@Z 5f50a959 f occcont.obj
 0001:00009bf7       ?LockContainer@XOleContainer@COleControlContainer@@UAGJH@Z 5f50abf7 f occcont.obj
 0001:00009c10       ??_ECOleControlContainer@@UAEPAXI@Z 5f50ac10 f occcont.obj
 0001:00009c10       ??_GCOleControlContainer@@UAEPAXI@Z 5f50ac10 f occcont.obj
 0001:00009c40       ??0XOleIPFrame@COleControlContainer@@QAE@XZ 5f50ac40 f occcont.obj
 0001:00009c60       ??0XOleContainer@COleControlContainer@@QAE@XZ 5f50ac60 f occcont.obj
 0001:00009c80       ??_ECEnumUnknown@@UAEPAXI@Z 5f50ac80 f occcont.obj
 0001:00009c80       ??_GCEnumUnknown@@UAEPAXI@Z 5f50ac80 f occcont.obj
 0001:00009cb0       ??0CEnumUnknown@@QAE@PBXI@Z 5f50acb0 f occcont.obj
 0001:00009ce0       ?_GetBaseInterfaceMap@COleControlSite@@KGPBUAFX_INTERFACEMAP@@XZ 5f50ace0 f occsite.obj
 0001:00009cea       ?GetInterfaceMap@COleControlSite@@MBEPBUAFX_INTERFACEMAP@@XZ 5f50acea f occsite.obj
 0001:00009cfa       ??0COleControlSite@@QAE@PAVCOleControlContainer@@@Z 5f50acfa f occsite.obj
 0001:00009ec7       ??1COleControlSite@@UAE@XZ 5f50aec7 f occsite.obj
 0001:0000a066       ?SetExtent@COleControlSite@@IAEHXZ 5f50b066 f occsite.obj
 0001:0000a143       ?CreateControl@COleControlSite@@QAEJPAVCWnd@@ABU_GUID@@PBGKABUtagRECT@@IPAVCFile@@HPAG@Z 5f50b143 f occsite.obj
 0001:0000a51d       ?DestroyControl@COleControlSite@@UAEHXZ 5f50b51d f occsite.obj
 0001:0000a598       ?QuickActivate@COleControlSite@@UAEHXZ 5f50b598 f occsite.obj
 0001:0000a805       ?CreateOrLoad@COleControlSite@@IAEJABU_GUID@@PAVCFile@@HPAG@Z 5f50b805 f occsite.obj
 0001:0000b0a5       ?GetID@COleControlSite@@QAEIXZ 5f50c0a5 f occsite.obj
 0001:0000b0b6       ?DoVerb@COleControlSite@@UAEJJPAUtagMSG@@@Z 5f50c0b6 f occsite.obj
 0001:0000b102       ?IsDefaultButton@COleControlSite@@QAEHXZ 5f50c102 f occsite.obj
 0001:0000b13f       ?GetDefBtnCode@COleControlSite@@QAEKXZ 5f50c13f f occsite.obj
 0001:0000b170       ?SetDefaultButton@COleControlSite@@QAEXH@Z 5f50c170 f occsite.obj
 0001:0000b221       ?ConnectSink@COleControlSite@@IAEKABU_GUID@@PAUIUnknown@@@Z 5f50c221 f occsite.obj
 0001:0000b321       ?DisconnectSink@COleControlSite@@IAEXABU_GUID@@K@Z 5f50c321 f occsite.obj
 0001:0000b41a       ?GetEventIID@COleControlSite@@QAEHPAU_GUID@@@Z 5f50c41a f occsite.obj
 0001:0000b79e       ?GetControlInfo@COleControlSite@@QAEXXZ 5f50c79e f occsite.obj
 0001:0000b832       ?IsMatchingMnemonic@COleControlSite@@QAEHPAUtagMSG@@@Z 5f50c832 f occsite.obj
 0001:0000b96c       ?SendMnemonic@COleControlSite@@QAEXPAUtagMSG@@@Z 5f50c96c f occsite.obj
 0001:0000ba00       ?FreezeEvents@COleControlSite@@QAEXH@Z 5f50ca00 f occsite.obj
 0001:0000ba76       ?AttachWindow@COleControlSite@@IAEXXZ 5f50ca76 f occsite.obj
 0001:0000bb67       ?DetachWindow@COleControlSite@@IAEXXZ 5f50cb67 f occsite.obj
 0001:0000bc13       ?OnEvent@COleControlSite@@IAEHPAUAFX_EVENT@@@Z 5f50cc13 f occsite.obj
 0001:0000bc7a       ?InvokeHelperV@COleControlSite@@UAEXJGGPAXPBEPAD@Z 5f50cc7a f occsite.obj
 0001:0000bd32       ?SetPropertyV@COleControlSite@@UAEXJGPAD@Z 5f50cd32 f occsite.obj
 0001:0000bdae       ?InvokeHelper@COleControlSite@@UAAXJGGPAXPBEZZ 5f50cdae f occsite.obj
 0001:0000bde8       ?GetProperty@COleControlSite@@UBEXJGPAX@Z 5f50cde8 f occsite.obj
 0001:0000be15       ?SetProperty@COleControlSite@@UAAXJGZZ 5f50ce15 f occsite.obj
 0001:0000be42       ?SafeSetProperty@COleControlSite@@UAAHJGZZ 5f50ce42 f occsite.obj
 0001:0000befb       ?GetStyle@COleControlSite@@UBEKXZ 5f50cefb f occsite.obj
 0001:0000c048       ?GetExStyle@COleControlSite@@UBEKXZ 5f50d048 f occsite.obj
 0001:0000c10c       ?ModifyStyle@COleControlSite@@UAEHKKI@Z 5f50d10c f occsite.obj
 0001:0000c1f8       ?ModifyStyleEx@COleControlSite@@UAEHKKI@Z 5f50d1f8 f occsite.obj
 0001:0000c26c       ?SetWindowTextW@COleControlSite@@UAEXPBG@Z 5f50d26c f occsite.obj
 0001:0000c2e2       ?GetWindowTextW@COleControlSite@@UBEXAAVCString@@@Z 5f50d2e2 f occsite.obj
 0001:0000c40e       ?GetWindowTextW@COleControlSite@@UBEHPAGH@Z 5f50d40e f occsite.obj
 0001:0000c4b9       ?GetWindowTextLengthW@COleControlSite@@UBEHXZ 5f50d4b9 f occsite.obj
 0001:0000c523       ?GetDlgCtrlID@COleControlSite@@UBEHXZ 5f50d523 f occsite.obj
 0001:0000c534       ?SetDlgCtrlID@COleControlSite@@UAEHH@Z 5f50d534 f occsite.obj
 0001:0000c558       ?MoveWindow@COleControlSite@@UAEXHHHHH@Z 5f50d558 f occsite.obj
 0001:0000c67b       ?SetWindowPos@COleControlSite@@UAEHPBVCWnd@@HHHHI@Z 5f50d67b f occsite.obj
 0001:0000c792       ?ShowWindow@COleControlSite@@UAEHH@Z 5f50d792 f occsite.obj
 0001:0000c810       ?IsWindowEnabled@COleControlSite@@UBEHXZ 5f50d810 f occsite.obj
 0001:0000c8b0       ?EnableWindow@COleControlSite@@UAEHH@Z 5f50d8b0 f occsite.obj
 0001:0000c979       ?SetFocus@COleControlSite@@UAEPAVCWnd@@XZ 5f50d979 f occsite.obj
 0001:0000c9c5       ?EnableDSC@COleControlSite@@UAEXXZ 5f50d9c5 f occsite.obj
 0001:0000ca2d       ?BindDefaultProperty@COleControlSite@@UAEXJGPBGPAVCWnd@@@Z 5f50da2d f occsite.obj
 0001:0000cb71       ?BindProperty@COleControlSite@@UAEXJPAVCWnd@@@Z 5f50db71 f occsite.obj
 0001:0000cd68       ?AddRef@XOleClientSite@COleControlSite@@UAGKXZ 5f50dd68 f occsite.obj
 0001:0000cd85       ?Release@XOleClientSite@COleControlSite@@UAGKXZ 5f50dd85 f occsite.obj
 0001:0000cda2       ?QueryInterface@XOleClientSite@COleControlSite@@UAGJABU_GUID@@PAPAX@Z 5f50dda2 f occsite.obj
 0001:0000cdc7       ?SaveObject@XOleClientSite@COleControlSite@@UAGJXZ 5f50ddc7 f occsite.obj
 0001:0000cdd3       ?GetMoniker@XOleClientSite@COleControlSite@@UAGJKKPAPAUIMoniker@@@Z 5f50ddd3 f occsite.obj
 0001:0000cddf       ?GetContainer@XOleClientSite@COleControlSite@@UAGJPAPAUIOleContainer@@@Z 5f50dddf f occsite.obj
 0001:0000ce08       ?ShowObject@XOleClientSite@COleControlSite@@UAGJXZ 5f50de08 f occsite.obj
 0001:0000ce75       ?OnShowWindow@XOleClientSite@COleControlSite@@UAGJH@Z 5f50de75 f occsite.obj
 0001:0000ce7e       ?RequestNewObjectLayout@XOleClientSite@COleControlSite@@UAGJXZ 5f50de7e f occsite.obj
 0001:0000ce8a       ?AddRef@XOleIPSite@COleControlSite@@UAGKXZ 5f50de8a f occsite.obj
 0001:0000cea7       ?Release@XOleIPSite@COleControlSite@@UAGKXZ 5f50dea7 f occsite.obj
 0001:0000cec4       ?QueryInterface@XOleIPSite@COleControlSite@@UAGJABU_GUID@@PAPAX@Z 5f50dec4 f occsite.obj
 0001:0000cee9       ?GetWindow@XOleIPSite@COleControlSite@@UAGJPAPAUHWND__@@@Z 5f50dee9 f occsite.obj
 0001:0000cf24       ?ContextSensitiveHelp@XOleIPSite@COleControlSite@@UAGJH@Z 5f50df24 f occsite.obj
 0001:0000cf30       ?CanInPlaceActivate@XOleIPSite@COleControlSite@@UAGJXZ 5f50df30 f occsite.obj
 0001:0000cf39       ?OnInPlaceActivate@XOleIPSite@COleControlSite@@UAGJXZ 5f50df39 f occsite.obj
 0001:0000cf42       ?OnUIActivate@XOleIPSite@COleControlSite@@UAGJXZ 5f50df42 f occsite.obj
 0001:0000cf6e       ?GetWindowContext@XOleIPSite@COleControlSite@@UAGJPAPAUIOleInPlaceFrame@@PAPAUIOleInPlaceUIWindow@@PAUtagRECT@@2PAUtagOIFI@@@Z 5f50df6e f occsite.obj
 0001:0000d185       ?Scroll@XOleIPSite@COleControlSite@@UAGJUtagSIZE@@@Z 5f50e185 f occsite.obj
 0001:0000d191       ?OnUIDeactivate@XOleIPSite@COleControlSite@@UAGJH@Z 5f50e191 f occsite.obj
 0001:0000d1bd       ?OnInPlaceDeactivate@XOleIPSite@COleControlSite@@UAGJXZ 5f50e1bd f occsite.obj
 0001:0000d22a       ?DiscardUndoState@XOleIPSite@COleControlSite@@UAGJXZ 5f50e22a f occsite.obj
 0001:0000d233       ?DeactivateAndUndo@XOleIPSite@COleControlSite@@UAGJXZ 5f50e233 f occsite.obj
 0001:0000d25c       ?OnPosRectChange@XOleIPSite@COleControlSite@@UAGJPBUtagRECT@@@Z 5f50e25c f occsite.obj
 0001:0000d2e2       ?AddRef@XOleControlSite@COleControlSite@@UAGKXZ 5f50e2e2 f occsite.obj
 0001:0000d2ff       ?Release@XOleControlSite@COleControlSite@@UAGKXZ 5f50e2ff f occsite.obj
 0001:0000d31c       ?QueryInterface@XOleControlSite@COleControlSite@@UAGJABU_GUID@@PAPAX@Z 5f50e31c f occsite.obj
 0001:0000d341       ?OnControlInfoChanged@XOleControlSite@COleControlSite@@UAGJXZ 5f50e341 f occsite.obj
 0001:0000d360       ?LockInPlaceActive@XOleControlSite@COleControlSite@@UAGJH@Z 5f50e360 f occsite.obj
 0001:0000d36c       ?GetExtendedControl@XOleControlSite@COleControlSite@@UAGJPAPAUIDispatch@@@Z 5f50e36c f occsite.obj
 0001:0000d378       ?TransformCoords@XOleControlSite@COleControlSite@@UAGJPAU_POINTL@@PAUtagPOINTF@@K@Z 5f50e378 f occsite.obj
 0001:0000d4dc       ?TranslateAcceleratorW@XOleControlSite@COleControlSite@@UAGJPAUtagMSG@@K@Z 5f50e4dc f occsite.obj
 0001:0000d4e8       ?OnFocus@XOleControlSite@COleControlSite@@UAGJH@Z 5f50e4e8 f occsite.obj
 0001:0000d4f1       ?ShowPropertyFrame@XOleControlSite@COleControlSite@@UAGJXZ 5f50e4f1 f occsite.obj
 0001:0000d4fd       ?AddRef@XAmbientProps@COleControlSite@@UAGKXZ 5f50e4fd f occsite.obj
 0001:0000d51a       ?Release@XAmbientProps@COleControlSite@@UAGKXZ 5f50e51a f occsite.obj
 0001:0000d537       ?QueryInterface@XAmbientProps@COleControlSite@@UAGJABU_GUID@@PAPAX@Z 5f50e537 f occsite.obj
 0001:0000d55c       ?GetTypeInfoCount@XAmbientProps@COleControlSite@@UAGJPAI@Z 5f50e55c f occsite.obj
 0001:0000d568       ?GetTypeInfo@XAmbientProps@COleControlSite@@UAGJIKPAPAUITypeInfo@@@Z 5f50e568 f occsite.obj
 0001:0000d574       ?GetIDsOfNames@XAmbientProps@COleControlSite@@UAGJABU_GUID@@PAPAGIKPAJ@Z 5f50e574 f occsite.obj
 0001:0000d580       ?Invoke@XAmbientProps@COleControlSite@@UAGJJABU_GUID@@KGPAUtagDISPPARAMS@@PAUtagVARIANT@@PAUtagEXCEPINFO@@PAI@Z 5f50e580 f occsite.obj
 0001:0000d6b0       ?QueryInterface@XPropertyNotifySink@COleControlSite@@UAGJABU_GUID@@PAPAX@Z 5f50e6b0 f occsite.obj
 0001:0000d70c       ?AddRef@XPropertyNotifySink@COleControlSite@@UAGKXZ 5f50e70c f occsite.obj
 0001:0000d718       ?Release@XPropertyNotifySink@COleControlSite@@UAGKXZ 5f50e718 f occsite.obj
 0001:0000d721       ?OnChanged@XPropertyNotifySink@COleControlSite@@UAGJJ@Z 5f50e721 f occsite.obj
 0001:0000d931       ?OnRequestEdit@XPropertyNotifySink@COleControlSite@@UAGJJ@Z 5f50e931 f occsite.obj
 0001:0000da09       ?AddRef@XEventSink@COleControlSite@@UAGKXZ 5f50ea09 f occsite.obj
 0001:0000da15       ?Release@XEventSink@COleControlSite@@UAGKXZ 5f50ea15 f occsite.obj
 0001:0000da1e       ?QueryInterface@XEventSink@COleControlSite@@UAGJABU_GUID@@PAPAX@Z 5f50ea1e f occsite.obj
 0001:0000da91       ?GetTypeInfoCount@XEventSink@COleControlSite@@UAGJPAI@Z 5f50ea91 f occsite.obj
 0001:0000da9d       ?GetTypeInfo@XEventSink@COleControlSite@@UAGJIKPAPAUITypeInfo@@@Z 5f50ea9d f occsite.obj
 0001:0000daa9       ?GetIDsOfNames@XEventSink@COleControlSite@@UAGJABU_GUID@@PAPAGIKPAJ@Z 5f50eaa9 f occsite.obj
 0001:0000dab5       ?Invoke@XEventSink@COleControlSite@@UAGJJABU_GUID@@KGPAUtagDISPPARAMS@@PAUtagVARIANT@@PAUtagEXCEPINFO@@PAI@Z 5f50eab5 f occsite.obj
 0001:0000dbc6       ??0CDataSourceControl@@QAE@PAVCOleControlSite@@@Z 5f50ebc6 f occsite.obj
 0001:0000dca2       ??1CDataSourceControl@@QAE@XZ 5f50eca2 f occsite.obj
 0001:0000de75       ?Initialize@CDataSourceControl@@QAEJXZ 5f50ee75 f occsite.obj
 0001:0000dff1       ?GetCursor@CDataSourceControl@@UAEPAUICursor@@XZ 5f50eff1 f occsite.obj
 0001:0000e0d0       ?GetMetaData@CDataSourceControl@@QAEJXZ 5f50f0d0 f occsite.obj
 0001:0000e4ac       ?CopyColumnID@CDataSourceControl@@QAEHPAUtagDBCOLUMNID@@PBU2@@Z 5f50f4ac f occsite.obj
 0001:0000e577       ?BindProp@CDataSourceControl@@UAEXPAVCOleControlSite@@H@Z 5f50f577 f occsite.obj
 0001:0000e752       ?BindProp@CDataSourceControl@@UAEXPAVCDataBoundProperty@@H@Z 5f50f752 f occsite.obj
 0001:0000e7e3       ?BindColumns@CDataSourceControl@@UAEXXZ 5f50f7e3 f occsite.obj
 0001:0000eaba       ?GetBoundClientRow@CDataSourceControl@@QAEJXZ 5f50faba f occsite.obj
 0001:0000eb3d       ?UpdateControls@CDataSourceControl@@UAEJXZ 5f50fb3d f occsite.obj
 0001:0000ecd0       ?UpdateCursor@CDataSourceControl@@UAEJXZ 5f50fcd0 f occsite.obj
 0001:0000f066       ??0CDataBoundProperty@@QAE@PAV0@JG@Z 5f510066 f occsite.obj
 0001:0000f0b0       ?SetClientSite@CDataBoundProperty@@QAEXPAVCOleControlSite@@@Z 5f5100b0 f occsite.obj
 0001:0000f0c5       ?SetDSCSite@CDataBoundProperty@@QAEXPAVCOleControlSite@@@Z 5f5100c5 f occsite.obj
 0001:0000f0f0       ?GetNext@CDataBoundProperty@@QAEPAV1@XZ 5f5100f0 f occsite.obj
 0001:0000f101       ?RemoveSource@CDataBoundProperty@@QAEXXZ 5f510101 f occsite.obj
 0001:0000f11e       ?Notify@CDataBoundProperty@@QAEXXZ 5f51011e f occsite.obj
 0001:0000f1bf       ?GetCursor@CDataBoundProperty@@QAEPAUICursor@@XZ 5f5101bf f occsite.obj
 0001:0000f26f       ?GetCursor@COleControlSite@@IAEJJPAPAUICursor@@PAPAX@Z 5f51026f f occsite.obj
 0001:0000f2ca       ?AddRef@XBoundObjectSite@COleControlSite@@UAGKXZ 5f5102ca f occsite.obj
 0001:0000f333       ?Release@XBoundObjectSite@COleControlSite@@UAGKXZ 5f510333 f occsite.obj
 0001:0000f39c       ?QueryInterface@XBoundObjectSite@COleControlSite@@UAGJABU_GUID@@PAPAX@Z 5f51039c f occsite.obj
 0001:0000f40d       ?GetCursor@XBoundObjectSite@COleControlSite@@UAGJJPAPAUICursor@@PAPAX@Z 5f51040d f occsite.obj
 0001:0000f482       ?AddRef@XNotifyDBEvents@COleControlSite@@UAGKXZ 5f510482 f occsite.obj
 0001:0000f48e       ?Release@XNotifyDBEvents@COleControlSite@@UAGKXZ 5f51048e f occsite.obj
 0001:0000f497       ?QueryInterface@XNotifyDBEvents@COleControlSite@@UAGJABU_GUID@@PAPAX@Z 5f510497 f occsite.obj
 0001:0000f4f3       ?OKToDo@XNotifyDBEvents@COleControlSite@@UAGJKKQAUtagDBNOTIFYREASON@@@Z 5f5104f3 f occsite.obj
 0001:0000f662       ?Cancelled@XNotifyDBEvents@COleControlSite@@UAGJKKQAUtagDBNOTIFYREASON@@@Z 5f510662 f occsite.obj
 0001:0000f700       ?SyncBefore@XNotifyDBEvents@COleControlSite@@UAGJKKQAUtagDBNOTIFYREASON@@@Z 5f510700 f occsite.obj
 0001:0000f81b       ?AboutToDo@XNotifyDBEvents@COleControlSite@@UAGJKKQAUtagDBNOTIFYREASON@@@Z 5f51081b f occsite.obj
 0001:0000f8b9       ?FailedToDo@XNotifyDBEvents@COleControlSite@@UAGJKKQAUtagDBNOTIFYREASON@@@Z 5f5108b9 f occsite.obj
 0001:0000f957       ?SyncAfter@XNotifyDBEvents@COleControlSite@@UAGJKKQAUtagDBNOTIFYREASON@@@Z 5f510957 f occsite.obj
 0001:0000fac0       ?DidEvent@XNotifyDBEvents@COleControlSite@@UAGJKKQAUtagDBNOTIFYREASON@@@Z 5f510ac0 f occsite.obj
 0001:0000fbc9       ?FireEvent@XNotifyDBEvents@COleControlSite@@QAEJKKQAUtagDBNOTIFYREASON@@W4DSCSTATE@@@Z 5f510bc9 f occsite.obj
 0001:0000fd20       ??_ECOleControlSite@@UAEPAXI@Z 5f510d20 f occsite.obj
 0001:0000fd20       ??_GCOleControlSite@@UAEPAXI@Z 5f510d20 f occsite.obj
 0001:0000fd50       ??0XOleClientSite@COleControlSite@@QAE@XZ 5f510d50 f occsite.obj
 0001:0000fd70       ??0XOleIPSite@COleControlSite@@QAE@XZ 5f510d70 f occsite.obj
 0001:0000fd90       ??0XOleControlSite@COleControlSite@@QAE@XZ 5f510d90 f occsite.obj
 0001:0000fdb0       ??0XAmbientProps@COleControlSite@@QAE@XZ 5f510db0 f occsite.obj
 0001:0000fdd0       ??0XPropertyNotifySink@COleControlSite@@QAE@XZ 5f510dd0 f occsite.obj
 0001:0000fdf0       ??0XEventSink@COleControlSite@@QAE@XZ 5f510df0 f occsite.obj
 0001:0000fe10       ??0XBoundObjectSite@COleControlSite@@QAE@XZ 5f510e10 f occsite.obj
 0001:0000fe30       ??0XNotifyDBEvents@COleControlSite@@QAE@XZ 5f510e30 f occsite.obj
 0001:0000fe50       ??0IOleControlSite@@QAE@XZ 5f510e50 f occsite.obj
 0001:0000fe70       ??0IPropertyNotifySink@@QAE@XZ 5f510e70 f occsite.obj
 0001:0000fe90       ??0IBoundObjectSite@@QAE@XZ 5f510e90 f occsite.obj
 0001:0000feb0       ??0INotifyDBEvents@@QAE@XZ 5f510eb0 f occsite.obj
 0001:0000fed0       ??_GCDataSourceControl@@QAEPAXI@Z 5f510ed0 f occsite.obj
 0001:0000ff00       ??_GCDataBoundProperty@@QAEPAXI@Z 5f510f00 f occsite.obj
 0001:0000ff30       ??1CDataBoundProperty@@QAE@XZ 5f510f30 f occsite.obj
 0001:0000ff40       ??0AFX_EVENT@@QAE@HJPAUtagDISPPARAMS@@PAUtagEXCEPINFO@@PAI@Z 5f510f40 f occsite.obj
 0001:0000ffa0       ??0AFX_EVENT@@QAE@H@Z      5f510fa0 f occsite.obj
 0001:00010000       ??0COleControlLock@@QAE@ABU_GUID@@@Z 5f511000 f occlock.obj
 0001:000100e5       ??1COleControlLock@@UAE@XZ 5f5110e5 f occlock.obj
 0001:00010132       ?AfxOleLockControl@@YGHABU_GUID@@@Z 5f511132 f occlock.obj
 0001:0001025a       ?AfxOleLockControl@@YGHPBG@Z 5f51125a f occlock.obj
 0001:00010289       ?AfxOleUnlockControl@@YGHPBG@Z 5f511289 f occlock.obj
 0001:000102b8       ?AfxOleUnlockControl@@YGHABU_GUID@@@Z 5f5112b8 f occlock.obj
 0001:00010366       ?AfxOleUnlockAllControls@@YGXXZ 5f511366 f occlock.obj
 0001:00010410       ??_GCOleControlLock@@UAEPAXI@Z 5f511410 f occlock.obj
 0001:00010410       ??_ECOleControlLock@@UAEPAXI@Z 5f511410 f occlock.obj
 0001:00010440       ?DDX_OCText@@YGXPAVCDataExchange@@HJAAVCString@@@Z 5f511440 f occddx.obj
 0001:00010490       ?DDX_OCTextRO@@YGXPAVCDataExchange@@HJAAVCString@@@Z 5f511490 f occddx.obj
 0001:000104e5       ?DDX_OCBool@@YGXPAVCDataExchange@@HJAAH@Z 5f5114e5 f occddx.obj
 0001:00010532       ?DDX_OCBoolRO@@YGXPAVCDataExchange@@HJAAH@Z 5f511532 f occddx.obj
 0001:00010553       ?DDX_OCInt@@YGXPAVCDataExchange@@HJAAH@Z 5f511553 f occddx.obj
 0001:000105a0       ?DDX_OCIntRO@@YGXPAVCDataExchange@@HJAAH@Z 5f5115a0 f occddx.obj
 0001:000105c1       ?DDX_OCInt@@YGXPAVCDataExchange@@HJAAJ@Z 5f5115c1 f occddx.obj
 0001:0001060e       ?DDX_OCIntRO@@YGXPAVCDataExchange@@HJAAJ@Z 5f51160e f occddx.obj
 0001:0001062f       ?DDX_OCShort@@YGXPAVCDataExchange@@HJAAF@Z 5f51162f f occddx.obj
 0001:0001067d       ?DDX_OCShortRO@@YGXPAVCDataExchange@@HJAAF@Z 5f51167d f occddx.obj
 0001:0001069e       ?DDX_OCColor@@YGXPAVCDataExchange@@HJAAK@Z 5f51169e f occddx.obj
 0001:000106eb       ?DDX_OCColorRO@@YGXPAVCDataExchange@@HJAAK@Z 5f5116eb f occddx.obj
 0001:00010710       ?DDX_OCFloat@@YGXPAVCDataExchange@@HJAAM@Z 5f511710 f occddxf.obj
 0001:00010762       ?DDX_OCFloatRO@@YGXPAVCDataExchange@@HJAAM@Z 5f511762 f occddxf.obj
 0001:00010795       ?DDX_OCFloat@@YGXPAVCDataExchange@@HJAAN@Z 5f511795 f occddxf.obj
 0001:000107e6       ?DDX_OCFloatRO@@YGXPAVCDataExchange@@HJAAN@Z 5f5117e6 f occddxf.obj
 0001:00010820       ?IsMatchingMnemonic@COccManager@@SAHPAVCWnd@@PAUtagMSG@@@Z 5f511820 f occdlg.obj
 0001:00010857       ?IsLabelControl@COccManager@@SAHPAVCWnd@@@Z 5f511857 f occdlg.obj
 0001:00010899       ?UIActivateControl@COccManager@@KAXPAVCWnd@@@Z 5f511899 f occdlg.obj
 0001:0001091e       ?UIDeactivateIfNecessary@COccManager@@KAXPAVCWnd@@0@Z 5f51191e f occdlg.obj
 0001:000109e7       ?FindDlgItem@@YAPAVCWnd@@PAV1@K@Z 5f5119e7 f occdlg.obj
 0001:00010bdd       ?SetDefaultButton@COccManager@@SAXPAVCWnd@@H@Z 5f511bdd f occdlg.obj
 0001:00010c8b       ?GetDefBtnCode@COccManager@@SAKPAVCWnd@@@Z 5f511c8b f occdlg.obj
 0001:00010cc1       ?IsDialogMessageW@COccManager@@UAEHPAVCWnd@@PAUtagMSG@@@Z 5f511cc1 f occdlg.obj
 0001:00011580       ?IsControlParent@@YAHPAVCWnd@@@Z 5f512580 f occdlg.obj
 0001:000115a0       ?TestExStyle@@YAKPAVCWnd@@K@Z 5f5125a0 f occdlg.obj
 0001:000115c0       ?HasChildStyle@@YAHPAVCWnd@@@Z 5f5125c0 f occdlg.obj
 0001:000115f0       ?TestStyle@@YAKPAVCWnd@@K@Z 5f5125f0 f occdlg.obj
 0001:00011610       ?OnSaveViewState@CDocObjectServer@@MAEXAAVCArchive@@@Z 5f512610 f oledocvw.obj
 0001:0001161d       ?OnApplyViewState@CDocObjectServer@@MAEXAAVCArchive@@@Z 5f51261d f oledocvw.obj
 0001:0001162a       ?OnActivateView@CDocObjectServer@@MAEJXZ 5f51262a f oledocvw.obj
 0001:00011d8e       ?AddRef@XOleDocumentView@CDocObjectServer@@UAGKXZ 5f512d8e f oledocvw.obj
 0001:00011df8       ?Release@XOleDocumentView@CDocObjectServer@@UAGKXZ 5f512df8 f oledocvw.obj
 0001:00011e62       ?QueryInterface@XOleDocumentView@CDocObjectServer@@UAGJABU_GUID@@PAPAX@Z 5f512e62 f oledocvw.obj
 0001:00011ed4       ?SetInPlaceSite@XOleDocumentView@CDocObjectServer@@UAGJPAUIOleInPlaceSite@@@Z 5f512ed4 f oledocvw.obj
 0001:00011fb3       ?GetInPlaceSite@XOleDocumentView@CDocObjectServer@@UAGJPAPAUIOleInPlaceSite@@@Z 5f512fb3 f oledocvw.obj
 0001:00012075       ?GetDocument@XOleDocumentView@CDocObjectServer@@UAGJPAPAUIUnknown@@@Z 5f513075 f oledocvw.obj
 0001:0001214d       ?OnSetItemRects@CDocObjectServer@@IAEXPAUtagRECT@@0@Z 5f51314d f oledocvw.obj
 0001:00012176       ?SetRect@XOleDocumentView@CDocObjectServer@@UAGJPAUtagRECT@@@Z 5f513176 f oledocvw.obj
 0001:0001227b       ?GetRect@XOleDocumentView@CDocObjectServer@@UAGJPAUtagRECT@@@Z 5f51327b f oledocvw.obj
 0001:00012326       ?SetRectComplex@XOleDocumentView@CDocObjectServer@@UAGJPAUtagRECT@@000@Z 5f513326 f oledocvw.obj
 0001:0001239c       ?Show@XOleDocumentView@CDocObjectServer@@UAGJH@Z 5f51339c f oledocvw.obj
 0001:0001244c       ?UIActivate@XOleDocumentView@CDocObjectServer@@UAGJH@Z 5f51344c f oledocvw.obj
 0001:000124fd       ?Open@XOleDocumentView@CDocObjectServer@@UAGJXZ 5f5134fd f oledocvw.obj
 0001:00012573       ?CloseView@XOleDocumentView@CDocObjectServer@@UAGJK@Z 5f513573 f oledocvw.obj
 0001:00012607       ?SaveViewState@XOleDocumentView@CDocObjectServer@@UAGJPAUIStream@@@Z 5f513607 f oledocvw.obj
 0001:000127c5       ?ApplyViewState@XOleDocumentView@CDocObjectServer@@UAGJPAUIStream@@@Z 5f5137c5 f oledocvw.obj
 0001:00012983       ?Clone@XOleDocumentView@CDocObjectServer@@UAGJPAUIOleInPlaceSite@@PAPAUIOleDocumentView@@@Z 5f513983 f oledocvw.obj
 0001:00012a00       ?_GetBaseClass@CDocObjectServer@@KGPAUCRuntimeClass@@XZ 5f513a00 f oledocob.obj
 0001:00012a0a       ?GetRuntimeClass@CDocObjectServer@@UBEPAUCRuntimeClass@@XZ 5f513a0a f oledocob.obj
 0001:00012a1a       ?_GetBaseMessageMap@CDocObjectServer@@KGPBUAFX_MSGMAP@@XZ 5f513a1a f oledocob.obj
 0001:00012a24       ?GetMessageMap@CDocObjectServer@@MBEPBUAFX_MSGMAP@@XZ 5f513a24 f oledocob.obj
 0001:00012a34       ?_GetBaseInterfaceMap@CDocObjectServer@@KGPBUAFX_INTERFACEMAP@@XZ 5f513a34 f oledocob.obj
 0001:00012a3e       ?GetInterfaceMap@CDocObjectServer@@MBEPBUAFX_INTERFACEMAP@@XZ 5f513a3e f oledocob.obj
 0001:00012a4e       ??0CDocObjectServer@@QAE@PAVCOleServerDoc@@PAUIOleDocumentSite@@@Z 5f513a4e f oledocob.obj
 0001:00012b36       ??1CDocObjectServer@@UAE@XZ 5f513b36 f oledocob.obj
 0001:00012b87       ?ReleaseDocSite@CDocObjectServer@@QAEXXZ 5f513b87 f oledocob.obj
 0001:00012bb7       ?SetDocSite@CDocObjectServer@@QAEXPAUIOleDocumentSite@@@Z 5f513bb7 f oledocob.obj
 0001:00012bd5       ?OnCloseDocument@CDocObjectServer@@UAEXXZ 5f513bd5 f oledocob.obj
 0001:00012bfc       ?ActivateDocObject@CDocObjectServer@@QAEXXZ 5f513bfc f oledocob.obj
 0001:00012c70       ?OnExecOleCmd@CDocObjectServer@@IAGJPBU_GUID@@KKPAUtagVARIANT@@1@Z 5f513c70 f oledocob.obj
 0001:00012cd5       ?GetControllingFrame@CDocObjectServer@@QBEPAVCOleDocIPFrameWnd@@XZ 5f513cd5 f oledocob.obj
 0001:00012d5b       ?DoPreparePrinting@CDocObjectServer@@IAEHPAVCView@@PAUCPrintInfo@@@Z 5f513d5b f oledocob.obj
 0001:00012d7a       ?DoPrepareDC@CDocObjectServer@@IAEXPAVCView@@PAVCDC@@PAUCPrintInfo@@@Z 5f513d7a f oledocob.obj
 0001:00012d9d       ?DoPrint@CDocObjectServer@@IAEXPAVCView@@PAVCDC@@PAUCPrintInfo@@@Z 5f513d9d f oledocob.obj
 0001:00012dc0       ?DoBeginPrinting@CDocObjectServer@@IAEXPAVCView@@PAVCDC@@PAUCPrintInfo@@@Z 5f513dc0 f oledocob.obj
 0001:00012de3       ?DoEndPrinting@CDocObjectServer@@IAEXPAVCView@@PAVCDC@@PAUCPrintInfo@@@Z 5f513de3 f oledocob.obj
 0001:00012e06       ?AddRef@XPrint@CDocObjectServer@@UAGKXZ 5f513e06 f oledocob.obj
 0001:00012e70       ?Release@XPrint@CDocObjectServer@@UAGKXZ 5f513e70 f oledocob.obj
 0001:00012eda       ?QueryInterface@XPrint@CDocObjectServer@@UAGJABU_GUID@@PAPAX@Z 5f513eda f oledocob.obj
 0001:00012f49       ?SetInitialPageNum@XPrint@CDocObjectServer@@UAGJJ@Z 5f513f49 f oledocob.obj
 0001:00012fc8       ?GetPageInfo@XPrint@CDocObjectServer@@UAGJPAJ0@Z 5f513fc8 f oledocob.obj
 0001:0001311c       ?Print@XPrint@CDocObjectServer@@UAGJKPAPAUtagDVTARGETDEVICE@@PAPAUtagPAGESET@@PAUtagSTGMEDIUM@@PAUIContinueCallback@@JPAJ4@Z 5f51411c f oledocob.obj
 0001:00013c53       ?AddRef@XOleDocument@CDocObjectServer@@UAGKXZ 5f514c53 f oledocob.obj
 0001:00013cbd       ?Release@XOleDocument@CDocObjectServer@@UAGKXZ 5f514cbd f oledocob.obj
 0001:00013d27       ?QueryInterface@XOleDocument@CDocObjectServer@@UAGJABU_GUID@@PAPAX@Z 5f514d27 f oledocob.obj
 0001:00013d96       ?CreateView@XOleDocument@CDocObjectServer@@UAGJPAUIOleInPlaceSite@@PAUIStream@@KPAPAUIOleDocumentView@@@Z 5f514d96 f oledocob.obj
 0001:00013ecb       ?GetDocMiscStatus@XOleDocument@CDocObjectServer@@UAGJPAK@Z 5f514ecb f oledocob.obj
 0001:00013f70       ?EnumViews@XOleDocument@CDocObjectServer@@UAGJPAPAUIEnumOleDocumentViews@@PAPAUIOleDocumentView@@@Z 5f514f70 f oledocob.obj
 0001:0001404b       ?AddRef@XOleObject@CDocObjectServer@@UAGKXZ 5f51504b f oledocob.obj
 0001:000140b5       ?Release@XOleObject@CDocObjectServer@@UAGKXZ 5f5150b5 f oledocob.obj
 0001:0001411f       ?QueryInterface@XOleObject@CDocObjectServer@@UAGJABU_GUID@@PAPAX@Z 5f51511f f oledocob.obj
 0001:00014191       ?SetClientSite@XOleObject@CDocObjectServer@@UAGJPAUIOleClientSite@@@Z 5f515191 f oledocob.obj
 0001:00014277       ?GetClientSite@XOleObject@CDocObjectServer@@UAGJPAPAUIOleClientSite@@@Z 5f515277 f oledocob.obj
 0001:00014308       ?SetHostNames@XOleObject@CDocObjectServer@@UAGJPBG0@Z 5f515308 f oledocob.obj
 0001:0001439e       ?Close@XOleObject@CDocObjectServer@@UAGJK@Z 5f51539e f oledocob.obj
 0001:0001442f       ?SetMoniker@XOleObject@CDocObjectServer@@UAGJKPAUIMoniker@@@Z 5f51542f f oledocob.obj
 0001:000144c5       ?GetMoniker@XOleObject@CDocObjectServer@@UAGJKKPAPAUIMoniker@@@Z 5f5154c5 f oledocob.obj
 0001:0001455f       ?InitFromData@XOleObject@CDocObjectServer@@UAGJPAUIDataObject@@HK@Z 5f51555f f oledocob.obj
 0001:000145f9       ?GetClipboardData@XOleObject@CDocObjectServer@@UAGJKPAPAUIDataObject@@@Z 5f5155f9 f oledocob.obj
 0001:0001468f       ?DoVerb@XOleObject@CDocObjectServer@@UAGJJPAUtagMSG@@PAUIOleClientSite@@JPAUHWND__@@PBUtagRECT@@@Z 5f51568f f oledocob.obj
 0001:00014735       ?EnumVerbs@XOleObject@CDocObjectServer@@UAGJPAPAUIEnumOLEVERB@@@Z 5f515735 f oledocob.obj
 0001:000147c6       ?Update@XOleObject@CDocObjectServer@@UAGJXZ 5f5157c6 f oledocob.obj
 0001:00014854       ?IsUpToDate@XOleObject@CDocObjectServer@@UAGJXZ 5f515854 f oledocob.obj
 0001:000148e2       ?GetUserClassID@XOleObject@CDocObjectServer@@UAGJPAU_GUID@@@Z 5f5158e2 f oledocob.obj
 0001:00014973       ?GetUserType@XOleObject@CDocObjectServer@@UAGJKPAPAG@Z 5f515973 f oledocob.obj
 0001:00014a09       ?SetExtent@XOleObject@CDocObjectServer@@UAGJKPAUtagSIZE@@@Z 5f515a09 f oledocob.obj
 0001:00014ac9       ?GetExtent@XOleObject@CDocObjectServer@@UAGJKPAUtagSIZE@@@Z 5f515ac9 f oledocob.obj
 0001:00014b5f       ?Advise@XOleObject@CDocObjectServer@@UAGJPAUIAdviseSink@@PAK@Z 5f515b5f f oledocob.obj
 0001:00014bf5       ?Unadvise@XOleObject@CDocObjectServer@@UAGJK@Z 5f515bf5 f oledocob.obj
 0001:00014c86       ?EnumAdvise@XOleObject@CDocObjectServer@@UAGJPAPAUIEnumSTATDATA@@@Z 5f515c86 f oledocob.obj
 0001:00014d17       ?GetMiscStatus@XOleObject@CDocObjectServer@@UAGJKPAK@Z 5f515d17 f oledocob.obj
 0001:00014dad       ?SetColorScheme@XOleObject@CDocObjectServer@@UAGJPAUtagLOGPALETTE@@@Z 5f515dad f oledocob.obj
 0001:00014e3e       ?AssertValid@CDocObjectServer@@MBEXXZ 5f515e3e f oledocob.obj
 0001:00014e7a       ?Dump@CDocObjectServer@@MBEXAAVCDumpContext@@@Z 5f515e7a f oledocob.obj
 0001:00014ee1       ?_GetBaseClass@CDocObjectServerItem@@KGPAUCRuntimeClass@@XZ 5f515ee1 f oledocob.obj
 0001:00014eeb       ?GetRuntimeClass@CDocObjectServerItem@@UBEPAUCRuntimeClass@@XZ 5f515eeb f oledocob.obj
 0001:00014efb       ??0CDocObjectServerItem@@IAE@PAVCOleServerDoc@@H@Z 5f515efb f oledocob.obj
 0001:00014f24       ??1CDocObjectServerItem@@UAE@XZ 5f515f24 f oledocob.obj
 0001:00014f40       ?OnDoVerb@CDocObjectServerItem@@MAEXJ@Z 5f515f40 f oledocob.obj
 0001:00014f9b       ?OnHide@CDocObjectServerItem@@MAEXXZ 5f515f9b f oledocob.obj
 0001:00014fe6       ?OnOpen@CDocObjectServerItem@@MAEXXZ 5f515fe6 f oledocob.obj
 0001:0001502f       ?OnShow@CDocObjectServerItem@@MAEXXZ 5f51602f f oledocob.obj
 0001:00015078       ?AssertValid@CDocObjectServerItem@@UBEXXZ 5f516078 f oledocob.obj
 0001:0001508b       ?Dump@CDocObjectServerItem@@UBEXAAVCDumpContext@@@Z 5f51608b f oledocob.obj
 0001:000150b0       ??_GCDocObjectServer@@UAEPAXI@Z 5f5160b0 f oledocob.obj
 0001:000150b0       ??_ECDocObjectServer@@UAEPAXI@Z 5f5160b0 f oledocob.obj
 0001:000150e0       ??0XOleObject@CDocObjectServer@@QAE@XZ 5f5160e0 f oledocob.obj
 0001:00015100       ??0XOleDocument@CDocObjectServer@@QAE@XZ 5f516100 f oledocob.obj
 0001:00015120       ??0XOleDocumentView@CDocObjectServer@@QAE@XZ 5f516120 f oledocob.obj
 0001:00015140       ??0XOleCommandTarget@CDocObjectServer@@QAE@XZ 5f516140 f oledocob.obj
 0001:00015160       ??0XPrint@CDocObjectServer@@QAE@XZ 5f516160 f oledocob.obj
 0001:00015180       ??0IOleDocument@@QAE@XZ    5f516180 f oledocob.obj
 0001:000151a0       ??0IOleDocumentView@@QAE@XZ 5f5161a0 f oledocob.obj
 0001:000151c0       ??0IOleCommandTarget@@QAE@XZ 5f5161c0 f oledocob.obj
 0001:000151e0       ??0IPrint@@QAE@XZ          5f5161e0 f oledocob.obj
 0001:00015200       ??_ECDocObjectServerItem@@UAEPAXI@Z 5f516200 f oledocob.obj
 0001:00015200       ??_GCDocObjectServerItem@@UAEPAXI@Z 5f516200 f oledocob.obj
 0001:00015230       ?GetDocument@CDocObjectServerItem@@QBEPAVCOleServerDoc@@XZ 5f516230 f oledocob.obj
 0001:00015250       ??0COleCmdUI@@QAE@PAU_tagOLECMD@@KPBU_GUID@@@Z 5f516250 f oledoctg.obj
 0001:00015297       ?Enable@COleCmdUI@@UAEXH@Z 5f516297 f oledoctg.obj
 0001:0001532e       ?SetCheck@COleCmdUI@@UAEXH@Z 5f51632e f oledoctg.obj
 0001:000153e7       ?SetText@COleCmdUI@@UAEXPBG@Z 5f5163e7 f oledoctg.obj
 0001:00015403       ?DoUpdate@COleCmdUI@@UAEHPAVCCmdTarget@@H@Z 5f516403 f oledoctg.obj
 0001:0001558a       ?AddRef@XOleCommandTarget@CDocObjectServer@@UAGKXZ 5f51658a f oledoctg.obj
 0001:000155f4       ?Release@XOleCommandTarget@CDocObjectServer@@UAGKXZ 5f5165f4 f oledoctg.obj
 0001:0001565e       ?QueryInterface@XOleCommandTarget@CDocObjectServer@@UAGJABU_GUID@@PAPAX@Z 5f51665e f oledoctg.obj
 0001:000156d0       ?QueryStatus@XOleCommandTarget@CDocObjectServer@@UAGJPBU_GUID@@KQAU_tagOLECMD@@PAU_tagOLECMDTEXT@@@Z 5f5166d0 f oledoctg.obj
 0001:000158bf       ?Exec@XOleCommandTarget@CDocObjectServer@@UAGJPBU_GUID@@KKPAUtagVARIANT@@1@Z 5f5168bf f oledoctg.obj
 0001:00015a60       ??1COleCmdUI@@QAE@XZ       5f516a60 f oledoctg.obj
 0001:00015a80       ?CreateObject@COleDocIPFrameWnd@@SGPAVCObject@@XZ 5f516a80 f oledocip.obj
 0001:00015abb       ?_GetBaseClass@COleDocIPFrameWnd@@KGPAUCRuntimeClass@@XZ 5f516abb f oledocip.obj
 0001:00015ac5       ?GetRuntimeClass@COleDocIPFrameWnd@@UBEPAUCRuntimeClass@@XZ 5f516ac5 f oledocip.obj
 0001:00015ad5       ?_GetBaseMessageMap@COleDocIPFrameWnd@@KGPBUAFX_MSGMAP@@XZ 5f516ad5 f oledocip.obj
 0001:00015adf       ?GetMessageMap@COleDocIPFrameWnd@@MBEPBUAFX_MSGMAP@@XZ 5f516adf f oledocip.obj
 0001:00015aef       ??0COleDocIPFrameWnd@@QAE@XZ 5f516aef f oledocip.obj
 0001:00015b1b       ??1COleDocIPFrameWnd@@UAE@XZ 5f516b1b f oledocip.obj
 0001:00015b37       ?OnRequestPositionChange@COleDocIPFrameWnd@@MAEXPBUtagRECT@@@Z 5f516b37 f oledocip.obj
 0001:00015baf       ?RecalcLayout@COleDocIPFrameWnd@@MAEXH@Z 5f516baf f oledocip.obj
 0001:00015e09       ?BuildSharedMenu@COleDocIPFrameWnd@@MAEHXZ 5f516e09 f oledocip.obj
 0001:00016014       ?DestroySharedMenu@COleDocIPFrameWnd@@MAEXXZ 5f517014 f oledocip.obj
 0001:00016194       ?AssertValid@COleDocIPFrameWnd@@UBEXXZ 5f517194 f oledocip.obj
 0001:000161a7       ?Dump@COleDocIPFrameWnd@@UBEXAAVCDumpContext@@@Z 5f5171a7 f oledocip.obj
 0001:000161c0       ??0?$CIP@UIUnknown@@$1?IID_IUnknown@@3U_GUID@@B@@QAE@PAUIUnknown@@H@Z 5f5171c0 f oleasmon.obj
 0001:000161e0       ?GetHead@?$CTypedSimpleList@PAVCOleObjectFactory@@@@QAEPAVCOleObjectFactory@@XZ 5f5171e0 f oleasmon.obj
 0001:000161e0       ??B?$CTypedSimpleList@PAVCDynLinkLibrary@@@@QAEPAVCDynLinkLibrary@@XZ 5f5171e0 f oleasmon.obj
 0001:000161e0       ??B?$CIP@UIUnknown@@$1?IID_IUnknown@@3U_GUID@@B@@QAEPAUIUnknown@@XZ 5f5171e0 f oleasmon.obj
 0001:000161e0       ??B?$CTypedSimpleList@PAVCOleControlLock@@@@QAEPAVCOleControlLock@@XZ 5f5171e0 f oleasmon.obj
 0001:000161e0       ??B?$CTypedSimpleList@PAVCOleObjectFactory@@@@QAEPAVCOleObjectFactory@@XZ 5f5171e0 f oleasmon.obj
 0001:000161e0       ?GetHead@?$CTypedSimpleList@PAUCRuntimeClass@@@@QAEPAUCRuntimeClass@@XZ 5f5171e0 f oleasmon.obj
 0001:000161e0       ??B?$CTypedSimpleList@PAUCRuntimeClass@@@@QAEPAUCRuntimeClass@@XZ 5f5171e0 f oleasmon.obj
 0001:00016200       ??0?$_CIP@UIUnknown@@$1?IID_IUnknown@@3U_GUID@@B@@QAE@PAUIUnknown@@H@Z 5f517200 f oleasmon.obj
 0001:00016250       ??C?$_CIP@UIBinding@@$1?IID_IBinding@@3U_GUID@@B@@QBEPAUIBinding@@XZ 5f517250 f oleasmon.obj
 0001:00016290       ??0?$CIP@UIBinding@@$1?IID_IBinding@@3U_GUID@@B@@QAE@XZ 5f517290 f oleasmon.obj
 0001:000162b0       ?_Release@?$_CIP@UIBinding@@$1?IID_IBinding@@3U_GUID@@B@@AAEXXZ 5f5172b0 f oleasmon.obj
 0001:000162b0       ?_Release@?$_CIP@UIUnknown@@$1?IID_IUnknown@@3U_GUID@@B@@AAEXXZ 5f5172b0 f oleasmon.obj
 0001:000162b0       ?_Release@?$_CIP@UIMoniker@@$1?IID_IMoniker@@3U_GUID@@B@@AAEXXZ 5f5172b0 f oleasmon.obj
 0001:000162e0       ?AddRef@XOleCache@COleControl@@UAGKXZ 5f5172e0 f ctlcache.obj
 0001:000162fd       ?Release@XOleCache@COleControl@@UAGKXZ 5f5172fd f ctlcache.obj
 0001:0001631a       ?QueryInterface@XOleCache@COleControl@@UAGJABU_GUID@@PAPAX@Z 5f51731a f ctlcache.obj
 0001:0001633f       ?Cache@XOleCache@COleControl@@UAGJPAUtagFORMATETC@@KPAK@Z 5f51733f f ctlcache.obj
 0001:0001639a       ?Uncache@XOleCache@COleControl@@UAGJK@Z 5f51739a f ctlcache.obj
 0001:000163ed       ?EnumCache@XOleCache@COleControl@@UAGJPAPAUIEnumSTATDATA@@@Z 5f5173ed f ctlcache.obj
 0001:00016440       ?InitCache@XOleCache@COleControl@@UAGJPAUIDataObject@@@Z 5f517440 f ctlcache.obj
 0001:00016493       ?SetData@XOleCache@COleControl@@UAGJPAUtagFORMATETC@@PAUtagSTGMEDIUM@@H@Z 5f517493 f ctlcache.obj
 0001:000164f0       ?_GetBaseInterfaceMap@COleControl@@KGPBUAFX_INTERFACEMAP@@XZ 5f5174f0 f ctlcore.obj
 0001:000164fa       ?GetInterfaceMap@COleControl@@MBEPBUAFX_INTERFACEMAP@@XZ 5f5174fa f ctlcore.obj
 0001:0001650a       ?_GetBaseMessageMap@COleControl@@KGPBUAFX_MSGMAP@@XZ 5f51750a f ctlcore.obj
 0001:00016514       ?GetMessageMap@COleControl@@MBEPBUAFX_MSGMAP@@XZ 5f517514 f ctlcore.obj
 0001:00016524       ??0COleControl@@QAE@XZ     5f517524 f ctlcore.obj
 0001:00016a49       ??1COleControl@@UAE@XZ     5f517a49 f ctlcore.obj
 0001:00017052       ?OnFinalRelease@COleControl@@MAEXXZ 5f518052 f ctlcore.obj
 0001:0001709f       ?GetInterfaceHook@COleControl@@MAEPAUIUnknown@@PBX@Z 5f51809f f ctlcore.obj
 0001:00017148       ?SetInitialSize@COleControl@@QAEXHH@Z 5f518148 f ctlcore.obj
 0001:0001718a       ?GetDispatchIID@COleControl@@MAEHPAU_GUID@@@Z 5f51818a f ctlcore.obj
 0001:000171cd       ?InitializeIIDs@COleControl@@QAEXPBU_GUID@@0@Z 5f5181cd f ctlcore.obj
 0001:00017332       ?AssertValid@COleControl@@UBEXXZ 5f518332 f ctlcore.obj
 0001:00017345       ?_AfxDumpGuid@@YGXAAVCDumpContext@@PBU_GUID@@@Z 5f518345 f ctlcore.obj
 0001:00017392       ?_AfxDumpHex@@YGXAAVCDumpContext@@K@Z 5f518392 f ctlcore.obj
 0001:000173c0       ?Dump@COleControl@@UBEXAAVCDumpContext@@@Z 5f5183c0 f ctlcore.obj
 0001:0001768f       ?_AfxFillPSOnStack@@YGXXZ  5f51868f f ctlcore.obj
 0001:000176ff       ?DoSuperclassPaint@COleControl@@QAEXPAVCDC@@ABVCRect@@@Z 5f5186ff f ctlcore.obj
 0001:00017848       ?IsSubclassedControl@COleControl@@UAEHXZ 5f518848 f ctlcore.obj
 0001:0001788f       ?CreateControlWindow@COleControl@@MAEHPAUHWND__@@ABVCRect@@PBUtagRECT@@@Z 5f51888f f ctlcore.obj
 0001:00017c5c       ?ReparentControlWindow@COleControl@@UAEXPAUHWND__@@0@Z 5f518c5c f ctlcore.obj
 0001:00017c77       ?GetControlSize@COleControl@@QAEXPAH0@Z 5f518c77 f ctlcore.obj
 0001:00017d25       ?SetControlSize@COleControl@@QAEHHH@Z 5f518d25 f ctlcore.obj
 0001:00017d74       ?ResizeOpenControl@COleControl@@IAEXHH@Z 5f518d74 f ctlcore.obj
 0001:00017dd0       ?SetRectInContainer@COleControl@@QAEHPBUtagRECT@@@Z 5f518dd0 f ctlcore.obj
 0001:00017e62       ?OnResetState@COleControl@@UAEXXZ 5f518e62 f ctlcore.obj
 0001:00017e95       ?_AfxDrawBorders@@YGXPAVCDC@@AAVCRect@@HH@Z 5f518e95 f ctlcore.obj
 0001:00017ef6       ?DrawContent@COleControl@@IAEXPAVCDC@@AAVCRect@@@Z 5f518ef6 f ctlcore.obj
 0001:00017fff       ?DrawMetafile@COleControl@@IAEXPAVCDC@@AAVCRect@@@Z 5f518fff f ctlcore.obj
 0001:000180b9       ?OnDraw@COleControl@@UAEXPAVCDC@@ABVCRect@@1@Z 5f5190b9 f ctlcore.obj
 0001:000180c6       ?OnDrawMetafile@COleControl@@UAEXPAVCDC@@ABVCRect@@@Z 5f5190c6 f ctlcore.obj
 0001:000180ed       ?GetMetafileData@COleControl@@IAEHPAUtagFORMATETC@@PAUtagSTGMEDIUM@@@Z 5f5190ed f ctlcore.obj
 0001:000183cc       ?OnCreateAggregates@COleControl@@MAEHXZ 5f5193cc f ctlcore.obj
 0001:000183dc       ?QueryDefHandler@COleControl@@IAEPAXABU_GUID@@@Z 5f5193dc f ctlcore.obj
 0001:00018496       ?InvalidateControl@COleControl@@QAEXPBUtagRECT@@H@Z 5f519496 f ctlcore.obj
 0001:000185c0       ?GetOuterWindow@COleControl@@IBEPAVCWnd@@XZ 5f5195c0 f ctlcore.obj
 0001:000185f0       ?OnReflectorDestroyed@COleControl@@MAEXXZ 5f5195f0 f ctlcore.obj
 0001:00018608       ?SaveState@COleControl@@IAEJPAUIStream@@@Z 5f519608 f ctlcore.obj
 0001:000186f1       ?LoadState@COleControl@@IAEJPAUIStream@@@Z 5f5196f1 f ctlcore.obj
 0001:00018852       ?SendAdvise@COleControl@@IAEXI@Z 5f519852 f ctlcore.obj
 0001:00018a24       ?OnHide@COleControl@@MAEJXZ 5f519a24 f ctlcore.obj
 0001:00018b4e       ?ResizeFrameWindow@COleControl@@MAEXHH@Z 5f519b4e f ctlcore.obj
 0001:00018bf3       ?OnOpen@COleControl@@MAEJHPAUtagMSG@@@Z 5f519bf3 f ctlcore.obj
 0001:00018d69       ?CreateFrameWindow@COleControl@@MAEPAVCControlFrameWnd@@XZ 5f519d69 f ctlcore.obj
 0001:00018dfe       ?OnFrameClose@COleControl@@MAEXXZ 5f519dfe f ctlcore.obj
 0001:00018e8c       ?GetRectInContainer@COleControl@@QAEHPAUtagRECT@@@Z 5f519e8c f ctlcore.obj
 0001:00018ed2       ?GetPropPageIDs@COleControl@@MAEPAU_GUID@@AAK@Z 5f519ed2 f ctlcore.obj
 0001:00018eea       ?OnEdit@COleControl@@UAEHPAUtagMSG@@PAUHWND__@@PBUtagRECT@@@Z 5f519eea f ctlcore.obj
 0001:00018f2a       ?_AfxGetTopLevelWindow@@YGPAUHWND__@@PAU1@@Z 5f519f2a f ctlcore.obj
 0001:00018f50       ?OnProperties@COleControl@@UAEHPAUtagMSG@@PAUHWND__@@PBUtagRECT@@@Z 5f519f50 f ctlcore.obj
 0001:00019093       ?GetControlFlags@COleControl@@UAEKXZ 5f51a093 f ctlcore.obj
 0001:000190a3       ?OnPaint@COleControl@@IAEXPAVCDC@@@Z 5f51a0a3 f ctlcore.obj
 0001:00019427       ?Serialize@COleControl@@MAEXAAVCArchive@@@Z 5f51a427 f ctlcore.obj
 0001:00019476       ?DoPropExchange@COleControl@@UAEXPAVCPropExchange@@@Z 5f51a476 f ctlcore.obj
 0001:000194d2       ?ControlInfoChanged@COleControl@@QAEXXZ 5f51a4d2 f ctlcore.obj
 0001:00019501       ?LockInPlaceActive@COleControl@@QAEHH@Z 5f51a501 f ctlcore.obj
 0001:00019543       ?GetExtendedControl@COleControl@@QAEPAUIDispatch@@XZ 5f51a543 f ctlcore.obj
 0001:00019582       ?TransformCoords@COleControl@@QAEXPAU_POINTL@@PAUtagPOINTF@@K@Z 5f51a582 f ctlcore.obj
 0001:00019605       ?AddRef@XOleControl@COleControl@@UAGKXZ 5f51a605 f ctlcore.obj
 0001:00019622       ?Release@XOleControl@COleControl@@UAGKXZ 5f51a622 f ctlcore.obj
 0001:0001963f       ?QueryInterface@XOleControl@COleControl@@UAGJABU_GUID@@PAPAX@Z 5f51a63f f ctlcore.obj
 0001:00019664       ?GetControlInfo@XOleControl@COleControl@@UAGJPAUtagCONTROLINFO@@@Z 5f51a664 f ctlcore.obj
 0001:000196db       ?OnMnemonic@XOleControl@COleControl@@UAGJPAUtagMSG@@@Z 5f51a6db f ctlcore.obj
 0001:00019752       ?OnAmbientPropertyChange@XOleControl@COleControl@@UAGJJ@Z 5f51a752 f ctlcore.obj
 0001:0001980b       ?FreezeEvents@XOleControl@COleControl@@UAGJH@Z 5f51a80b f ctlcore.obj
 0001:000198f1       ?OnGetControlInfo@COleControl@@UAEXPAUtagCONTROLINFO@@@Z 5f51a8f1 f ctlcore.obj
 0001:0001991b       ?OnMnemonic@COleControl@@UAEXPAUtagMSG@@@Z 5f51a91b f ctlcore.obj
 0001:00019928       ?OnAmbientPropertyChange@COleControl@@UAEXJ@Z 5f51a928 f ctlcore.obj
 0001:00019935       ?OnFreezeEvents@COleControl@@UAEXH@Z 5f51a935 f ctlcore.obj
 0001:00019942       ?OnSetClientSite@COleControl@@UAEXXZ 5f51a942 f ctlcore.obj
 0001:0001998c       ?GetClientSite@COleControl@@QAEPAUIOleClientSite@@XZ 5f51a98c f ctlcore.obj
 0001:000199a0       ?TranslateColor@COleControl@@QAEKKPAUHPALETTE__@@@Z 5f51a9a0 f ctlcore.obj
 0001:000199ca       ?Refresh@COleControl@@QAEXXZ 5f51a9ca f ctlcore.obj
 0001:000199f2       ?DoClick@COleControl@@QAEXXZ 5f51a9f2 f ctlcore.obj
 0001:00019a0d       ?OnNcCreate@COleControl@@IAEHPAUtagCREATESTRUCTW@@@Z 5f51aa0d f ctlcore.obj
 0001:00019a44       ?RecreateControlWindow@COleControl@@QAEXXZ 5f51aa44 f ctlcore.obj
 0001:00019d03       ?CreateWindowForSubclassedControl@COleControl@@IAEXXZ 5f51ad03 f ctlcore.obj
 0001:00019d8c       ?OnMouseActivate@COleControl@@IAEHPAVCWnd@@II@Z 5f51ad8c f ctlcore.obj
 0001:00019de8       ?PreModalDialog@COleControl@@QAEXPAUHWND__@@@Z 5f51ade8 f ctlcore.obj
 0001:00019e3d       ?PostModalDialog@COleControl@@QAEXPAUHWND__@@@Z 5f51ae3d f ctlcore.obj
 0001:00019e92       ?SetModifiedFlag@COleControl@@QAEXH@Z 5f51ae92 f ctlcore.obj
 0001:00019ec4       ?IsModified@COleControl@@QAEHXZ 5f51aec4 f ctlcore.obj
 0001:00019ede       ?WillAmbientsBeValidDuringLoad@COleControl@@QAEHXZ 5f51aede f ctlcore.obj
 0001:00019ef8       ?EnableSimpleFrame@COleControl@@QAEXXZ 5f51aef8 f ctlcore.obj
 0001:00019f1b       ?IgnoreWindowMessage@COleControl@@IAEHIIJPAJ@Z 5f51af1b f ctlcore.obj
 0001:00019fb8       ?WindowProc@COleControl@@UAEJIIJ@Z 5f51afb8 f ctlcore.obj
 0001:0001a286       ?DefWindowProcW@COleControl@@MAEJIIJ@Z 5f51b286 f ctlcore.obj
 0001:0001a2b4       ?OnCreate@COleControl@@IAEHPAUtagCREATESTRUCTW@@@Z 5f51b2b4 f ctlcore.obj
 0001:0001a2e3       ?OnSize@COleControl@@IAEXIHH@Z 5f51b2e3 f ctlcore.obj
 0001:0001a316       ?OnMove@COleControl@@IAEXHH@Z 5f51b316 f ctlcore.obj
 0001:0001a345       ?OnShowWindow@COleControl@@IAEXHI@Z 5f51b345 f ctlcore.obj
 0001:0001a374       ?OnInitMenuPopup@COleControl@@IAEXPAVCMenu@@IH@Z 5f51b374 f ctlcore.obj
 0001:0001a5a8       ?OnMenuSelect@COleControl@@IAEXIIPAUHMENU__@@@Z 5f51b5a8 f ctlcore.obj
 0001:0001a6f9       ?GetMessageString@COleControl@@UBEXIAAVCString@@@Z 5f51b6f9 f ctlcore.obj
 0001:0001a76a       ?OnSetMessageString@COleControl@@IAEJIJ@Z 5f51b76a f ctlcore.obj
 0001:0001a87b       ?OnEnterIdle@COleControl@@IAEXIPAVCWnd@@@Z 5f51b87b f ctlcore.obj
 0001:0001a8f1       ?AddRef@XSpecifyPropertyPages@COleControl@@UAGKXZ 5f51b8f1 f ctlcore.obj
 0001:0001a90e       ?Release@XSpecifyPropertyPages@COleControl@@UAGKXZ 5f51b90e f ctlcore.obj
 0001:0001a92b       ?QueryInterface@XSpecifyPropertyPages@COleControl@@UAGJABU_GUID@@PAPAX@Z 5f51b92b f ctlcore.obj
 0001:0001a950       ?GetPages@XSpecifyPropertyPages@COleControl@@UAGJPAUtagCAUUID@@@Z 5f51b950 f ctlcore.obj
 0001:0001aab2       ?OnDestroy@COleControl@@IAEXXZ 5f51bab2 f ctlcore.obj
 0001:0001ab11       ?OnKillFocus@COleControl@@IAEXPAVCWnd@@@Z 5f51bb11 f ctlcore.obj
 0001:0001ab50       ?OnSetFocus@COleControl@@IAEXPAVCWnd@@@Z 5f51bb50 f ctlcore.obj
 0001:0001ab8f       ?OnOcmCtlColorBtn@COleControl@@IAEJIJ@Z 5f51bb8f f ctlcore.obj
 0001:0001abb6       ?OnOcmCtlColorDlg@COleControl@@IAEJIJ@Z 5f51bbb6 f ctlcore.obj
 0001:0001abdd       ?OnOcmCtlColorEdit@COleControl@@IAEJIJ@Z 5f51bbdd f ctlcore.obj
 0001:0001ac04       ?OnOcmCtlColorListBox@COleControl@@IAEJIJ@Z 5f51bc04 f ctlcore.obj
 0001:0001ac2b       ?OnOcmCtlColorMsgBox@COleControl@@IAEJIJ@Z 5f51bc2b f ctlcore.obj
 0001:0001ac52       ?OnOcmCtlColorScrollBar@COleControl@@IAEJIJ@Z 5f51bc52 f ctlcore.obj
 0001:0001ac79       ?OnOcmCtlColorStatic@COleControl@@IAEJIJ@Z 5f51bc79 f ctlcore.obj
 0001:0001aca0       ?ThrowError@COleControl@@QAEXJII@Z 5f51bca0 f ctlcore.obj
 0001:0001acf0       ?ThrowError@COleControl@@QAEXJPBGI@Z 5f51bcf0 f ctlcore.obj
 0001:0001ad5a       ?IsInvokeAllowed@COleControl@@MAEHJ@Z 5f51bd5a f ctlcore.obj
 0001:0001ad80       ??_ECOleControl@@UAEPAXI@Z 5f51bd80 f ctlcore.obj
 0001:0001ad80       ??_GCOleControl@@UAEPAXI@Z 5f51bd80 f ctlcore.obj
 0001:0001adb0       ??0XPersistStorage@COleControl@@QAE@XZ 5f51bdb0 f ctlcore.obj
 0001:0001add0       ??0XPersistStreamInit@COleControl@@QAE@XZ 5f51bdd0 f ctlcore.obj
 0001:0001adf0       ??0XPersistMemory@COleControl@@QAE@XZ 5f51bdf0 f ctlcore.obj
 0001:0001ae10       ??0XPersistPropertyBag@COleControl@@QAE@XZ 5f51be10 f ctlcore.obj
 0001:0001ae30       ??0XOleObject@COleControl@@QAE@XZ 5f51be30 f ctlcore.obj
 0001:0001ae50       ??0XViewObject@COleControl@@QAE@XZ 5f51be50 f ctlcore.obj
 0001:0001ae70       ??0XDataObject@COleControl@@QAE@XZ 5f51be70 f ctlcore.obj
 0001:0001ae90       ??0XOleInPlaceObject@COleControl@@QAE@XZ 5f51be90 f ctlcore.obj
 0001:0001aeb0       ??0XOleInPlaceActiveObject@COleControl@@QAE@XZ 5f51beb0 f ctlcore.obj
 0001:0001aed0       ??0XOleCache@COleControl@@QAE@XZ 5f51bed0 f ctlcore.obj
 0001:0001aef0       ??0XOleControl@COleControl@@QAE@XZ 5f51bef0 f ctlcore.obj
 0001:0001af10       ??0XProvideClassInfo@COleControl@@QAE@XZ 5f51bf10 f ctlcore.obj
 0001:0001af30       ??0XSpecifyPropertyPages@COleControl@@QAE@XZ 5f51bf30 f ctlcore.obj
 0001:0001af50       ??0XPerPropertyBrowsing@COleControl@@QAE@XZ 5f51bf50 f ctlcore.obj
 0001:0001af70       ??0XFontNotification@COleControl@@QAE@XZ 5f51bf70 f ctlcore.obj
 0001:0001af90       ??0XQuickActivate@COleControl@@QAE@XZ 5f51bf90 f ctlcore.obj
 0001:0001afb0       ??0XPointerInactive@COleControl@@QAE@XZ 5f51bfb0 f ctlcore.obj
 0001:0001afd0       ??0IPersistStreamInit@@QAE@XZ 5f51bfd0 f ctlcore.obj
 0001:0001aff0       ??0IPersistMemory@@QAE@XZ  5f51bff0 f ctlcore.obj
 0001:0001b010       ??0IPersistPropertyBag@@QAE@XZ 5f51c010 f ctlcore.obj
 0001:0001b030       ??0IViewObjectEx@@QAE@XZ   5f51c030 f ctlcore.obj
 0001:0001b050       ??0IOleInPlaceObjectWindowless@@QAE@XZ 5f51c050 f ctlcore.obj
 0001:0001b070       ??0IOleCache@@QAE@XZ       5f51c070 f ctlcore.obj
 0001:0001b090       ??0IOleControl@@QAE@XZ     5f51c090 f ctlcore.obj
 0001:0001b0b0       ??0IProvideClassInfo2@@QAE@XZ 5f51c0b0 f ctlcore.obj
 0001:0001b0d0       ??0ISpecifyPropertyPages@@QAE@XZ 5f51c0d0 f ctlcore.obj
 0001:0001b0f0       ??0IPerPropertyBrowsing@@QAE@XZ 5f51c0f0 f ctlcore.obj
 0001:0001b110       ??0IQuickActivate@@QAE@XZ  5f51c110 f ctlcore.obj
 0001:0001b130       ??0IPointerInactive@@QAE@XZ 5f51c130 f ctlcore.obj
 0001:0001b150       ??0IViewObject2@@QAE@XZ    5f51c150 f ctlcore.obj
 0001:0001b170       ??0IProvideClassInfo@@QAE@XZ 5f51c170 f ctlcore.obj
 0001:0001b190       ??0IViewObject@@QAE@XZ     5f51c190 f ctlcore.obj
 0001:0001b1b0       ??0XEventConnPt@COleControl@@QAE@XZ 5f51c1b0 f ctlcore.obj
 0001:0001b1e0       ??0XPropConnPt@COleControl@@QAE@XZ 5f51c1e0 f ctlcore.obj
 0001:0001b210       ?GetIID@XPropConnPt@COleControl@@UAEABU_GUID@@XZ 5f51c210 f ctlcore.obj
 0001:0001b220       ??_GXEventConnPt@COleControl@@UAEPAXI@Z 5f51c220 f ctlcore.obj
 0001:0001b220       ??_GXPropConnPt@COleControl@@UAEPAXI@Z 5f51c220 f ctlcore.obj
 0001:0001b220       ??_EXPropConnPt@COleControl@@UAEPAXI@Z 5f51c220 f ctlcore.obj
 0001:0001b220       ??_EXEventConnPt@COleControl@@UAEPAXI@Z 5f51c220 f ctlcore.obj
 0001:0001b250       ??1XPropConnPt@COleControl@@UAE@XZ 5f51c250 f ctlcore.obj
 0001:0001b250       ??1XEventConnPt@COleControl@@UAE@XZ 5f51c250 f ctlcore.obj
 0001:0001b270       ?_AfxIsEqualGUID@@YAHABU_GUID@@0@Z 5f51c270 f ctlcore.obj
 0001:0001b2d0       ?GetData@?$CThreadLocal@V_AFXCTL_AMBIENT_CACHE@@@@QAEPAV_AFXCTL_AMBIENT_CACHE@@XZ 5f51c2d0 f ctlcore.obj
 0001:0001b320       ?CreateObject@?$CThreadLocal@V_AFXCTL_AMBIENT_CACHE@@@@SGPAVCNoTrackObject@@XZ 5f51c320 f ctlcore.obj
 0001:0001b390       ??0CReflectorWnd@@QAE@XZ   5f51c390 f ctlcore.obj
 0001:0001b3c0       ??_GCControlFrameWnd@@UAEPAXI@Z 5f51c3c0 f ctlcore.obj
 0001:0001b3c0       ??_GCReflectorWnd@@UAEPAXI@Z 5f51c3c0 f ctlcore.obj
 0001:0001b3c0       ??_ECReflectorWnd@@UAEPAXI@Z 5f51c3c0 f ctlcore.obj
 0001:0001b3c0       ??_ECControlFrameWnd@@UAEPAXI@Z 5f51c3c0 f ctlcore.obj
 0001:0001b3f0       ??0CParkingWnd@@QAE@XZ     5f51c3f0 f ctlcore.obj
 0001:0001b4b0       ??_ECParkingWnd@@UAEPAXI@Z 5f51c4b0 f ctlcore.obj
 0001:0001b4b0       ??_GCParkingWnd@@UAEPAXI@Z 5f51c4b0 f ctlcore.obj
 0001:0001b4e0       ??1CParkingWnd@@UAE@XZ     5f51c4e0 f ctlcore.obj
 0001:0001b530       ?_GetBaseConnectionMap@COleControl@@KGPBUAFX_CONNECTIONMAP@@XZ 5f51c530 f ctlconn.obj
 0001:0001b53a       ?GetConnectionMap@COleControl@@MBEPBUAFX_CONNECTIONMAP@@XZ 5f51c53a f ctlconn.obj
 0001:0001b54a       ?GetConnectionHook@COleControl@@MAEPAUIConnectionPoint@@ABU_GUID@@@Z 5f51c54a f ctlconn.obj
 0001:0001b583       ?GetExtraConnectionPoints@COleControl@@MAEHPAVCPtrArray@@@Z 5f51c583 f ctlconn.obj
 0001:0001b5a6       ?AddRef@XProvideClassInfo@COleControl@@UAGKXZ 5f51c5a6 f ctlconn.obj
 0001:0001b5c3       ?Release@XProvideClassInfo@COleControl@@UAGKXZ 5f51c5c3 f ctlconn.obj
 0001:0001b5e0       ?QueryInterface@XProvideClassInfo@COleControl@@UAGJABU_GUID@@PAPAX@Z 5f51c5e0 f ctlconn.obj
 0001:0001b605       ?GetClassInfoW@XProvideClassInfo@COleControl@@UAGJPAPAUITypeInfo@@@Z 5f51c605 f ctlconn.obj
 0001:0001b68f       ?GetGUID@XProvideClassInfo@COleControl@@UAGJKPAU_GUID@@@Z 5f51c68f f ctlconn.obj
 0001:0001b6f8       ?OnAdvise@XEventConnPt@COleControl@@UAEXH@Z 5f51c6f8 f ctlconn.obj
 0001:0001b768       ?GetIID@XEventConnPt@COleControl@@UAEABU_GUID@@XZ 5f51c768 f ctlconn.obj
 0001:0001b796       ?QuerySinkInterface@XEventConnPt@COleControl@@UAEPAUIUnknown@@PAU3@@Z 5f51c796 f ctlconn.obj
 0001:0001b7e8       ?OnEventAdvise@COleControl@@UAEXH@Z 5f51c7e8 f ctlconn.obj
 0001:0001b7f5       ?AfxConnectionAdvise@@YGHPAUIUnknown@@ABU_GUID@@0HPAK@Z 5f51c7f5 f ctlconn.obj
 0001:0001b989       ?AfxConnectionUnadvise@@YGHPAUIUnknown@@ABU_GUID@@0HK@Z 5f51c989 f ctlconn.obj
 0001:0001bb00       ?_AfxRegisterClipFormat@@YGGABU_GUID@@@Z 5f51cb00 f ctldata.obj
 0001:0001bb8a       ?_AfxGetClipboardFormatConvertVBX@@YGGXZ 5f51cb8a f ctldata.obj
 0001:0001bbdb       ?_AfxGetClipboardFormatPersistPropset@@YGGXZ 5f51cbdb f ctldata.obj
 0001:0001bc2c       ?_AfxOleMatchPropsetClipFormat@@YGHGPAU_GUID@@@Z 5f51cc2c f ctldata.obj
 0001:0001bcbf       ?AddRef@XDataObject@COleControl@@UAGKXZ 5f51ccbf f ctldata.obj
 0001:0001bcdc       ?Release@XDataObject@COleControl@@UAGKXZ 5f51ccdc f ctldata.obj
 0001:0001bcf9       ?QueryInterface@XDataObject@COleControl@@UAGJABU_GUID@@PAPAX@Z 5f51ccf9 f ctldata.obj
 0001:0001bd1e       ?GetData@XDataObject@COleControl@@UAGJPAUtagFORMATETC@@PAUtagSTGMEDIUM@@@Z 5f51cd1e f ctldata.obj
 0001:0001bd65       ?GetDataHere@XDataObject@COleControl@@UAGJPAUtagFORMATETC@@PAUtagSTGMEDIUM@@@Z 5f51cd65 f ctldata.obj
 0001:0001bdac       ?QueryGetData@XDataObject@COleControl@@UAGJPAUtagFORMATETC@@@Z 5f51cdac f ctldata.obj
 0001:0001bdef       ?GetCanonicalFormatEtc@XDataObject@COleControl@@UAGJPAUtagFORMATETC@@0@Z 5f51cdef f ctldata.obj
 0001:0001be36       ?SetData@XDataObject@COleControl@@UAGJPAUtagFORMATETC@@PAUtagSTGMEDIUM@@H@Z 5f51ce36 f ctldata.obj
 0001:0001be81       ?EnumFormatEtc@XDataObject@COleControl@@UAGJKPAPAUIEnumFORMATETC@@@Z 5f51ce81 f ctldata.obj
 0001:0001bec8       ?DAdvise@XDataObject@COleControl@@UAGJPAUtagFORMATETC@@KPAUIAdviseSink@@PAK@Z 5f51cec8 f ctldata.obj
 0001:0001bf64       ?DUnadvise@XDataObject@COleControl@@UAGJK@Z 5f51cf64 f ctldata.obj
 0001:0001bfd4       ?EnumDAdvise@XDataObject@COleControl@@UAGJPAPAUIEnumSTATDATA@@@Z 5f51cfd4 f ctldata.obj
 0001:0001c04d       ??0CControlDataSource@COleControl@@QAE@PAV1@@Z 5f51d04d f ctldata.obj
 0001:0001c081       ?OnRenderGlobalData@CControlDataSource@COleControl@@MAEHPAUtagFORMATETC@@PAPAX@Z 5f51d081 f ctldata.obj
 0001:0001c0bd       ?OnRenderFileData@CControlDataSource@COleControl@@MAEHPAUtagFORMATETC@@PAVCFile@@@Z 5f51d0bd f ctldata.obj
 0001:0001c0f9       ?OnRenderData@CControlDataSource@COleControl@@MAEHPAUtagFORMATETC@@PAUtagSTGMEDIUM@@@Z 5f51d0f9 f ctldata.obj
[...]
FIXUPS: cce3 18 2a 177 13 13 bf 13 13 56 13 13 9e 13 13 107 74 30 91 3e
FIXUPS: d374 13 30 ffffeb63 11 c2 72 65 128 55 4f 46 76 4f 3f 86 49 2f
FIXUPS: c4ee 1b 16 2c 42 3f 38 23 ae 34 80 2d 47 7c 47 99 73 ffffeafb 76
FIXUPS: b55d 9d 59 19a 56 3b 1a 11 12 35 93 11 23 77 46 8c 3a 19 28 20
FIXUPS: bbac 4a 55 51 12a 52 6e 11 18 11 fffff0b4 b0 12 f f 3b a 13 49
FIXUPS: b12e 4c 22 14 24 25 23 71 1d 1d 11 12 66 45 b c 26 11 11 45 14
FIXUPS: b464 4b 5e1a e 29 19 40 17 a e 1b 3a 13 12 19 13 6a6a8 fff8f244
FIXUPS: ad49 29 7e 2c e e e e e e e 1c 85 14 16 14 6602 1d 17 23 17 1d
FIXUPS: 11601 23 17 1d 18 23 17 1d 17 23 fffff948 14 39 d6 18 53 a 12 7
FIXUPS: 1120b 10 4e 16 19 16 11 11fa 12 f 20 14 15 1f 12 39 40 69519 fff95c36
FIXUPS: 11739 1c 21 15 16 1d 1b 21 15 fffffc3d 1d a 10 23 1f 18 14 1d 17
FIXUPS: 11548 ba1 16 a 8 e 70 1e 8 3b 19 15 15 46 14 35 1b 24 13 35 4f
FIXUPS: 123b0 15 27 d 1d 17 13 17 20 18 e d fffff71d 2e d 35 71 d 32 b
FIXUPS: 11d3f d 5c 8e 6a 24 19 65 12 10 23 1f 1b 18 18 e 19 14 3a 14 13
FIXUPS: 120a0 39 a 69b6a 9 b 8 b fff95bc4 27 84 26 d 2e 27 3c 25 29 1b
FIXUPS: 11a30 19 34 19 20 c a 2a 15 c 19 16 15 17 2c 1d 69f60 8 b 8 b 8
FIXUPS: 7bb54 8 b 8 b 8 b 8 b 8 b 8 b 8 b 8 b 8 b 8 c 9 9 b 8 c fff97aa0
FIXUPS: 136f6 13 2e 13 34 c f f 5c 1d 14 13 e 1c 25 b 12 13 2e 13 34 c
FIXUPS: 13957 f 4c 1a 16 68112 9 b 8 fff97709 13 13 22 4c 1a 15 1a 16 49
FIXUPS: 1336f 16 46 1a 18 38 46 1a 51 46 1a 16 46 1a 34 56 1d 14 13 e 1c
FIXUPS: 136d9 fffff5b4 3d 48 2c 29 f 47 12 12 46 12 12 46 1a 12 46 1a b
FIXUPS: 12f9c 49 1a 15 47 4c 1a 15 3d 20 79 1a 15 26 fffff521 f 4e 14 59
FIXUPS: 12810 11 71 68 1c 15 2a 3c 1c 15 2a 12 12 46 1b b 6 34 6 40 26
FIXUPS: 12b83 8d 8 8 41 f 692cf b 8 b 8 b 8 b 8 b fff9a125 13 1d 20 20
FIXUPS: 1614b 20 20 20 20 20 20 13 1d ffffc423 25 f 33 f 10 6 f 69716 b
FIXUPS: 7be22 b 8 b 8 b 8 b 8 b 8 b 8 b 8 b 8 b 8 b 8 b 8 b 8 b 8 b 8 b
FIXUPS: 7bcdb 8 b 8 9 b 8 9 9 c c 9 c b 8 b 8 b 8 b 8 b 8 b 8 b 8 b 8 b
FIXUPS: 7bdfc b fff9a107 2a 15 16 8 26 17 16 8 e a 15 16 8 c a 15 16 8
FIXUPS: 16066 a 13 17 65bea b 8 b 8 b 8 b 8 fff99d68 1a b 1a 3b 46 1a 36
FIXUPS: 15b8e 1a 36 46 1a 31 46 1a 31 46 1a 36 46 1a 31 35 13 1a 19 7 7
FIXUPS: 15ec9 7 7 fffff510 31 46 1a 36 46 1a 3a 46 1a 3a 46 1a 36 46 1a
FIXUPS: 1571e 46 1a 31 46 1a 2e 46 1a 2e 46 1a 31 46 1a 36 fffff4a7 18
FIXUPS: 14efd 1a 15 2a 4c 1a 15 20 40 49 12 12 46 12 12 46 1a 12 46 1a
FIXUPS: 1521e d 35 46 1a 31 46 1a 36 46 fffff74c f c c f 24 c f f c c f
FIXUPS: 14bdb c f f c 16 f 4c 12 12 46 12 12 46 17 12 49 1a 3d 18 fffff9f2
FIXUPS: 1483c b b d b d b d b d 54 13 88 15 b d c 8 30 15 3b 8 f 33 a 7
FIXUPS: 14ab9 14 8 29 c fffffb29 7 b 12 10 18 11 c 28 14 1b 9 6 12 16 1b
FIXUPS: 14752 7 7 b 13 10 7 14 8 e 19 c f f c c fffff951 2b 2c 7d 13 19
FIXUPS: 14294 2d 16 f 1b 23 13 25 78 6d c f 51 c f 4a 10 59 c f 2b c f
FIXUPS: 145f2 24 c fffff5f5 16 19 41 9a 11 1b e8 12 12 46 12 12 46 17 12
FIXUPS: 13f78 1a 1f 49 1a 8 19 3e f 16 1a 1a a 1d f 4f 2817 b 27 3b 55
FIXUPS: 16a3f 65565 b 8 b 8 b 8 9 9 b 8 9 b fff9aa58 ffffd003 12 b b b
FIXUPS: 13aaf 3a 22 5b f 4d 1e 2686 5a 9b 9e 22 42 15c 12 12 46 12 12 46
FIXUPS: 166a7 12 49 1a 21 4c 4f 42 21 19 c 8 e 1a 15 49 1a 1d 21 2de 22
FIXUPS: 16c59 16 8 20 5e aa 15 12 c c 1e 41 40 72 26 2f d 13 13 1f 39 74
FIXUPS: 17069 49 1b 40 57 3b 17 fffff0a5 65fb4 fffdc73a 1f 21 2389b b fffdc78c
FIXUPS: 589ce 44 c f 23817 b fffdc7fc fffefe90 40 20 60 20 fffce0d8 11
FIXUPS: 16afa 35 31 d 10 13 12 25 27 d 10 419b6 18 9 b 21 19 16 23b87 b
FIXUPS: 58696 2d 30 13 14 b 21 22 23a7c b fffdc5e8 12 13 25 3d 16 11 13
FIXUPS: 588ac b 21 22 2390a ffffff60 b fffdc087 3d 35 13 14 b 21 22 23ea7
FIXUPS: 7c18f fffdc1a7 34 14 34 13 14 b 21 22 23d7d b fffdc2d7 2d 1a 30
FIXUPS: 5852c 13 13 1d 3f fffff6bd 35 15 21 12 10 1b 30 28 36 79 40 2d
FIXUPS: 57f56 55 3f 13 14 b 21 22 240e5 b fffdbf67 3d 1a 24 13 14 b 21
FIXUPS: 581a6 23f7e b fff9b0a4 18 3b 13 34 405b8 10 1f 11 32 40 34 fffbf990
FIXUPS: 5795b 3a 10 1f 11 32 40 34 20 24 46 10 1f 11 32 40 34 fffffb9a
FIXUPS: 57790 e 7 d 24872 b 8 c b 8 9 9 b 8 9 9 b 8 b 8 b 8 b 8 b 8 9 b
FIXUPS: 7c108 b 8 fffdb4a0 14 16 13 16 7 13 16 17 13 1a b e 7 14 7 14 7
FIXUPS: 576f0 e 7 b e 7 b e 7 b e 7 b e fffffae6 8 d c 8 10 25 2a 57 f
FIXUPS: 57362 11 c 6 c 8 c 6 c 8 10 22 f 27 f 22 1e 2a 1c 1c 20 18 fffffa41
FIXUPS: 56f61 25 15 12 31 6f 13 13 11 12 1b 48 d f 10 11 c 6 c 8 d c 8
FIXUPS: 5718d 22 f 15 f f 57 10 fffffa1b c f 47 1e 9 2c 23 c c 9 16 9 11
FIXUPS: 56dab c f 38 9 13 25 38 9 13 25 47 d 10 c 8 d c 25339 8 b fffda6cb
FIXUPS: 5697c 5f f f 2e b 18 47 18 23 24 28 b 18 1a 8 8 38 1e 9 2c 23 c
FIXUPS: 56c2b 9 16 9 11 1e399 69 f c 1a f f 28 26 17 16 13 1d 15 17 13
FIXUPS: 751ab b e 8 c c 47 59 16 c c 24 34 6f5a b 8 fffa019b 14 12 1b 35
FIXUPS: 7c484 c b fffa0020 13 3c f 5ff8b b fff9ae44 1d 25 2e 5b 53 53 53
FIXUPS: 74ed0 12 65 f 27 16 11 1b 15 8 fffa6f9f 20 20 20 20 20 20 20 20
FIXUPS: 1c09b 20 20 20 20 20 20 20 20 20 30 40 13 1d 8a 18 41 18 6010f
FIXUPS: 7c470 fff9ff2b 30 13 5ffe6 b 8 b 8 b 8 b 8 b 8 b 8 b 8 b fff9f937
FIXUPS: 1bd9e 1d 20 20 20 20 20 20 20 20 20 20 20 20 20 fffffbc5 3f 161
FIXUPS: 1bce6 20 1b 2f 60554 c f f f f b 8 c f f f f b 8 b 8 b 8 9 b 8
FIXUPS: 7c3a5 b 8 fff9f17a 22 42 47 23 8d 4d 12 1f 15 f 24 d 4d 22 37 c
FIXUPS: 1b83d 79 23 2b 1d 25 3e 1c 27 71 2a 36 39 12 26 fffff21f 30 14
FIXUPS: 1adde 40 55 152 92 c 72 18 5c 18 b 13a 2f 37 2f 2f 1e 20 13 1b
FIXUPS: 1b3f6 10 1b 65 f 2d 20 20 1d fffff1a5 48 2f 48 1e 53 4b 49 4f 8e
FIXUPS: 1a9bd 1c 11 44 c a0 f 25 24 14 43 15 20 9 29 11 27 22 1b 10 6b
FIXUPS: 1acee fffff43f 26 4e 8 8 95 b 13 12 9 f 2b 13 f 14 19 38 7 f1 1a
FIXUPS: 1a460 c 23 13 17 c 108 10 3b 1d 25 3b fffff519 d d 20 d7 1e f 41
FIXUPS: 19d45 b a 2c 11 21 53 2f 40 a 78 ad e 6 b e 4c f 22 1b 12 6c 27
FIXUPS: 1a121 fffff3b0 12 f 1b 1c 5e c 23 8d 19 1f c 10 13 1a 68 19 1f
FIXUPS: 19770 10 13 40 5e 7 21d ef 27 8 f 8 f 8 fffff2ec 7a 44 36 38 be
FIXUPS: 1911d d 13 18 13 22 23 30 11 1a 14 f 10 14 a 10 14 10 a 12 1f 3e
FIXUPS: 1934b 67 3a 83 fffff400 d8 1b 19 9 20 12 22 11 24 16 94 9 24 f
FIXUPS: 18b3b 18 65 9 2b a 9 37 5c 13 1e 13 32 3d 3c ce 20 fffff68a 1d
FIXUPS: 1851d 1d 7 1d 7 1d 7 1d 7 1d 7 1d 7 1d 7 1d 7 1d 7 1d 7 90 15 1e
FIXUPS: 18767 7 34 1f 10 2c fffffa02 24 3d 20 3d 20 3d 23 24 1b c 2e 19
FIXUPS: 183e3 7 d 10 d 10 d 10 14 7 14 6 17 7 17 7 1c 7 1d fffff538 286
FIXUPS: 17db4 58 5 18 3d 5 12 12 12 12 f f 34 15 23 20 9 22 30 19 6c 5a
FIXUPS: 180b8 13 24 14 10 55 87 8 fffff352 12 f b b e 1b 12 e e e e e e
FIXUPS: 1761d e e e e e e e e e e 12 12 18 31b 8 8 8 4b4e 31 22 1d 25 3b
FIXUPS: 1c666 12 b4 28 b9 13 1e 13 1e 13 41 13 36 13 82 13 1e 13 53 13
FIXUPS: 1ca81 13 5fa30 b 8 b fffa0dcd 18 13 35 12 18 2c d 13 18 13 22 18
FIXUPS: 1d45a 15 15 33 25 11 13 13 66 5 34 14 5 18 18 13 1d 5eec9 b fffa0713
FIXUPS: 1cc3a 44 54 1d 25 1f 47 47 43 47 4b 8a 80 79 3f 3f 3c 3c 37 20
FIXUPS: 1d1a9 d 13 18 13 33 d 13 1e 2a d 137a 51 d 9 59 21 2e 21 2c 16
FIXUPS: 1e7d9 d 9 59 21 15 2e 40 f 1e 9 12 15 58 1e 28 1f 5db0e b fffa0683
FIXUPS: 1cbc1 32 1454 25 4a 41 4e e b4 8 1d e 2f 2e 6a 1b 47 51 1d 19 21
FIXUPS: 1e42b 16 21 2c 16 51 d 9 59 21 2e 21 2c fffff2af 18 19 1e 10 13
FIXUPS: 1d934 15 14 31 89 77 77 77 62 c 15 3d c 15 4f 14 46 46 41 c0 18
FIXUPS: 1deb5 20 dd 2e 18 1184 2c 36 56 13 32 13 1b 31 1d 5d23f 9 b fffa24ed
FIXUPS: 1ea5e 1b 61 13 8f b 24 21777 5 15 8 fffdd327 22 a3 35 1d f9 15
FIXUPS: 7c5a2 8 b fffa4436 13 ffffe1f7 10 26 3c 4a 10 1e 10 25 13 38 10
FIXUPS: 1edb7 1d 6e 10 14f 31 16 11 1e f 33 68 36 13 2a 141a 48 3d 24 f
FIXUPS: 20614 19 6f 5c a 9 22 9 34 c 4d 1d 25 76 33 1d 38 51 54 5bbae 8
FIXUPS: 7c569 8 b 8 b 8 fffa363b c 2e a 175 31 62 66 22 28 13 13 73 69
FIXUPS: 1ffeb 43 2d 45 8c 45 52 59 1d 25 38 71 30 84 66 48 30 10 5b6 4c
FIXUPS: 20ad6 2a 22 28 17 20 14 10 16 5ba0c b fffa2d41 84 20 20 29 69 f6
FIXUPS: 1f569 16d 3f 2b5 26 f 11 8 168 b 1f 1f 21b6 13 b1 6f 7a 13 23 30
FIXUPS: 7c5e4 b 8 b 8 b 8 b 8 b 8 b fffa595d 13 1d 20 20 13 1d 13 1d 24
FIXUPS: 220bb 24 fffff676 15 29 88 23 15 36 14 2c 15 13 13 89 4b c1 21
FIXUPS: 21b06 36 38 15 29 56 1b 23 50 15 1a 31 11 9 3d 21 fffff365 4d 1b
FIXUPS: 2115e 13 19 15 4a 13 57 13 54 13 1e 13 37 52 f a5 2c 28 53 c1 21
FIXUPS: 21606 11 1f 31 23 2a 33 36 5af9e a fffa456b 26 5a 15 15 5f 39 2d
FIXUPS: 20dd3 28 20 34 1e 13 2e 1f 23 11 15 2f 1d 27 18 16 39 1c 11 30
FIXUPS: 2106f 23 1893 3b 39 26 80 1a 13 1d c 1e 53 37 10 13 13 cb c f 95
FIXUPS: 22cf8 c 1a0 13 597ad b 8 b 8 b 8 b 8 fffa5a53 1d 25 3e 1a 10 6b
FIXUPS: 22235 40 34 17f 3d 10 89 2f 72 a 72 43 18 13 27 68 2e 37 31 31
FIXUPS: 2280d 42 21 46 1a 744 24 b 17 e 14 66 75 21 7 11 60 58 73 68 1c
FIXUPS: 23348 8d 46 12 16 10 b c 20 19 12 5921f b b c b fffa9c80 13 16
FIXUPS: 263bd 13 b 18 11 20 10 19 19 c 5d 16 9 14 9 f 8 1f 4b 56188 b 8
FIXUPS: 7c730 b fffa686c 33 13 c 9 2f97 13 16 13 1e 13 13 29 24 13 16 13
FIXUPS: 260c0 13 13 2d 42 13 1e 13 13 22 19 f 6 3d 31 2d 2d 2d 2a 30 fffff8d5
FIXUPS: 25c33 13 42 13 16 13 1e 13 13 40 13 16 13 1e 13 1e 13 1e 13 13
FIXUPS: 25e6e 13 16 13 1e 13 22 13 1e 13 13 fffff96e 13 16 13 1e 13 13
FIXUPS: 25984 13 16 13 1e 13 13 40 13 16 13 1e 13 13 42 13 16 13 1e 13
FIXUPS: 25b86 40 13 16 13 fffff936 1e 13 13 42 13 16 13 1e 13 13 40 13
FIXUPS: 256a7 13 1e 13 13 42 13 16 13 1e 13 13 42 13 16 13 1e 13 13 fffff936
FIXUPS: 251f8 13 16 13 1e 13 13 42 13 16 13 1e 13 13 40 13 16 13 1e 13
FIXUPS: 253fa 42 13 16 13 1e 13 13 40 13 16 fffff938 13 1e 13 13 40 13
FIXUPS: 24f1d 13 1e 13 13 42 13 16 13 1e 13 13 40 13 16 13 1e 13 13 42
FIXUPS: 2514b 16 13 1e 13 fffff829 13 7d 13 1e 13 1e 13 1e 13 1b 1d 9f
FIXUPS: 24c13 38 38 2f 13 16 13 1e 13 13 40 13 16 13 1e 13 13 42 13 fffff7dd
FIXUPS: 24637 21 18 21 c 15 1d 2f 3e 13 18 10 36 16 22 2f 13 18 13 1e 13
FIXUPS: 248a0 20 13 1e 13 42 26 13 1e 13 fffff79d 13 21 4c 22 f f 11 e
FIXUPS: 2424f 11 15 1c 48 ab 13 a1 13 1e 14 19 5e 13 1b 3b f 25 13 1e 13
FIXUPS: 245f3 13 fffff600 11 47 17 16 13 12 13 12 13 17 af 13 1e 13 44
FIXUPS: 23e76 29 e 41 25 13 21 1b da 13 35 13 54 13 1e 13 fffff635 e c0
FIXUPS: 2384b f 5c 13 34 30 10 c 4c 12 31 47 21 25 13 16 29 13 18 13 1e
FIXUPS: 23b26 58 14 14 1a 12 11 12 58e63 b 8 b 8 b 8 b 8 b a fffae8a2 13
FIXUPS: 2b38b 20 20 20 ffff80f2 8 15 18 1f 2d 5a 10 48 1f 4f 2a 10 22 10
FIXUPS: 7c92a 8 b 8 b 8 b 8 b 8 b 8 b 8 b 8 b 8 b 8 b 8 b 8 b 8 b 8 b 8
FIXUPS: 7ca47 8 fffffd91 c f f f f b 8 b 8 b 8 b 8 b 8 b 8 b 8 b 8 b 8
FIXUPS: 7c8de 8 b 8 b 8 b 8 fffae6d7 2d 24 11 181 1d 13 14 1b 9 8 15 13
FIXUPS: 2b284 21 66 13 1d 51409 b 8 c f f f f b 8 9 9 9 b fffae4a1 1a 13
FIXUPS: 2acc2 1a 1c 25 21 12 e 1e 20 1a 13 1c 1a 1c 25 21 12 e 1e 20 1a
FIXUPS: 2aeec 1c 1a 1c 25 21 12 e fffff98c 13 1c 1a 1c 25 21 12 e 1e 1e
FIXUPS: 2aa51 13 1c 1a 1c 25 21 12 e 1e 1e 1a 13 1c 1a 1c 25 21 12 e 1e
FIXUPS: 2a5e0 1c 1a 1c 25 21 12 e 1e 1e 1a 13 1c 1a 1c 25 21 12 e 1e 1e
FIXUPS: 2a80f 13 1c 1a 1c 25 21 12 e 1e 1e fffff924 59 12 8 44 2a 1d 1b
FIXUPS: 2a371 1a 13 1c 1a 1c 25 21 12 e 1e 1e 1a 13 1c 1a 1c 25 21 12 e
FIXUPS: 2a595 1e 1a fffff73a 4b 29 a 1d 12 8 12 d 16 13 1a 20 2f 51 59
FIXUPS: 29f2a b 21 40 3b 60 12 8 58 40 3b 61 14 b 21 40 fffff506 3b 59
FIXUPS: 297b3 b 21 40 3b 59 12 8 48 40 3b 59 19 b 21 40 3b 59 12 8 58 40
FIXUPS: 29bef 59 8 10 b 21 40 fffff418 21 40 3b 59 12 8 44 40 3b 59 15
FIXUPS: 2932b 21 40 3b 59 12 8 44 40 3b 59 15 b 21 40 3b 59 12 8 44 fffff42d
FIXUPS: 28b04 8 4d 40 3b 59 16 b 21 40 3b 59 12 8 4c 40 3b 59 15 b 21 40
FIXUPS: 28f39 59 12 8 44 40 3b 59 15 fffff1e2 18 15 46 4b 1a 32 39 15 63
FIXUPS: 28482 27 25 75 85 1a b3 49 14 13 3e 8f 33 52 f0 3b 59 17 b 21 40
FIXUPS: 28a99 fffff3dc 34 79 20 4e 1a 11 13 1b 2c 1b 2b c f c d 16 e 18
FIXUPS: 28117 1a 13 13 47 9 27 10 2c 11 10 3d 42 fffff6b2 26 9c 28 38 13
FIXUPS: 27aaa 6 2c 6 14 6 58 1a 8 1c 13 21 22 8f 17 2a 54 a 24 31 e 2d
FIXUPS: 27db9 19 64 1a fffff6a0 1d 1d 25 3e 1a 13 13 90 4e 1a 13 13 40
FIXUPS: 27738 12 b 10 e 10 1b 17 a 2e 2e 2f 2a 1d 1b 39 13 51 fffff66a
FIXUPS: 26fd2 29 11 17 34 80 21 33 19 12 28 1e 33 52 13 dd 13 1d 5c 1d
FIXUPS: 273cf 8 18 2b 13 1c 13 1d 12 44 1a fffff63d e 17 2b 15 11 9 11
FIXUPS: 26bbe 15 c f 1d 3a 11 15 c 51 56 19 77 17 a6 7f 1c 42 5 12 12 12
FIXUPS: 26f95 f fffff7f3 f 1f 1b 1f d e 21 2b f 12 1b 26 12 2e 12 12 87
FIXUPS: 269df e 1d 40 16 11 8 9 24 16 1d b 10 1e 5604b 8 9 b a 8 b 8 9
FIXUPS: 7cbb0 9 b 8 b 8 b a fffb14f7 ffff84f4 7b 2c a 27 19 9 8 13 10 2c
FIXUPS: 2673d e 21 7652 2b 2b c 32 17 14 7 14 6 d 4f 10 14 13 29 ab 2f
FIXUPS: 2e05a 4ea6a b 8 b a 8 b a 8 17 b 8 17 fffb0eb4 6 f 57 c f 20 29
FIXUPS: 2dae2 f 65 11 8 9 a d 8 9 a 13 11 13 13 8 62 1a 13 45 79 34 1f
FIXUPS: 2dda5 fffff6e6 31 2c f 6e 20 13 13 13 5a 1a 13 bf ea 29 1b 13 1e
FIXUPS: 2d876 13 c 33 a 13 1a 32 c f 44 c f 46 fffff5f3 43 1a c 15 2f 2e
FIXUPS: 2d0f1 3f 1a c 15 2f 2e 2e 2e 2e 2c 1b 18 40 1b 18 4e 1f 1f 1b 1d
FIXUPS: 2d40d 3e 1a 13 fffff471 19 3f 18 d c 3b 19 90 19 15 54 37 16 38
FIXUPS: 2cb7f d 1f 19 26 c d 112 1c 3c 156 32 25 18 13 13 5d fffff4bf 7
FIXUPS: 2c4a1 13 11 23 13 19 7 1c 18 1a 23 25 5e 17 1f 3f c 8b 19 2c 21
FIXUPS: 2c794 1f 30 2a 2f b 17 27 29 fffff6f4 13 1f 1b 1b 17 6f 5f 24 c
FIXUPS: 2c130 2c 37 1e 1c 3c 18 d c 3b 19 48 24 c 11 2c 37 1e 1c 3c 44
FIXUPS: 2c459 fffff6f3 1b d c 1b 15 17 61 1b 42 76 1b d 1b 1d 1c 1c 33
FIXUPS: 2bdde 3e 13 15 c d 36 32 1d 1c 1f 40 21 11 fffff717 13 1f 32 22
FIXUPS: 2b7a0 32 3d 86 13 25 2a 44 5d b 1f 20 14 c 9 10 13 13 15 16 11
FIXUPS: 2ba90 13 32 a 2f a 4620 1e 32 1d 4ca5f c b 8 b 8 b fffae7e7 22
FIXUPS: 2b4d7 34 b 1b 19 1f 9 21 24 15 9 11 13 13 15 1c 18 13 25 45b6 59
FIXUPS: 2fcaf 10 4f 3e 13 1e 13 1e 13 63 35 16 15 2e 47 5a 32 1d 3d 13
FIXUPS: 30010 13 1e 13 1e 13 33 26 13 1e fffff55f 38 13 36 13 24 13 78
FIXUPS: 2f7c4 1e 13 48 13 10 121 16 15 19 1b 15 18 41 47 13 32 10 11 1a
FIXUPS: 2fb2b 4c 13 33 fffff3a9 15 15 c 2e 1b 40 40 6 2d 39 33 12 14 1a
FIXUPS: 2f197 35 24 b2 13 1e 13 5d 13 24 2a 70 1c 12d 39 a9 15 fffff3a8
FIXUPS: 2ea12 4a 3b 13 13 1a f 8e 18 2b 38 13 1e 13 30 37 14 26 31 f0 9
FIXUPS: 2ee14 14 e 78 13 18 13 1e 13 32 fffff62d 15 3d 13 16 22 3a 1a 13
FIXUPS: 2e6ba 2b 13 54 13 43 5a d 13 18 13 5b 13 39 2d 1d 13 13 13 13 19
FIXUPS: 2e9cb 18 4e284 b 8 b fffb14c0 24 10 1c 4f d 10 18 10 35 6e 23 10
FIXUPS: 2e335 41 10 3f 37 2f 13 47 20 26 1e 3a 1d 21 c 4e775 b 8 b fffb34e3
FIXUPS: 30200 25 57 90 20 6c 7 16 43 26 2e 50 55 1d 28 3a 4e 1c 37 4d 1d
FIXUPS: 306bd 3e 3e 6e 4c4ad b fffb3ce6 33 54 4e 7 16 2a 1d 25 9a 27 1c
FIXUPS: 30b9f f 13 13 43 5e 7 18 66 4e 7 16 4bf2f b 8 b 8 b 8 c fffb56e5
FIXUPS: 3241b 78 12 4a86f 9 b b 9 b b 9 b fffb4024 1b 51 10d 18 3b 14 ec
FIXUPS: 310b3 24 28 37 fffff6bd 1d 25 90 13 12 48 12ec 1a e1 23 13 2e 28
FIXUPS: 31dcf 31 db 9d 12 4b 1b b8 76 58 1b 3d 1b 4e 3e 38 1b 23 17 8 10
FIXUPS: 32336 17 4a e fffff17f c 6 25 13 55 13 42 16 18 10 c 6 42 b 18
FIXUPS: 3176d 3b 1af 44 5f 50 12 49 35 66 21 4c 26 17 8 10 1261 b b 8 8
FIXUPS: 32e92 8 9 8 9 2b 8 b 12 3e 8 5d 22 2b 49d82 8 9 b fffb453d 155
FIXUPS: 3148c 14 20 17 1c 19 c 14d6 1b 3e 29 16 20 56 10 9 c f 1f 7b 43
FIXUPS: 32c1a 35 8 8 2b 22 9 14 1c 1e 62 11 28 10 20 28 37 2e fffff7cf
FIXUPS: 32638 18 9 3e b 8 9 10 a 9 16 9 27 10 7b b 83 32 2a 68 b 8 9 14
FIXUPS: 32933 9 16 9 5f d b 8b8 37 b 10 c 10 a 8 1c b 13 1b 5f 2d 48 54
FIXUPS: 3350f 14 25 13 13 49836 9 b 8 b a fffb5764 2a 2a 20 41 4a81b c
FIXUPS: 7ce20 b c c b 8 b 8 b 8 b b b b b b b fffb91e2 13 1d 13 ffffd049
FIXUPS: 33154 25 3b 16 2a 9 18 2d 2843 22 18 12 43 1f 30 24 1f 42 15 37
FIXUPS: 35c49 d3 29 31 15 13 65 1c 11 62 9c c cf 14 36 14 f 46d71 c b fffb8712
FIXUPS: 35547 12 2e d 4b 26 1d 2d a2 9a 12 3b 1a 30 24 14 38 19 37 19 3b
FIXUPS: 35969 15 1a 1e 12 16 1c 3f 18 1b fffff672 f c c 22 1b 4b f 10 c
FIXUPS: 351d0 26 c 11 13 1a 2c 64 5d 49 1f 33 1b 39 31 12 19 1d 10 20 11
FIXUPS: 354f3 fffff5a8 15 1e 1e 1e 1c 39 18 1b 19 22 18 34 38 2c 15 5c
FIXUPS: 34d03 13 65 1c 19 25 53 b0 56 c 107 1c 1e f e ffffe969 1d fb 13
FIXUPS: 33b47 1b9 250 312 31 67 1b f2 200 24 191 14 f 7b 14 f 73 f f 12
FIXUPS: 34996 1a 20 24 1f 20 29 24 2621 29 10 13 1a 1d c 39 7 15 52 1f
FIXUPS: 3721f 10 13 1a 43 2c 45c09 b 8 9 b 8 9 b fffb6996 18 28 22 36 9f
FIXUPS: 36b34 13 1e 13 1b 2e 61 13 17 12 25 2b 58 13 16 13 1e 13 1e 13
FIXUPS: 36dbf 57 a0 2b 43 1d 25 62 4e 7 16 4f fffff586 6a c 21 14 2c 6d
FIXUPS: 36752 2e 14 16 ec 13 16 13 1e 13 1b 41 16 2c 22 21 22 1a 25 64
FIXUPS: 36abc 16 13 1e 13 b63 7 12 a8 f1 20 13 1d fffffa75 20 43 61 39
FIXUPS: 3742e 41 45 ffffec57 76 1c 15 15 225 f0 13 16 13 18 13 1e 13 2b
FIXUPS: 365dc 221f 53 f 1b 1c 8 35 53 5a 2d f 33 3d 444fa b a 8 b fffbbb0f
FIXUPS: 38a6e 1d ffffea69 5 14 12 11 44 4b 20 1d 25 39 c5f 1c 54 19 23
FIXUPS: 38378 4e 20 13 5d 47 1b 13 58 68 41 19 f 1b 1c c 28 12 5d 55 f
FIXUPS: 38749 8 12 1c 18 1c 1818 ffffd901 12 27 33 1f 46 f3 14 12 bf 9c
FIXUPS: 37c76 1d 25 e5 11 116 39 2a 4f a7 59 51 39 2a 4f 59 6a 45 f 17
FIXUPS: 7cf63 f 18 b 8 b 8 b 8 b 8 9 b fffbce71 13 3f f 43138 b fffbcf07
FIXUPS: 39f18 12 f 430db f f b fffcba49 11 ffff14d4 30 13 fffff93b 17 13
FIXUPS: 3992d 16 c 37 f 39 1fe 28 38 10 2d 1b 26 e 33 12 11 c 5 20 f 2f
FIXUPS: 39dd2 6 10 23 13 1d 43119 fffbc669 10 22 a 10 1e 1b 19 1e 1a 16
FIXUPS: 396bf 11 19 1e 42 10 13 c 5b 18 15 1e 1e 13 c 16 c 12 17 13 1a
FIXUPS: 39141 17 77 3c 17 13 20 2a 53 17 15 13 22 1b 13 13 1b 1b 4a 17
FIXUPS: 3941e 20 2a 5a 16 11 13 13 15 3e 2b 9 fffff797 8 29 54 15 12 20
FIXUPS: 38e0b 64 13 2e 17 8 1b 41 15 8 f 22 18 12 2e 18 28 23 54 25 11
FIXUPS: 390d1 11 17 e 441d7 b fffbf632 13 1d 20 24 6c 13 c0d8 11 ffff3f54
FIXUPS: 38aab 6b b 18 17 18 19 13 13 2c 27 c 44 f 37 f 11 18 9 22 444f0
FIXUPS: 7d1fa b 8 b 8 b b 9 b 8 b 8 b fffbf57b 13 1d 20 42 12 12 12 12
FIXUPS: 3c8d7 12 f 4098c f f f f f fffffddf b 8 b 8 9 b 8 9 9 b 8 9 b 8
FIXUPS: 7d13c 8 b 8 9 9 b 8 c c b 8 c b a 8 b fffbf3b9 1a b 29 1c 20 1b
FIXUPS: 3c667 e c 12 10 10 f 7 f 7 11 c 5 20 f 2f 55 6 10 4088a f f f f
FIXUPS: 7d09f fffbf1ce 15 23 2a 19 8 11 1b 12 12 23 f 40 16 18 c d 16 18
FIXUPS: 3c433 10 11 18 d 15 2f 1d 28 29 f 26 b fffffa10 c a 9 8 3d f 8
FIXUPS: 3bffe 11 11 10 12 1a f 17 1a 13 12 8 15 13 99 1d f 12 1b c 12 25
FIXUPS: 3c24a 8 fffff9ae 2a 20 20 17 e 24 49 25 17 3e 19 8 11 1b 12 8 f
FIXUPS: 3be1a e 11 1b 12 8 13 20 13 1b 20 60 12 8 fffff7aa b 1f c 13 17
FIXUPS: 3b799 1c 35 13 c 15 36 25 73 d7 1f 37 1a 18 1a 53 1a 14 8 2f 24
FIXUPS: 3bb7b 24 26 d 19 fffff62c e f 15 2f 1d 1f 29 c c f 32 c0 b9 12
FIXUPS: 3b4d0 1d 13 52 f f 4b 25 17 13 39 32 18 15 45 11 13 fffff845 19
FIXUPS: 3af78 a 15 9 1a 38 93 17 8 f 17 13 8 f 17 13 8 f 17 13 8 f 17 e
FIXUPS: 3b1ac 13 11 15 c f fffff818 4d 17 13 20 2a 53 12 8 44 a 2c 1b8
FIXUPS: 3ad9d 1b 35 a 1a 17 d 12 10 10 f 7 f 7 f 30 21 3a e fffff5e2 17
FIXUPS: 3a5b6 12 12 f d 15 1a 11 ba 16 e f 52 14 13 20 2a 5a 16 11 13 13
FIXUPS: 3a8a2 39 c 2a 25 42 21 70 fffff839 28 c 25 c 25 c 2d 37 16 8 11
FIXUPS: 3a373 e c f f 9 24 c c f 46 18 18 17 18 14 19 25 c 8 42ecb c c
FIXUPS: 7d3f8 fffc0823 13 1d b b 3c f 3f758 b fffcb737 11 ffff5184 ffffc349
FIXUPS: 3a039 12 12 12 12 12 12 30 9 4e 33 9 f ac 13 3895 1b 26 11 c 5
FIXUPS: 3db4e f 2f 55 6 10 3f6fd f b 8 f f b 8 b 8 b 8 b b b b c c c c
FIXUPS: 3d807 d c c b f f 1b f f 12 32 10 1a 33 43 45 8 23 2f d 10 b 11
FIXUPS: 3da52 8 f 1e 8 9 a 9 fffffadf f 11 11 18 f 12 17 1e 6 21 f 57 14
FIXUPS: 3d6da d c c b f f f f f 12 1a 23 13 10 f f 12 fffff7c7 13 15 64
FIXUPS: 3d060 4c f 15 22 f 5d 33 b a3 3f 1f 9 34 47 20 2e b 21 18 7a 57
FIXUPS: 3d4e7 49 17 b 14 d fffff675 d 8 27 18 10 12 17 12 17 10 17 a 3a
FIXUPS: 3cd1c 3b 53 17 15 10 22 22 10 13 1b 1a 6b 13 2a 5a 16 11 1135 1a
FIXUPS: 3e115 1c 15 16 a 17 29 11 c 2f 20 20 6d 3b 1e 2d 38 25 3f0a2 b
FIXUPS: 3e3ab 13 ffffe6f6 15 12 9d 12 f 2c 8 40882 8 b 8 b 8 b fffc08a5
FIXUPS: 3dd3e 14 b c a 1d f 31 15 4b 13 15 a7 3c 8e 2d 14 11 1b 60 18 10
FIXUPS: 3e0c9 d 34d 2c 27 35 35 35 20 1e 2b 29 2d 110 1b 47 1f 3a f 26
FIXUPS: 3e7e3 29 21 37 17 4f 17 3b 1c 1c 1c 1c 1c 3ea9c

 1221 bytes saved through ICF

